Component: ARM Compiler 5.06 update 7 (build 960) Tool: armlink [4d3601]

==============================================================================

Section Cross References

    startup_stm32f427xx.o(RESET) refers to startup_stm32f427xx.o(STACK) for __initial_sp
    startup_stm32f427xx.o(RESET) refers to startup_stm32f427xx.o(.text) for Reset_Handler
    startup_stm32f427xx.o(RESET) refers to stm32f4xx_it.o(i.NMI_Handler) for NMI_Handler
    startup_stm32f427xx.o(RESET) refers to stm32f4xx_it.o(i.HardFault_Handler) for HardFault_Handler
    startup_stm32f427xx.o(RESET) refers to stm32f4xx_it.o(i.MemManage_Handler) for MemManage_Handler
    startup_stm32f427xx.o(RESET) refers to stm32f4xx_it.o(i.BusFault_Handler) for BusFault_Handler
    startup_stm32f427xx.o(RESET) refers to stm32f4xx_it.o(i.UsageFault_Handler) for UsageFault_Handler
    startup_stm32f427xx.o(RESET) refers to stm32f4xx_it.o(i.SVC_Handler) for SVC_Handler
    startup_stm32f427xx.o(RESET) refers to stm32f4xx_it.o(i.DebugMon_Handler) for DebugMon_Handler
    startup_stm32f427xx.o(RESET) refers to stm32f4xx_it.o(i.PendSV_Handler) for PendSV_Handler
    startup_stm32f427xx.o(RESET) refers to stm32f4xx_it.o(i.SysTick_Handler) for SysTick_Handler
    startup_stm32f427xx.o(RESET) refers to stm32f4xx_it.o(i.CAN1_RX0_IRQHandler) for CAN1_RX0_IRQHandler
    startup_stm32f427xx.o(RESET) refers to stm32f4xx_it.o(i.TIM1_UP_TIM10_IRQHandler) for TIM1_UP_TIM10_IRQHandler
    startup_stm32f427xx.o(RESET) refers to stm32f4xx_it.o(i.DMA2_Stream1_IRQHandler) for DMA2_Stream1_IRQHandler
    startup_stm32f427xx.o(RESET) refers to stm32f4xx_it.o(i.DMA2_Stream2_IRQHandler) for DMA2_Stream2_IRQHandler
    startup_stm32f427xx.o(RESET) refers to stm32f4xx_it.o(i.USART6_IRQHandler) for USART6_IRQHandler
    startup_stm32f427xx.o(.text) refers to system_stm32f4xx_1.o(i.SystemInit) for SystemInit
    startup_stm32f427xx.o(.text) refers to entry.o(.ARM.Collect$$$$00000000) for __main
    dji.o(i.CanTransmit_DJI_1234) refers to stm32f4xx_hal_can.o(i.HAL_CAN_GetTxMailboxesFreeLevel) for HAL_CAN_GetTxMailboxesFreeLevel
    dji.o(i.CanTransmit_DJI_1234) refers to stm32f4xx_hal_can.o(i.HAL_CAN_AddTxMessage) for HAL_CAN_AddTxMessage
    dji.o(i.CanTransmit_DJI_1234) refers to main.o(i.Error_Handler) for Error_Handler
    dji.o(i.CanTransmit_DJI_1234) refers to dji.o(.data) for .data
    dji.o(i.CanTransmit_DJI_5678) refers to stm32f4xx_hal_can.o(i.HAL_CAN_GetTxMailboxesFreeLevel) for HAL_CAN_GetTxMailboxesFreeLevel
    dji.o(i.CanTransmit_DJI_5678) refers to stm32f4xx_hal_can.o(i.HAL_CAN_AddTxMessage) for HAL_CAN_AddTxMessage
    dji.o(i.CanTransmit_DJI_5678) refers to main.o(i.Error_Handler) for Error_Handler
    dji.o(i.CanTransmit_DJI_5678) refers to dji.o(.data) for .data
    dji.o(i.DJI_CanMsgDecode) refers to dji.o(i.get_dji_offset) for get_dji_offset
    dji.o(i.DJI_CanMsgDecode) refers to dji.o(i.DJI_Update) for DJI_Update
    dji.o(i.DJI_CanMsgDecode) refers to dji.o(.bss) for .bss
    dji.o(i.DJI_Init) refers to dji.o(.bss) for .bss
    dji.o(i.DJI_Update) refers to f2d.o(.text) for __aeabi_f2d
    dji.o(i.DJI_Update) refers to dmul.o(.text) for __aeabi_dmul
    dji.o(i.DJI_Update) refers to ddiv.o(.text) for __aeabi_ddiv
    dji.o(i.DJI_Update) refers to d2f.o(.text) for __aeabi_d2f
    gm6020.o(i.CanTransmit_GM6020_1234) refers to stm32f4xx_hal_can.o(i.HAL_CAN_GetTxMailboxesFreeLevel) for HAL_CAN_GetTxMailboxesFreeLevel
    gm6020.o(i.CanTransmit_GM6020_1234) refers to stm32f4xx_hal_can.o(i.HAL_CAN_AddTxMessage) for HAL_CAN_AddTxMessage
    gm6020.o(i.CanTransmit_GM6020_1234) refers to main.o(i.Error_Handler) for Error_Handler
    gm6020.o(i.CanTransmit_GM6020_1234) refers to gm6020.o(.data) for .data
    gm6020.o(i.CanTransmit_GM6020_567) refers to stm32f4xx_hal_can.o(i.HAL_CAN_GetTxMailboxesFreeLevel) for HAL_CAN_GetTxMailboxesFreeLevel
    gm6020.o(i.CanTransmit_GM6020_567) refers to stm32f4xx_hal_can.o(i.HAL_CAN_AddTxMessage) for HAL_CAN_AddTxMessage
    gm6020.o(i.CanTransmit_GM6020_567) refers to main.o(i.Error_Handler) for Error_Handler
    gm6020.o(i.CanTransmit_GM6020_567) refers to gm6020.o(.data) for .data
    gm6020.o(i.GM6020_CanMsgDecode) refers to gm6020.o(i.GM6020_Update) for GM6020_Update
    gm6020.o(i.GM6020_Init) refers to gm6020.o(.bss) for .bss
    gm6020.o(i.GM6020_Update) refers to f2d.o(.text) for __aeabi_f2d
    gm6020.o(i.GM6020_Update) refers to dmul.o(.text) for __aeabi_dmul
    gm6020.o(i.GM6020_Update) refers to ddiv.o(.text) for __aeabi_ddiv
    gm6020.o(i.GM6020_Update) refers to d2f.o(.text) for __aeabi_d2f
    gm6020.o(i.GM6020_Update) refers to gm6020.o(.bss) for .bss
    gm6020.o(i.GM6020_Update) refers to stm32f4xx_hal.o(.data) for uwTick
    m3508_ctrl.o(i.moveToTargetPoint) refers to m3508_ctrl.o(i.trapezoidPlanning) for trapezoidPlanning
    m3508_ctrl.o(i.moveToTargetPoint) refers to f2d.o(.text) for __aeabi_f2d
    m3508_ctrl.o(i.moveToTargetPoint) refers to dmul.o(.text) for __aeabi_dmul
[...]

    ../Core/Src/can.c                        0x00000000   Number         0  can.o ABSOLUTE
    ../Core/Src/dma.c                        0x00000000   Number         0  dma.o ABSOLUTE
    ../Core/Src/gpio.c                       0x00000000   Number         0  gpio.o ABSOLUTE
    ../Core/Src/main.c                       0x00000000   Number         0  main.o ABSOLUTE
    ../Core/Src/spi.c                        0x00000000   Number         0  spi.o ABSOLUTE
    ../Core/Src/stm32f4xx_hal_msp.c          0x00000000   Number         0  stm32f4xx_hal_msp.o ABSOLUTE
    ../Core/Src/stm32f4xx_it.c               0x00000000   Number         0  stm32f4xx_it.o ABSOLUTE
    ../Core/Src/system_stm32f4xx.c           0x00000000   Number         0  system_stm32f4xx_1.o ABSOLUTE
    ../Core/Src/tim.c                        0x00000000   Number         0  tim.o ABSOLUTE
    ../Core/Src/usart.c                      0x00000000   Number         0  usart.o ABSOLUTE
    ../Drivers/STM32F4xx_HAL_Driver/Src/stm32f4xx_hal.c 0x00000000   Number         0  stm32f4xx_hal.o ABSOLUTE
    ../Drivers/STM32F4xx_HAL_Driver/Src/stm32f4xx_hal_can.c 0x00000000   Number         0  stm32f4xx_hal_can.o ABSOLUTE
    ../Drivers/STM32F4xx_HAL_Driver/Src/stm32f4xx_hal_cortex.c 0x00000000   Number         0  stm32f4xx_hal_cortex.o ABSOLUTE
    ../Drivers/STM32F4xx_HAL_Driver/Src/stm32f4xx_hal_dma.c 0x00000000   Number         0  stm32f4xx_hal_dma.o ABSOLUTE
    ../Drivers/STM32F4xx_HAL_Driver/Src/stm32f4xx_hal_dma_ex.c 0x00000000   Number         0  stm32f4xx_hal_dma_ex.o ABSOLUTE
    ../Drivers/STM32F4xx_HAL_Driver/Src/stm32f4xx_hal_exti.c 0x00000000   Number         0  stm32f4xx_hal_exti.o ABSOLUTE
    ../Drivers/STM32F4xx_HAL_Driver/Src/stm32f4xx_hal_flash.c 0x00000000   Number         0  stm32f4xx_hal_flash.o ABSOLUTE
    ../Drivers/STM32F4xx_HAL_Driver/Src/stm32f4xx_hal_flash_ex.c 0x00000000   Number         0  stm32f4xx_hal_flash_ex.o ABSOLUTE
    ../Drivers/STM32F4xx_HAL_Driver/Src/stm32f4xx_hal_flash_ramfunc.c 0x00000000   Number         0  stm32f4xx_hal_flash_ramfunc.o ABSOLUTE
    ../Drivers/STM32F4xx_HAL_Driver/Src/stm32f4xx_hal_gpio.c 0x00000000   Number         0  stm32f4xx_hal_gpio.o ABSOLUTE
    ../Drivers/STM32F4xx_HAL_Driver/Src/stm32f4xx_hal_pwr.c 0x00000000   Number         0  stm32f4xx_hal_pwr.o ABSOLUTE
    ../Drivers/STM32F4xx_HAL_Driver/Src/stm32f4xx_hal_pwr_ex.c 0x00000000   Number         0  stm32f4xx_hal_pwr_ex.o ABSOLUTE
    ../Drivers/STM32F4xx_HAL_Driver/Src/stm32f4xx_hal_rcc.c 0x00000000   Number         0  stm32f4xx_hal_rcc.o ABSOLUTE
    ../Drivers/STM32F4xx_HAL_Driver/Src/stm32f4xx_hal_rcc_ex.c 0x00000000   Number         0  stm32f4xx_hal_rcc_ex.o ABSOLUTE
    ../Drivers/STM32F4xx_HAL_Driver/Src/stm32f4xx_hal_spi.c 0x00000000   Number         0  stm32f4xx_hal_spi.o ABSOLUTE
    ../Drivers/STM32F4xx_HAL_Driver/Src/stm32f4xx_hal_tim.c 0x00000000   Number         0  stm32f4xx_hal_tim.o ABSOLUTE
    ../Drivers/STM32F4xx_HAL_Driver/Src/stm32f4xx_hal_tim_ex.c 0x00000000   Number         0  stm32f4xx_hal_tim_ex.o ABSOLUTE
    ../Drivers/STM32F4xx_HAL_Driver/Src/stm32f4xx_hal_uart.c 0x00000000   Number         0  stm32f4xx_hal_uart.o ABSOLUTE
    ../clib/microlib/division.c              0x00000000   Number         0  uldiv.o ABSOLUTE
    ../clib/microlib/errno.c                 0x00000000   Number         0  errno.o ABSOLUTE
    ../clib/microlib/init/entry.s            0x00000000   Number         0  entry11a.o ABSOLUTE
    ../clib/microlib/init/entry.s            0x00000000   Number         0  entry7b.o ABSOLUTE
    ../clib/microlib/init/entry.s            0x00000000   Number         0  entry7a.o ABSOLUTE
    ../clib/microlib/init/entry.s            0x00000000   Number         0  entry2.o ABSOLUTE
    ../clib/microlib/init/entry.s            0x00000000   Number         0  entry12b.o ABSOLUTE
    ../clib/microlib/init/entry.s            0x00000000   Number         0  entry12a.o ABSOLUTE
    ../clib/microlib/init/entry.s            0x00000000   Number         0  entry11b.o ABSOLUTE
    ../clib/microlib/init/entry.s            0x00000000   Number         0  entry10b.o ABSOLUTE
    ../clib/microlib/init/entry.s            0x00000000   Number         0  entry8a.o ABSOLUTE
    ../clib/microlib/init/entry.s            0x00000000   Number         0  entry9b.o ABSOLUTE
    ../clib/microlib/init/entry.s            0x00000000   Number         0  entry8b.o ABSOLUTE
    ../clib/microlib/init/entry.s            0x00000000   Number         0  entry.o ABSOLUTE
    ../clib/microlib/init/entry.s            0x00000000   Number         0  entry10a.o ABSOLUTE
    ../clib/microlib/init/entry.s            0x00000000   Number         0  entry9a.o ABSOLUTE
    ../clib/microlib/init/entry.s            0x00000000   Number         0  entry5.o ABSOLUTE
    ../clib/microlib/longlong.c              0x00000000   Number         0  llsshr.o ABSOLUTE
    ../clib/microlib/longlong.c              0x00000000   Number         0  llushr.o ABSOLUTE
    ../clib/microlib/longlong.c              0x00000000   Number         0  llshl.o ABSOLUTE
    ../clib/microlib/string/memcpy.c         0x00000000   Number         0  memcpyb.o ABSOLUTE
    ../clib/microlib/string/memcpy.c         0x00000000   Number         0  memcpya.o ABSOLUTE
    ../clib/microlib/string/memset.c         0x00000000   Number         0  memseta.o ABSOLUTE
    ../clib/microlib/stubs.s                 0x00000000   Number         0  iusefp.o ABSOLUTE
    ../fplib/microlib/d2f.c                  0x00000000   Number         0  d2f.o ABSOLUTE
    ../fplib/microlib/f2d.c                  0x00000000   Number         0  f2d.o ABSOLUTE
    ../fplib/microlib/fpadd.c                0x00000000   Number         0  dadd.o ABSOLUTE
    ../fplib/microlib/fpdiv.c                0x00000000   Number         0  ddiv.o ABSOLUTE
    ../fplib/microlib/fpepilogue.c           0x00000000   Number         0  depilogue.o ABSOLUTE
    ../fplib/microlib/fpepilogue.c           0x00000000   Number         0  fepilogue.o ABSOLUTE
    ../fplib/microlib/fpflt.c                0x00000000   Number         0  dfltui.o ABSOLUTE
    ../fplib/microlib/fpmul.c                0x00000000   Number         0  dmul.o ABSOLUTE
    ../fplib/microlib/fpsqrt.c               0x00000000   Number         0  dsqrt.o ABSOLUTE
    ../mathlib/sqrt.c                        0x00000000   Number         0  sqrt.o ABSOLUTE
    ../mathlib/sqrt.c                        0x00000000   Number         0  sqrt_x.o ABSOLUTE
    ..\Core\Src\DJI.c                        0x00000000   Number         0  dji.o ABSOLUTE
    ..\Core\Src\GM6020.c                     0x00000000   Number         0  gm6020.o ABSOLUTE
    ..\Core\Src\M3508_ctrl.c                 0x00000000   Number         0  m3508_ctrl.o ABSOLUTE
    ..\Core\Src\can.c                        0x00000000   Number         0  can.o ABSOLUTE
    ..\Core\Src\dma.c                        0x00000000   Number         0  dma.o ABSOLUTE
    ..\Core\Src\gpio.c                       0x00000000   Number         0  gpio.o ABSOLUTE
    ..\Core\Src\main.c                       0x00000000   Number         0  main.o ABSOLUTE
    ..\Core\Src\spi.c                        0x00000000   Number         0  spi.o ABSOLUTE
    ..\Core\Src\stm32f4xx_hal_msp.c          0x00000000   Number         0  stm32f4xx_hal_msp.o ABSOLUTE
    ..\Core\Src\stm32f4xx_it.c               0x00000000   Number         0  stm32f4xx_it.o ABSOLUTE
    ..\Core\Src\system_stm32f4xx.c           0x00000000   Number         0  system_stm32f4xx_1.o ABSOLUTE
    ..\Core\Src\tim.c                        0x00000000   Number         0  tim.o ABSOLUTE
    ..\Core\Src\usart.c                      0x00000000   Number         0  usart.o ABSOLUTE
    ..\Core\Src\wtr_can.c                    0x00000000   Number         0  wtr_can.o ABSOLUTE
    ..\Core\Src\wtr_definition.c             0x00000000   Number         0  wtr_definition.o ABSOLUTE
    ..\Core\Src\wtr_init.c                   0x00000000   Number         0  wtr_init.o ABSOLUTE
    ..\Core\Src\wtr_mission.c                0x00000000   Number         0  wtr_mission.o ABSOLUTE
    ..\Core\Src\wtr_tim.c                    0x00000000   Number         0  wtr_tim.o ABSOLUTE
    ..\Core\Src\wtr_uart.c                   0x00000000   Number         0  wtr_uart.o ABSOLUTE
    ..\Drivers\STM32F4xx_HAL_Driver\Src\stm32f4xx_hal.c 0x00000000   Number         0  stm32f4xx_hal.o ABSOLUTE
    ..\Drivers\STM32F4xx_HAL_Driver\Src\stm32f4xx_hal_can.c 0x00000000   Number         0  stm32f4xx_hal_can.o ABSOLUTE
    ..\Drivers\STM32F4xx_HAL_Driver\Src\stm32f4xx_hal_cortex.c 0x00000000   Number         0  stm32f4xx_hal_cortex.o ABSOLUTE
    ..\Drivers\STM32F4xx_HAL_Driver\Src\stm32f4xx_hal_dma.c 0x00000000   Number         0  stm32f4xx_hal_dma.o ABSOLUTE
    ..\Drivers\STM32F4xx_HAL_Driver\Src\stm32f4xx_hal_dma_ex.c 0x00000000   Number         0  stm32f4xx_hal_dma_ex.o ABSOLUTE
    ..\Drivers\STM32F4xx_HAL_Driver\Src\stm32f4xx_hal_exti.c 0x00000000   Number         0  stm32f4xx_hal_exti.o ABSOLUTE
    ..\Drivers\STM32F4xx_HAL_Driver\Src\stm32f4xx_hal_flash.c 0x00000000   Number         0  stm32f4xx_hal_flash.o ABSOLUTE
    ..\Drivers\STM32F4xx_HAL_Driver\Src\stm32f4xx_hal_flash_ex.c 0x00000000   Number         0  stm32f4xx_hal_flash_ex.o ABSOLUTE
    ..\Drivers\STM32F4xx_HAL_Driver\Src\stm32f4xx_hal_flash_ramfunc.c 0x00000000   Number         0  stm32f4xx_hal_flash_ramfunc.o ABSOLUTE
    ..\Drivers\STM32F4xx_HAL_Driver\Src\stm32f4xx_hal_gpio.c 0x00000000   Number         0  stm32f4xx_hal_gpio.o ABSOLUTE
    ..\Drivers\STM32F4xx_HAL_Driver\Src\stm32f4xx_hal_pwr.c 0x00000000   Number         0  stm32f4xx_hal_pwr.o ABSOLUTE
    ..\Drivers\STM32F4xx_HAL_Driver\Src\stm32f4xx_hal_pwr_ex.c 0x00000000   Number         0  stm32f4xx_hal_pwr_ex.o ABSOLUTE
    ..\Drivers\STM32F4xx_HAL_Driver\Src\stm32f4xx_hal_rcc.c 0x00000000   Number         0  stm32f4xx_hal_rcc.o ABSOLUTE
    ..\Drivers\STM32F4xx_HAL_Driver\Src\stm32f4xx_hal_rcc_ex.c 0x00000000   Number         0  stm32f4xx_hal_rcc_ex.o ABSOLUTE
    ..\Drivers\STM32F4xx_HAL_Driver\Src\stm32f4xx_hal_spi.c 0x00000000   Number         0  stm32f4xx_hal_spi.o ABSOLUTE
    ..\Drivers\STM32F4xx_HAL_Driver\Src\stm32f4xx_hal_tim.c 0x00000000   Number         0  stm32f4xx_hal_tim.o ABSOLUTE
    ..\Drivers\STM32F4xx_HAL_Driver\Src\stm32f4xx_hal_tim_ex.c 0x00000000   Number         0  stm32f4xx_hal_tim_ex.o ABSOLUTE
    ..\Drivers\STM32F4xx_HAL_Driver\Src\stm32f4xx_hal_uart.c 0x00000000   Number         0  stm32f4xx_hal_uart.o ABSOLUTE
    ..\\Core\\Src\\DJI.c                     0x00000000   Number         0  dji.o ABSOLUTE
    ..\\Core\\Src\\GM6020.c                  0x00000000   Number         0  gm6020.o ABSOLUTE
    ..\\Core\\Src\\M3508_ctrl.c              0x00000000   Number         0  m3508_ctrl.o ABSOLUTE
    ..\\Core\\Src\\wtr_can.c                 0x00000000   Number         0  wtr_can.o ABSOLUTE
    ..\\Core\\Src\\wtr_definition.c          0x00000000   Number         0  wtr_definition.o ABSOLUTE
    ..\\Core\\Src\\wtr_init.c                0x00000000   Number         0  wtr_init.o ABSOLUTE
    ..\\Core\\Src\\wtr_mission.c             0x00000000   Number         0  wtr_mission.o ABSOLUTE
    ..\\Core\\Src\\wtr_tim.c                 0x00000000   Number         0  wtr_tim.o ABSOLUTE
    ..\\Core\\Src\\wtr_uart.c                0x00000000   Number         0  wtr_uart.o ABSOLUTE
    cdcmple.s                                0x00000000   Number         0  cdcmple.o ABSOLUTE
    dc.s                                     0x00000000   Number         0  dc.o ABSOLUTE
    handlers.s                               0x00000000   Number         0  handlers.o ABSOLUTE
    init.s                                   0x00000000   Number         0  init.o ABSOLUTE
    startup_stm32f427xx.s                    0x00000000   Number         0  startup_stm32f427xx.o ABSOLUTE
    RESET                                    0x08000000   Section      428  startup_stm32f427xx.o(RESET)
    .ARM.Collect$$$$00000000                 0x080001ac   Section        0  entry.o(.ARM.Collect$$$$00000000)
    .ARM.Collect$$$$00000001                 0x080001ac   Section        4  entry2.o(.ARM.Collect$$$$00000001)
    .ARM.Collect$$$$00000004                 0x080001b0   Section        4  entry5.o(.ARM.Collect$$$$00000004)
    .ARM.Collect$$$$00000008                 0x080001b4   Section        0  entry7b.o(.ARM.Collect$$$$00000008)
    .ARM.Collect$$$$0000000A                 0x080001b4   Section        0  entry8b.o(.ARM.Collect$$$$0000000A)
    .ARM.Collect$$$$0000000B                 0x080001b4   Section        8  entry9a.o(.ARM.Collect$$$$0000000B)
    .ARM.Collect$$$$0000000E                 0x080001bc   Section        4  entry12b.o(.ARM.Collect$$$$0000000E)
    .ARM.Collect$$$$0000000F                 0x080001c0   Section        0  entry10a.o(.ARM.Collect$$$$0000000F)
    .ARM.Collect$$$$00000011                 0x080001c0   Section        0  entry11a.o(.ARM.Collect$$$$00000011)
    .ARM.Collect$$$$00002712                 0x080001c0   Section        4  entry2.o(.ARM.Collect$$$$00002712)
    __lit__00000000                          0x080001c0   Data           4  entry2.o(.ARM.Collect$$$$00002712)
    .text                                    0x080001c4   Section       36  startup_stm32f427xx.o(.text)
    $v0                                      0x080001c4   Number         0  startup_stm32f427xx.o(.text)
    .text                                    0x080001e8   Section        0  uldiv.o(.text)
    .text                                    0x0800024a   Section        0  memcpya.o(.text)
    .text                                    0x0800026e   Section        0  memseta.o(.text)
    .text                                    0x08000292   Section        0  dadd.o(.text)
    .text                                    0x080003e0   Section        0  dmul.o(.text)
    .text                                    0x080004c4   Section        0  ddiv.o(.text)
    .text                                    0x080005a2   Section        0  dfltui.o(.text)
    .text                                    0x080005bc   Section        0  f2d.o(.text)
    .text                                    0x080005e2   Section        0  d2f.o(.text)
    .text                                    0x0800061a   Section        0  llshl.o(.text)
    .text                                    0x08000638   Section        0  llushr.o(.text)
    .text                                    0x08000658   Section        0  llsshr.o(.text)
    .text                                    0x0800067c   Section        0  iusefp.o(.text)
    .text                                    0x0800067c   Section        0  fepilogue.o(.text)
    .text                                    0x080006ea   Section        0  depilogue.o(.text)
    .text                                    0x080007a4   Section       36  init.o(.text)
    i.BusFault_Handler                       0x080007c8   Section        0  stm32f4xx_it.o(i.BusFault_Handler)
    i.CAN1_RX0_IRQHandler                    0x080007cc   Section        0  stm32f4xx_it.o(i.CAN1_RX0_IRQHandler)
    i.CANFilterInit                          0x080007d8   Section        0  wtr_can.o(i.CANFilterInit)
    i.CanDataDecode                          0x08000828   Section        0  wtr_can.o(i.CanDataDecode)
    i.DJI_CanMsgDecode                       0x08000844   Section        0  dji.o(i.DJI_CanMsgDecode)
    i.DJI_Init                               0x08000880   Section        0  dji.o(i.DJI_Init)
    i.DJI_Update                             0x08000918   Section        0  dji.o(i.DJI_Update)
    i.DMA2_Stream1_IRQHandler                0x08000a28   Section        0  stm32f4xx_it.o(i.DMA2_Stream1_IRQHandler)
    i.DMA2_Stream2_IRQHandler                0x08000a34   Section        0  stm32f4xx_it.o(i.DMA2_Stream2_IRQHandler)
    i.DMA_CalcBaseAndBitshift                0x08000a40   Section        0  stm32f4xx_hal_dma.o(i.DMA_CalcBaseAndBitshift)
    DMA_CalcBaseAndBitshift                  0x08000a41   Thumb Code    34  stm32f4xx_hal_dma.o(i.DMA_CalcBaseAndBitshift)
    i.DMA_CheckFifoParam                     0x08000a68   Section        0  stm32f4xx_hal_dma.o(i.DMA_CheckFifoParam)
    DMA_CheckFifoParam                       0x08000a69   Thumb Code    84  stm32f4xx_hal_dma.o(i.DMA_CheckFifoParam)
    i.DMA_SetConfig                          0x08000abc   Section        0  stm32f4xx_hal_dma.o(i.DMA_SetConfig)
    DMA_SetConfig                            0x08000abd   Thumb Code    40  stm32f4xx_hal_dma.o(i.DMA_SetConfig)
    i.DebugMon_Handler                       0x08000ae4   Section        0  stm32f4xx_it.o(i.DebugMon_Handler)
    i.ElectroMag_ctrl                        0x08000ae8   Section        0  wtr_mission.o(i.ElectroMag_ctrl)
    i.Error_Handler                          0x08000b74   Section        0  main.o(i.Error_Handler)
    i.Feedback_ctrl                          0x08000b78   Section        0  wtr_mission.o(i.Feedback_ctrl)
    i.GM6020_CanMsgDecode                    0x08000b9c   Section        0  gm6020.o(i.GM6020_CanMsgDecode)
    i.GM6020_Init                            0x08000bb4   Section        0  gm6020.o(i.GM6020_Init)
    i.GM6020_Update                          0x08000c1c   Section        0  gm6020.o(i.GM6020_Update)
    i.HAL_CAN_ActivateNotification           0x08000d30   Section        0  stm32f4xx_hal_can.o(i.HAL_CAN_ActivateNotification)
    i.HAL_CAN_ConfigFilter                   0x08000d54   Section        0  stm32f4xx_hal_can.o(i.HAL_CAN_ConfigFilter)
    i.HAL_CAN_ErrorCallback                  0x08000e60   Section        0  stm32f4xx_hal_can.o(i.HAL_CAN_ErrorCallback)
    i.HAL_CAN_GetRxMessage                   0x08000e62   Section        0  stm32f4xx_hal_can.o(i.HAL_CAN_GetRxMessage)
    i.HAL_CAN_IRQHandler                     0x08000f4a   Section        0  stm32f4xx_hal_can.o(i.HAL_CAN_IRQHandler)
    i.HAL_CAN_Init                           0x08001146   Section        0  stm32f4xx_hal_can.o(i.HAL_CAN_Init)
    i.HAL_CAN_MspInit                        0x08001260   Section        0  can.o(i.HAL_CAN_MspInit)
    i.HAL_CAN_RxFifo0FullCallback            0x080012d8   Section        0  stm32f4xx_hal_can.o(i.HAL_CAN_RxFifo0FullCallback)
    i.HAL_CAN_RxFifo0MsgPendingCallback      0x080012dc   Section        0  wtr_can.o(i.HAL_CAN_RxFifo0MsgPendingCallback)
    i.HAL_CAN_RxFifo1FullCallback            0x08001310   Section        0  stm32f4xx_hal_can.o(i.HAL_CAN_RxFifo1FullCallback)
    i.HAL_CAN_RxFifo1MsgPendingCallback      0x08001312   Section        0  stm32f4xx_hal_can.o(i.HAL_CAN_RxFifo1MsgPendingCallback)
    i.HAL_CAN_SleepCallback                  0x08001314   Section        0  stm32f4xx_hal_can.o(i.HAL_CAN_SleepCallback)
    i.HAL_CAN_Start                          0x08001318   Section        0  stm32f4xx_hal_can.o(i.HAL_CAN_Start)
    i.HAL_CAN_TxMailbox0AbortCallback        0x08001370   Section        0  stm32f4xx_hal_can.o(i.HAL_CAN_TxMailbox0AbortCallback)
    i.HAL_CAN_TxMailbox0CompleteCallback     0x08001372   Section        0  stm32f4xx_hal_can.o(i.HAL_CAN_TxMailbox0CompleteCallback)
    i.HAL_CAN_TxMailbox1AbortCallback        0x08001374   Section        0  stm32f4xx_hal_can.o(i.HAL_CAN_TxMailbox1AbortCallback)
    i.HAL_CAN_TxMailbox1CompleteCallback     0x08001376   Section        0  stm32f4xx_hal_can.o(i.HAL_CAN_TxMailbox1CompleteCallback)
    i.HAL_CAN_TxMailbox2AbortCallback        0x08001378   Section        0  stm32f4xx_hal_can.o(i.HAL_CAN_TxMailbox2AbortCallback)
    i.HAL_CAN_TxMailbox2CompleteCallback     0x0800137a   Section        0  stm32f4xx_hal_can.o(i.HAL_CAN_TxMailbox2CompleteCallback)
    i.HAL_CAN_WakeUpFromRxMsgCallback        0x0800137c   Section        0  stm32f4xx_hal_can.o(i.HAL_CAN_WakeUpFromRxMsgCallback)
    i.HAL_DMA_Abort                          0x0800137e   Section        0  stm32f4xx_hal_dma.o(i.HAL_DMA_Abort)
    i.HAL_DMA_Abort_IT                       0x0800140c   Section        0  stm32f4xx_hal_dma.o(i.HAL_DMA_Abort_IT)
    i.HAL_DMA_IRQHandler                     0x08001430   Section        0  stm32f4xx_hal_dma.o(i.HAL_DMA_IRQHandler)
    i.HAL_DMA_Init                           0x080015d0   Section        0  stm32f4xx_hal_dma.o(i.HAL_DMA_Init)
    i.HAL_DMA_Start_IT                       0x080016a4   Section        0  stm32f4xx_hal_dma.o(i.HAL_DMA_Start_IT)
    i.HAL_Delay                              0x08001714   Section        0  stm32f4xx_hal.o(i.HAL_Delay)
    i.HAL_GPIO_Init                          0x08001738   Section        0  stm32f4xx_hal_gpio.o(i.HAL_GPIO_Init)
    i.HAL_GPIO_ReadPin                       0x08001968   Section        0  stm32f4xx_hal_gpio.o(i.HAL_GPIO_ReadPin)
    i.HAL_GPIO_TogglePin                     0x08001972   Section        0  stm32f4xx_hal_gpio.o(i.HAL_GPIO_TogglePin)
    i.HAL_GPIO_WritePin                      0x08001982   Section        0  stm32f4xx_hal_gpio.o(i.HAL_GPIO_WritePin)
    i.HAL_GetTick                            0x0800198c   Section        0  stm32f4xx_hal.o(i.HAL_GetTick)
    i.HAL_IncTick                            0x08001998   Section        0  stm32f4xx_hal.o(i.HAL_IncTick)
    i.HAL_Init                               0x080019a8   Section        0  stm32f4xx_hal.o(i.HAL_Init)
    i.HAL_InitTick                           0x080019dc   Section        0  stm32f4xx_hal.o(i.HAL_InitTick)
    i.HAL_MspInit                            0x08001a1c   Section        0  stm32f4xx_hal_msp.o(i.HAL_MspInit)
    i.HAL_NVIC_EnableIRQ                     0x08001a4c   Section        0  stm32f4xx_hal_cortex.o(i.HAL_NVIC_EnableIRQ)
    i.HAL_NVIC_SetPriority                   0x08001a68   Section        0  stm32f4xx_hal_cortex.o(i.HAL_NVIC_SetPriority)
    i.HAL_NVIC_SetPriorityGrouping           0x08001aa8   Section        0  stm32f4xx_hal_cortex.o(i.HAL_NVIC_SetPriorityGrouping)
    i.HAL_PWREx_EnableOverDrive              0x08001acc   Section        0  stm32f4xx_hal_pwr_ex.o(i.HAL_PWREx_EnableOverDrive)
    i.HAL_RCC_ClockConfig                    0x08001b3c   Section        0  stm32f4xx_hal_rcc.o(i.HAL_RCC_ClockConfig)
    i.HAL_RCC_GetPCLK1Freq                   0x08001c70   Section        0  stm32f4xx_hal_rcc.o(i.HAL_RCC_GetPCLK1Freq)
    i.HAL_RCC_GetPCLK2Freq                   0x08001c90   Section        0  stm32f4xx_hal_rcc.o(i.HAL_RCC_GetPCLK2Freq)
    i.HAL_RCC_GetSysClockFreq                0x08001cb0   Section        0  stm32f4xx_hal_rcc.o(i.HAL_RCC_GetSysClockFreq)
    i.HAL_RCC_OscConfig                      0x08001d14   Section        0  stm32f4xx_hal_rcc.o(i.HAL_RCC_OscConfig)
    i.HAL_SPI_Init                           0x08002080   Section        0  stm32f4xx_hal_spi.o(i.HAL_SPI_Init)
    i.HAL_SPI_MspInit                        0x0800213c   Section        0  spi.o(i.HAL_SPI_MspInit)
    i.HAL_SPI_Receive                        0x080021a8   Section        0  stm32f4xx_hal_spi.o(i.HAL_SPI_Receive)
    i.HAL_SPI_TransmitReceive                0x08002302   Section        0  stm32f4xx_hal_spi.o(i.HAL_SPI_TransmitReceive)
    i.HAL_SYSTICK_Config                     0x080024e4   Section        0  stm32f4xx_hal_cortex.o(i.HAL_SYSTICK_Config)
    i.HAL_TIMEx_BreakCallback                0x0800250c   Section        0  stm32f4xx_hal_tim_ex.o(i.HAL_TIMEx_BreakCallback)
    i.HAL_TIMEx_CommutCallback               0x0800250e   Section        0  stm32f4xx_hal_tim_ex.o(i.HAL_TIMEx_CommutCallback)
    i.HAL_TIMEx_MasterConfigSynchronization  0x08002510   Section        0  stm32f4xx_hal_tim_ex.o(i.HAL_TIMEx_MasterConfigSynchronization)
    i.HAL_TIM_Base_Init                      0x080025a0   Section        0  stm32f4xx_hal_tim.o(i.HAL_TIM_Base_Init)
    i.HAL_TIM_Base_MspInit                   0x080025fc   Section        0  tim.o(i.HAL_TIM_Base_MspInit)
    i.HAL_TIM_Base_Start_IT                  0x08002638   Section        0  stm32f4xx_hal_tim.o(i.HAL_TIM_Base_Start_IT)
    i.HAL_TIM_ConfigClockSource              0x080026b8   Section        0  stm32f4xx_hal_tim.o(i.HAL_TIM_ConfigClockSource)
    i.HAL_TIM_IC_CaptureCallback             0x0800278e   Section        0  stm32f4xx_hal_tim.o(i.HAL_TIM_IC_CaptureCallback)
    i.HAL_TIM_IRQHandler                     0x08002790   Section        0  stm32f4xx_hal_tim.o(i.HAL_TIM_IRQHandler)
    i.HAL_TIM_OC_DelayElapsedCallback        0x080028f6   Section        0  stm32f4xx_hal_tim.o(i.HAL_TIM_OC_DelayElapsedCallback)
    i.HAL_TIM_PWM_PulseFinishedCallback      0x080028f8   Section        0  stm32f4xx_hal_tim.o(i.HAL_TIM_PWM_PulseFinishedCallback)
    i.HAL_TIM_PeriodElapsedCallback          0x080028fc   Section        0  wtr_tim.o(i.HAL_TIM_PeriodElapsedCallback)
    i.HAL_TIM_TriggerCallback                0x08002910   Section        0  stm32f4xx_hal_tim.o(i.HAL_TIM_TriggerCallback)
    i.HAL_UARTEx_RxEventCallback             0x08002912   Section        0  stm32f4xx_hal_uart.o(i.HAL_UARTEx_RxEventCallback)
    i.HAL_UART_ErrorCallback                 0x08002914   Section        0  stm32f4xx_hal_uart.o(i.HAL_UART_ErrorCallback)
    i.HAL_UART_IRQHandler                    0x08002918   Section        0  stm32f4xx_hal_uart.o(i.HAL_UART_IRQHandler)
    i.HAL_UART_Init                          0x08002b28   Section        0  stm32f4xx_hal_uart.o(i.HAL_UART_Init)
    i.HAL_UART_MspInit                       0x08002b8c   Section        0  usart.o(i.HAL_UART_MspInit)
    i.HAL_UART_Receive_DMA                   0x08002cb0   Section        0  stm32f4xx_hal_uart.o(i.HAL_UART_Receive_DMA)
    i.HAL_UART_RxCpltCallback                0x08002cdc   Section        0  wtr_uart.o(i.HAL_UART_RxCpltCallback)
    i.HAL_UART_RxHalfCpltCallback            0x08002d14   Section        0  stm32f4xx_hal_uart.o(i.HAL_UART_RxHalfCpltCallback)
    i.HAL_UART_Transmit_IT                   0x08002d16   Section        0  stm32f4xx_hal_uart.o(i.HAL_UART_Transmit_IT)
    i.HAL_UART_TxCpltCallback                0x08002d54   Section        0  stm32f4xx_hal_uart.o(i.HAL_UART_TxCpltCallback)
    i.HardFault_Handler                      0x08002d56   Section        0  stm32f4xx_it.o(i.HardFault_Handler)
    i.Laser_ctrl                             0x08002d58   Section        0  wtr_mission.o(i.Laser_ctrl)
    i.Led_ctrl                               0x08002e38   Section        0  wtr_mission.o(i.Led_ctrl)
    i.MX_CAN1_Init                           0x08002e5c   Section        0  can.o(i.MX_CAN1_Init)
    i.MX_DMA_Init                            0x08002e9c   Section        0  dma.o(i.MX_DMA_Init)
    i.MX_GPIO_Init                           0x08002ed8   Section        0  gpio.o(i.MX_GPIO_Init)
    i.MX_SPI4_Init                           0x08002fe8   Section        0  spi.o(i.MX_SPI4_Init)
    i.MX_TIM1_Init                           0x08003030   Section        0  tim.o(i.MX_TIM1_Init)
    i.MX_USART1_UART_Init                    0x08003098   Section        0  usart.o(i.MX_USART1_UART_Init)
    i.MX_USART6_UART_Init                    0x080030d8   Section        0  usart.o(i.MX_USART6_UART_Init)
    i.MemManage_Handler                      0x08003110   Section        0  stm32f4xx_it.o(i.MemManage_Handler)
    i.NMI_Handler                            0x08003112   Section        0  stm32f4xx_it.o(i.NMI_Handler)
    i.PendSV_Handler                         0x08003114   Section        0  stm32f4xx_it.o(i.PendSV_Handler)
    i.SPI_EndRxTransaction                   0x08003116   Section        0  stm32f4xx_hal_spi.o(i.SPI_EndRxTransaction)
    SPI_EndRxTransaction                     0x08003117   Thumb Code    92  stm32f4xx_hal_spi.o(i.SPI_EndRxTransaction)
    i.SPI_EndRxTxTransaction                 0x08003174   Section        0  stm32f4xx_hal_spi.o(i.SPI_EndRxTxTransaction)
    SPI_EndRxTxTransaction                   0x08003175   Thumb Code    80  stm32f4xx_hal_spi.o(i.SPI_EndRxTxTransaction)
    i.SPI_WaitFlagStateUntilTimeout          0x080031cc   Section        0  stm32f4xx_hal_spi.o(i.SPI_WaitFlagStateUntilTimeout)
    SPI_WaitFlagStateUntilTimeout            0x080031cd   Thumb Code   180  stm32f4xx_hal_spi.o(i.SPI_WaitFlagStateUntilTimeout)
    i.SVC_Handler                            0x08003284   Section        0  stm32f4xx_it.o(i.SVC_Handler)
    i.SysTick_Handler                        0x08003286   Section        0  stm32f4xx_it.o(i.SysTick_Handler)
    i.SystemClock_Config                     0x0800328c   Section        0  main.o(i.SystemClock_Config)
    i.SystemInit                             0x0800332c   Section        0  system_stm32f4xx_1.o(i.SystemInit)
    i.TIM1_UP_TIM10_IRQHandler               0x0800333c   Section        0  stm32f4xx_it.o(i.TIM1_UP_TIM10_IRQHandler)
    i.TIM_Base_SetConfig                     0x08003348   Section        0  stm32f4xx_hal_tim.o(i.TIM_Base_SetConfig)
    i.TIM_ETR_SetConfig                      0x08003410   Section        0  stm32f4xx_hal_tim.o(i.TIM_ETR_SetConfig)
    i.TIM_ITRx_SetConfig                     0x08003424   Section        0  stm32f4xx_hal_tim.o(i.TIM_ITRx_SetConfig)
    TIM_ITRx_SetConfig                       0x08003425   Thumb Code    16  stm32f4xx_hal_tim.o(i.TIM_ITRx_SetConfig)
    i.TIM_TI1_ConfigInputStage               0x08003434   Section        0  stm32f4xx_hal_tim.o(i.TIM_TI1_ConfigInputStage)
    TIM_TI1_ConfigInputStage                 0x08003435   Thumb Code    34  stm32f4xx_hal_tim.o(i.TIM_TI1_ConfigInputStage)
    i.TIM_TI2_ConfigInputStage               0x08003456   Section        0  stm32f4xx_hal_tim.o(i.TIM_TI2_ConfigInputStage)
    TIM_TI2_ConfigInputStage                 0x08003457   Thumb Code    36  stm32f4xx_hal_tim.o(i.TIM_TI2_ConfigInputStage)
    i.UART1Decode                            0x0800347c   Section        0  wtr_uart.o(i.UART1Decode)
    i.UART6Decode                            0x080034d0   Section        0  wtr_uart.o(i.UART6Decode)
    i.UART_DMAAbortOnError                   0x080035ac   Section        0  stm32f4xx_hal_uart.o(i.UART_DMAAbortOnError)
    UART_DMAAbortOnError                     0x080035ad   Thumb Code    16  stm32f4xx_hal_uart.o(i.UART_DMAAbortOnError)
    i.UART_DMAError                          0x080035bc   Section        0  stm32f4xx_hal_uart.o(i.UART_DMAError)
    UART_DMAError                            0x080035bd   Thumb Code    74  stm32f4xx_hal_uart.o(i.UART_DMAError)
    i.UART_DMAReceiveCplt                    0x08003606   Section        0  stm32f4xx_hal_uart.o(i.UART_DMAReceiveCplt)
    UART_DMAReceiveCplt                      0x08003607   Thumb Code    90  stm32f4xx_hal_uart.o(i.UART_DMAReceiveCplt)
    i.UART_DMARxHalfCplt                     0x08003660   Section        0  stm32f4xx_hal_uart.o(i.UART_DMARxHalfCplt)
    UART_DMARxHalfCplt                       0x08003661   Thumb Code    26  stm32f4xx_hal_uart.o(i.UART_DMARxHalfCplt)
    i.UART_EndRxTransfer                     0x0800367a   Section        0  stm32f4xx_hal_uart.o(i.UART_EndRxTransfer)
    UART_EndRxTransfer                       0x0800367b   Thumb Code    48  stm32f4xx_hal_uart.o(i.UART_EndRxTransfer)
    i.UART_EndTxTransfer                     0x080036aa   Section        0  stm32f4xx_hal_uart.o(i.UART_EndTxTransfer)
    UART_EndTxTransfer                       0x080036ab   Thumb Code    18  stm32f4xx_hal_uart.o(i.UART_EndTxTransfer)
    i.UART_Receive_IT                        0x080036bc   Section        0  stm32f4xx_hal_uart.o(i.UART_Receive_IT)
    UART_Receive_IT                          0x080036bd   Thumb Code   174  stm32f4xx_hal_uart.o(i.UART_Receive_IT)
    i.UART_SetConfig                         0x0800376c   Section        0  stm32f4xx_hal_uart.o(i.UART_SetConfig)
    UART_SetConfig                           0x0800376d   Thumb Code   258  stm32f4xx_hal_uart.o(i.UART_SetConfig)
    i.UART_Start_Receive_DMA                 0x08003878   Section        0  stm32f4xx_hal_uart.o(i.UART_Start_Receive_DMA)
    i.USART6_IRQHandler                      0x080038e8   Section        0  stm32f4xx_it.o(i.USART6_IRQHandler)
    i.UsageFault_Handler                     0x080038f4   Section        0  stm32f4xx_it.o(i.UsageFault_Handler)
    i.WTR_Init                               0x080038f8   Section        0  wtr_init.o(i.WTR_Init)
    i.__NVIC_SetPriority                     0x08003968   Section        0  stm32f4xx_hal_cortex.o(i.__NVIC_SetPriority)
    __NVIC_SetPriority                       0x08003969   Thumb Code    32  stm32f4xx_hal_cortex.o(i.__NVIC_SetPriority)
    i.__scatterload_copy                     0x08003988   Section       14  handlers.o(i.__scatterload_copy)
    i.__scatterload_null                     0x08003996   Section        2  handlers.o(i.__scatterload_null)
    i.__scatterload_zeroinit                 0x08003998   Section       14  handlers.o(i.__scatterload_zeroinit)
    i.get_dji_offset                         0x080039a8   Section        0  dji.o(i.get_dji_offset)
    i.laser_init                             0x080039dc   Section        0  wtr_init.o(i.laser_init)
    i.main                                   0x08003a18   Section        0  main.o(i.main)
    .constdata                               0x08003a54   Section        2  wtr_definition.o(.constdata)
    .constdata                               0x08003a56   Section        8  stm32f4xx_hal_dma.o(.constdata)
    flagBitshiftOffset                       0x08003a56   Data           8  stm32f4xx_hal_dma.o(.constdata)
    .constdata                               0x08003a5e   Section       16  system_stm32f4xx_1.o(.constdata)
    .constdata                               0x08003a6e   Section        8  system_stm32f4xx_1.o(.constdata)
    .data                                    0x20000000   Section        8  wtr_definition.o(.data)
    .data                                    0x20000008   Section        8  wtr_mission.o(.data)
    cnt                                      0x2000000c   Data           4  wtr_mission.o(.data)
    .data                                    0x20000010   Section       12  stm32f4xx_hal.o(.data)
    .data                                    0x2000001c   Section        4  system_stm32f4xx_1.o(.data)
    .bss                                     0x20000020   Section     1120  dji.o(.bss)
    .bss                                     0x20000480   Section      784  gm6020.o(.bss)
    ave_cnt                                  0x20000480   Data          28  gm6020.o(.bss)
    .bss                                     0x20000790   Section       31  wtr_definition.o(.bss)
    .bss                                     0x200007af   Section       33  wtr_definition.o(.bss)
    .bss                                     0x200007d0   Section       18  wtr_definition.o(.bss)
    .bss                                     0x200007e2   Section       66  wtr_definition.o(.bss)
    .bss                                     0x20000824   Section       48  wtr_mission.o(.bss)
    .bss                                     0x20000854   Section       10  wtr_uart.o(.bss)
    .bss                                     0x20000860   Section       40  can.o(.bss)
    .bss                                     0x20000888   Section       88  spi.o(.bss)
    .bss                                     0x200008e0   Section       72  tim.o(.bss)
    .bss                                     0x20000928   Section      328  usart.o(.bss)
    STACK                                    0x20000a70   Section     1024  startup_stm32f427xx.o(STACK)

    Global Symbols

    Symbol Name                              Value     Ov Type        Size  Object(Section)

    BuildAttributes$$THM_ISAv4$E$P$D$K$B$S$7EM$VFPi3$EXTD16$VFPS$VFMA$PE$A:L22UL41UL21$X:L11$S22US41US21$IEEE1$IW$USESV6$~STKCKD$USESV7$~SHL$OTIME$ROPI$IEEEJ$EBA8$MICROLIB$REQ8$PRES8$EABIv2 0x00000000   Number         0  anon$$obj.o ABSOLUTE
    __ARM_use_no_argv                        0x00000000   Number         0  main.o ABSOLUTE
    __arm_fini_                               - Undefined Weak Reference
    __cpp_initialize__aeabi_                  - Undefined Weak Reference
    __cxa_finalize                            - Undefined Weak Reference
    __decompress                              - Undefined Weak Reference
    _clock_init                               - Undefined Weak Reference
    _microlib_exit                            - Undefined Weak Reference
    __Vectors_Size                           0x000001ac   Number         0  startup_stm32f427xx.o ABSOLUTE
    __Vectors                                0x08000000   Data           4  startup_stm32f427xx.o(RESET)
    __Vectors_End                            0x080001ac   Data           0  startup_stm32f427xx.o(RESET)
    __main                                   0x080001ad   Thumb Code     0  entry.o(.ARM.Collect$$$$00000000)
    _main_stk                                0x080001ad   Thumb Code     0  entry2.o(.ARM.Collect$$$$00000001)
    _main_scatterload                        0x080001b1   Thumb Code     0  entry5.o(.ARM.Collect$$$$00000004)
    __main_after_scatterload                 0x080001b5   Thumb Code     0  entry5.o(.ARM.Collect$$$$00000004)
    _main_clock                              0x080001b5   Thumb Code     0  entry7b.o(.ARM.Collect$$$$00000008)
    _main_cpp_init                           0x080001b5   Thumb Code     0  entry8b.o(.ARM.Collect$$$$0000000A)
    _main_init                               0x080001b5   Thumb Code     0  entry9a.o(.ARM.Collect$$$$0000000B)
    __rt_lib_shutdown_fini                   0x080001bd   Thumb Code     0  entry12b.o(.ARM.Collect$$$$0000000E)
    __rt_final_cpp                           0x080001c1   Thumb Code     0  entry10a.o(.ARM.Collect$$$$0000000F)
    __rt_final_exit                          0x080001c1   Thumb Code     0  entry11a.o(.ARM.Collect$$$$00000011)
    Reset_Handler                            0x080001c5   Thumb Code     8  startup_stm32f427xx.o(.text)
    ADC_IRQHandler                           0x080001df   Thumb Code     0  startup_stm32f427xx.o(.text)
    CAN1_RX1_IRQHandler                      0x080001df   Thumb Code     0  startup_stm32f427xx.o(.text)
    CAN1_SCE_IRQHandler                      0x080001df   Thumb Code     0  startup_stm32f427xx.o(.text)
    CAN1_TX_IRQHandler                       0x080001df   Thumb Code     0  startup_stm32f427xx.o(.text)
    CAN2_RX0_IRQHandler                      0x080001df   Thumb Code     0  startup_stm32f427xx.o(.text)
    CAN2_RX1_IRQHandler                      0x080001df   Thumb Code     0  startup_stm32f427xx.o(.text)
    CAN2_SCE_IRQHandler                      0x080001df   Thumb Code     0  startup_stm32f427xx.o(.text)
    CAN2_TX_IRQHandler                       0x080001df   Thumb Code     0  startup_stm32f427xx.o(.text)
    DCMI_IRQHandler                          0x080001df   Thumb Code     0  startup_stm32f427xx.o(.text)
    DMA1_Stream0_IRQHandler                  0x080001df   Thumb Code     0  startup_stm32f427xx.o(.text)
    DMA1_Stream1_IRQHandler                  0x080001df   Thumb Code     0  startup_stm32f427xx.o(.text)
    DMA1_Stream2_IRQHandler                  0x080001df   Thumb Code     0  startup_stm32f427xx.o(.text)
    DMA1_Stream3_IRQHandler                  0x080001df   Thumb Code     0  startup_stm32f427xx.o(.text)
    DMA1_Stream4_IRQHandler                  0x080001df   Thumb Code     0  startup_stm32f427xx.o(.text)
    DMA1_Stream5_IRQHandler                  0x080001df   Thumb Code     0  startup_stm32f427xx.o(.text)
    DMA1_Stream6_IRQHandler                  0x080001df   Thumb Code     0  startup_stm32f427xx.o(.text)
    DMA1_Stream7_IRQHandler                  0x080001df   Thumb Code     0  startup_stm32f427xx.o(.text)
    DMA2D_IRQHandler                         0x080001df   Thumb Code     0  startup_stm32f427xx.o(.text)
    DMA2_Stream0_IRQHandler                  0x080001df   Thumb Code     0  startup_stm32f427xx.o(.text)
    DMA2_Stream3_IRQHandler                  0x080001df   Thumb Code     0  startup_stm32f427xx.o(.text)
    DMA2_Stream4_IRQHandler                  0x080001df   Thumb Code     0  startup_stm32f427xx.o(.text)
    DMA2_Stream5_IRQHandler                  0x080001df   Thumb Code     0  startup_stm32f427xx.o(.text)
    DMA2_Stream6_IRQHandler                  0x080001df   Thumb Code     0  startup_stm32f427xx.o(.text)
    DMA2_Stream7_IRQHandler                  0x080001df   Thumb Code     0  startup_stm32f427xx.o(.text)
    ETH_IRQHandler                           0x080001df   Thumb Code     0  startup_stm32f427xx.o(.text)
    ETH_WKUP_IRQHandler                      0x080001df   Thumb Code     0  startup_stm32f427xx.o(.text)
    EXTI0_IRQHandler                         0x080001df   Thumb Code     0  startup_stm32f427xx.o(.text)
    EXTI15_10_IRQHandler                     0x080001df   Thumb Code     0  startup_stm32f427xx.o(.text)
    EXTI1_IRQHandler                         0x080001df   Thumb Code     0  startup_stm32f427xx.o(.text)
    EXTI2_IRQHandler                         0x080001df   Thumb Code     0  startup_stm32f427xx.o(.text)
    EXTI3_IRQHandler                         0x080001df   Thumb Code     0  startup_stm32f427xx.o(.text)
    EXTI4_IRQHandler                         0x080001df   Thumb Code     0  startup_stm32f427xx.o(.text)
    EXTI9_5_IRQHandler                       0x080001df   Thumb Code     0  startup_stm32f427xx.o(.text)
    FLASH_IRQHandler                         0x080001df   Thumb Code     0  startup_stm32f427xx.o(.text)
    FMC_IRQHandler                           0x080001df   Thumb Code     0  startup_stm32f427xx.o(.text)
    FPU_IRQHandler                           0x080001df   Thumb Code     0  startup_stm32f427xx.o(.text)
    HASH_RNG_IRQHandler                      0x080001df   Thumb Code     0  startup_stm32f427xx.o(.text)
    I2C1_ER_IRQHandler                       0x080001df   Thumb Code     0  startup_stm32f427xx.o(.text)
    I2C1_EV_IRQHandler                       0x080001df   Thumb Code     0  startup_stm32f427xx.o(.text)
    I2C2_ER_IRQHandler                       0x080001df   Thumb Code     0  startup_stm32f427xx.o(.text)
    I2C2_EV_IRQHandler                       0x080001df   Thumb Code     0  startup_stm32f427xx.o(.text)
    I2C3_ER_IRQHandler                       0x080001df   Thumb Code     0  startup_stm32f427xx.o(.text)
    I2C3_EV_IRQHandler                       0x080001df   Thumb Code     0  startup_stm32f427xx.o(.text)
    OTG_FS_IRQHandler                        0x080001df   Thumb Code     0  startup_stm32f427xx.o(.text)
    OTG_FS_WKUP_IRQHandler                   0x080001df   Thumb Code     0  startup_stm32f427xx.o(.text)
    OTG_HS_EP1_IN_IRQHandler                 0x080001df   Thumb Code     0  startup_stm32f427xx.o(.text)
    OTG_HS_EP1_OUT_IRQHandler                0x080001df   Thumb Code     0  startup_stm32f427xx.o(.text)
    OTG_HS_IRQHandler                        0x080001df   Thumb Code     0  startup_stm32f427xx.o(.text)
    OTG_HS_WKUP_IRQHandler                   0x080001df   Thumb Code     0  startup_stm32f427xx.o(.text)
    PVD_IRQHandler                           0x080001df   Thumb Code     0  startup_stm32f427xx.o(.text)
    RCC_IRQHandler                           0x080001df   Thumb Code     0  startup_stm32f427xx.o(.text)
    RTC_Alarm_IRQHandler                     0x080001df   Thumb Code     0  startup_stm32f427xx.o(.text)
    RTC_WKUP_IRQHandler                      0x080001df   Thumb Code     0  startup_stm32f427xx.o(.text)
    SAI1_IRQHandler                          0x080001df   Thumb Code     0  startup_stm32f427xx.o(.text)
    SDIO_IRQHandler                          0x080001df   Thumb Code     0  startup_stm32f427xx.o(.text)
    SPI1_IRQHandler                          0x080001df   Thumb Code     0  startup_stm32f427xx.o(.text)
    SPI2_IRQHandler                          0x080001df   Thumb Code     0  startup_stm32f427xx.o(.text)
    SPI3_IRQHandler                          0x080001df   Thumb Code     0  startup_stm32f427xx.o(.text)
    SPI4_IRQHandler                          0x080001df   Thumb Code     0  startup_stm32f427xx.o(.text)
    SPI5_IRQHandler                          0x080001df   Thumb Code     0  startup_stm32f427xx.o(.text)
    SPI6_IRQHandler                          0x080001df   Thumb Code     0  startup_stm32f427xx.o(.text)
    TAMP_STAMP_IRQHandler                    0x080001df   Thumb Code     0  startup_stm32f427xx.o(.text)
    TIM1_BRK_TIM9_IRQHandler                 0x080001df   Thumb Code     0  startup_stm32f427xx.o(.text)
    TIM1_CC_IRQHandler                       0x080001df   Thumb Code     0  startup_stm32f427xx.o(.text)
    TIM1_TRG_COM_TIM11_IRQHandler            0x080001df   Thumb Code     0  startup_stm32f427xx.o(.text)
    TIM2_IRQHandler                          0x080001df   Thumb Code     0  startup_stm32f427xx.o(.text)
    TIM3_IRQHandler                          0x080001df   Thumb Code     0  startup_stm32f427xx.o(.text)
    TIM4_IRQHandler                          0x080001df   Thumb Code     0  startup_stm32f427xx.o(.text)
    TIM5_IRQHandler                          0x080001df   Thumb Code     0  startup_stm32f427xx.o(.text)
    TIM6_DAC_IRQHandler                      0x080001df   Thumb Code     0  startup_stm32f427xx.o(.text)
    TIM7_IRQHandler                          0x080001df   Thumb Code     0  startup_stm32f427xx.o(.text)
    TIM8_BRK_TIM12_IRQHandler                0x080001df   Thumb Code     0  startup_stm32f427xx.o(.text)
    TIM8_CC_IRQHandler                       0x080001df   Thumb Code     0  startup_stm32f427xx.o(.text)
    TIM8_TRG_COM_TIM14_IRQHandler            0x080001df   Thumb Code     0  startup_stm32f427xx.o(.text)
    TIM8_UP_TIM13_IRQHandler                 0x080001df   Thumb Code     0  startup_stm32f427xx.o(.text)
    UART4_IRQHandler                         0x080001df   Thumb Code     0  startup_stm32f427xx.o(.text)
    UART5_IRQHandler                         0x080001df   Thumb Code     0  startup_stm32f427xx.o(.text)
    UART7_IRQHandler                         0x080001df   Thumb Code     0  startup_stm32f427xx.o(.text)
    UART8_IRQHandler                         0x080001df   Thumb Code     0  startup_stm32f427xx.o(.text)
    USART1_IRQHandler                        0x080001df   Thumb Code     0  startup_stm32f427xx.o(.text)
    USART2_IRQHandler                        0x080001df   Thumb Code     0  startup_stm32f427xx.o(.text)
    USART3_IRQHandler                        0x080001df   Thumb Code     0  startup_stm32f427xx.o(.text)
    WWDG_IRQHandler                          0x080001df   Thumb Code     0  startup_stm32f427xx.o(.text)
    __aeabi_uldivmod                         0x080001e9   Thumb Code    98  uldiv.o(.text)
    __aeabi_memcpy                           0x0800024b   Thumb Code    36  memcpya.o(.text)
    __aeabi_memcpy4                          0x0800024b   Thumb Code     0  memcpya.o(.text)
    __aeabi_memcpy8                          0x0800024b   Thumb Code     0  memcpya.o(.text)
    __aeabi_memset                           0x0800026f   Thumb Code    14  memseta.o(.text)
    __aeabi_memset4                          0x0800026f   Thumb Code     0  memseta.o(.text)
    __aeabi_memset8                          0x0800026f   Thumb Code     0  memseta.o(.text)
    __aeabi_memclr                           0x0800027d   Thumb Code     4  memseta.o(.text)
    __aeabi_memclr4                          0x0800027d   Thumb Code     0  memseta.o(.text)
    __aeabi_memclr8                          0x0800027d   Thumb Code     0  memseta.o(.text)
    _memset$wrapper                          0x08000281   Thumb Code    18  memseta.o(.text)
    __aeabi_dadd                             0x08000293   Thumb Code   322  dadd.o(.text)
    __aeabi_dsub                             0x080003d5   Thumb Code     6  dadd.o(.text)
    __aeabi_drsub                            0x080003db   Thumb Code     6  dadd.o(.text)
    __aeabi_dmul                             0x080003e1   Thumb Code   228  dmul.o(.text)
    __aeabi_ddiv                             0x080004c5   Thumb Code   222  ddiv.o(.text)
    __aeabi_ui2d                             0x080005a3   Thumb Code    26  dfltui.o(.text)
    __aeabi_f2d                              0x080005bd   Thumb Code    38  f2d.o(.text)
    __aeabi_d2f                              0x080005e3   Thumb Code    56  d2f.o(.text)
    __aeabi_llsl                             0x0800061b   Thumb Code    30  llshl.o(.text)
    _ll_shift_l                              0x0800061b   Thumb Code     0  llshl.o(.text)
    __aeabi_llsr                             0x08000639   Thumb Code    32  llushr.o(.text)
    _ll_ushift_r                             0x08000639   Thumb Code     0  llushr.o(.text)
    __aeabi_lasr                             0x08000659   Thumb Code    36  llsshr.o(.text)
    _ll_sshift_r                             0x08000659   Thumb Code     0  llsshr.o(.text)
    __I$use$fp                               0x0800067d   Thumb Code     0  iusefp.o(.text)
    _float_round                             0x0800067d   Thumb Code    18  fepilogue.o(.text)
    _float_epilogue                          0x0800068f   Thumb Code    92  fepilogue.o(.text)
    _double_round                            0x080006eb   Thumb Code    30  depilogue.o(.text)
    _double_epilogue                         0x08000709   Thumb Code   156  depilogue.o(.text)
    __scatterload                            0x080007a5   Thumb Code    28  init.o(.text)
    __scatterload_rt2                        0x080007a5   Thumb Code     0  init.o(.text)
    BusFault_Handler                         0x080007c9   Thumb Code     2  stm32f4xx_it.o(i.BusFault_Handler)
    CAN1_RX0_IRQHandler                      0x080007cd   Thumb Code     6  stm32f4xx_it.o(i.CAN1_RX0_IRQHandler)
    CANFilterInit                            0x080007d9   Thumb Code    78  wtr_can.o(i.CANFilterInit)
    CanDataDecode                            0x08000829   Thumb Code    22  wtr_can.o(i.CanDataDecode)
    DJI_CanMsgDecode                         0x08000845   Thumb Code    56  dji.o(i.DJI_CanMsgDecode)
    DJI_Init                                 0x08000881   Thumb Code   120  dji.o(i.DJI_Init)
    DJI_Update                               0x08000919   Thumb Code   252  dji.o(i.DJI_Update)
    DMA2_Stream1_IRQHandler                  0x08000a29   Thumb Code     6  stm32f4xx_it.o(i.DMA2_Stream1_IRQHandler)
    DMA2_Stream2_IRQHandler                  0x08000a35   Thumb Code     6  stm32f4xx_it.o(i.DMA2_Stream2_IRQHandler)
    DebugMon_Handler                         0x08000ae5   Thumb Code     2  stm32f4xx_it.o(i.DebugMon_Handler)
    ElectroMag_ctrl                          0x08000ae9   Thumb Code   126  wtr_mission.o(i.ElectroMag_ctrl)
    Error_Handler                            0x08000b75   Thumb Code     4  main.o(i.Error_Handler)
    Feedback_ctrl                            0x08000b79   Thumb Code    26  wtr_mission.o(i.Feedback_ctrl)
    GM6020_CanMsgDecode                      0x08000b9d   Thumb Code    22  gm6020.o(i.GM6020_CanMsgDecode)
    GM6020_Init                              0x08000bb5   Thumb Code    80  gm6020.o(i.GM6020_Init)
    GM6020_Update                            0x08000c1d   Thumb Code   240  gm6020.o(i.GM6020_Update)
    HAL_CAN_ActivateNotification             0x08000d31   Thumb Code    36  stm32f4xx_hal_can.o(i.HAL_CAN_ActivateNotification)
    HAL_CAN_ConfigFilter                     0x08000d55   Thumb Code   262  stm32f4xx_hal_can.o(i.HAL_CAN_ConfigFilter)
    HAL_CAN_ErrorCallback                    0x08000e61   Thumb Code     2  stm32f4xx_hal_can.o(i.HAL_CAN_ErrorCallback)
    HAL_CAN_GetRxMessage                     0x08000e63   Thumb Code   232  stm32f4xx_hal_can.o(i.HAL_CAN_GetRxMessage)
    HAL_CAN_IRQHandler                       0x08000f4b   Thumb Code   508  stm32f4xx_hal_can.o(i.HAL_CAN_IRQHandler)
    HAL_CAN_Init                             0x08001147   Thumb Code   282  stm32f4xx_hal_can.o(i.HAL_CAN_Init)
    HAL_CAN_MspInit                          0x08001261   Thumb Code   106  can.o(i.HAL_CAN_MspInit)
    HAL_CAN_RxFifo0FullCallback              0x080012d9   Thumb Code     2  stm32f4xx_hal_can.o(i.HAL_CAN_RxFifo0FullCallback)
    HAL_CAN_RxFifo0MsgPendingCallback        0x080012dd   Thumb Code    46  wtr_can.o(i.HAL_CAN_RxFifo0MsgPendingCallback)
    HAL_CAN_RxFifo1FullCallback              0x08001311   Thumb Code     2  stm32f4xx_hal_can.o(i.HAL_CAN_RxFifo1FullCallback)
    HAL_CAN_RxFifo1MsgPendingCallback        0x08001313   Thumb Code     2  stm32f4xx_hal_can.o(i.HAL_CAN_RxFifo1MsgPendingCallback)
    HAL_CAN_SleepCallback                    0x08001315   Thumb Code     2  stm32f4xx_hal_can.o(i.HAL_CAN_SleepCallback)
    HAL_CAN_Start                            0x08001319   Thumb Code    88  stm32f4xx_hal_can.o(i.HAL_CAN_Start)
    HAL_CAN_TxMailbox0AbortCallback          0x08001371   Thumb Code     2  stm32f4xx_hal_can.o(i.HAL_CAN_TxMailbox0AbortCallback)
    HAL_CAN_TxMailbox0CompleteCallback       0x08001373   Thumb Code     2  stm32f4xx_hal_can.o(i.HAL_CAN_TxMailbox0CompleteCallback)
    HAL_CAN_TxMailbox1AbortCallback          0x08001375   Thumb Code     2  stm32f4xx_hal_can.o(i.HAL_CAN_TxMailbox1AbortCallback)
    HAL_CAN_TxMailbox1CompleteCallback       0x08001377   Thumb Code     2  stm32f4xx_hal_can.o(i.HAL_CAN_TxMailbox1CompleteCallback)
    HAL_CAN_TxMailbox2AbortCallback          0x08001379   Thumb Code     2  stm32f4xx_hal_can.o(i.HAL_CAN_TxMailbox2AbortCallback)
    HAL_CAN_TxMailbox2CompleteCallback       0x0800137b   Thumb Code     2  stm32f4xx_hal_can.o(i.HAL_CAN_TxMailbox2CompleteCallback)
    HAL_CAN_WakeUpFromRxMsgCallback          0x0800137d   Thumb Code     2  stm32f4xx_hal_can.o(i.HAL_CAN_WakeUpFromRxMsgCallback)
    HAL_DMA_Abort                            0x0800137f   Thumb Code   142  stm32f4xx_hal_dma.o(i.HAL_DMA_Abort)
    HAL_DMA_Abort_IT                         0x0800140d   Thumb Code    36  stm32f4xx_hal_dma.o(i.HAL_DMA_Abort_IT)
    HAL_DMA_IRQHandler                       0x08001431   Thumb Code   412  stm32f4xx_hal_dma.o(i.HAL_DMA_IRQHandler)
    HAL_DMA_Init                             0x080015d1   Thumb Code   206  stm32f4xx_hal_dma.o(i.HAL_DMA_Init)
    HAL_DMA_Start_IT                         0x080016a5   Thumb Code   110  stm32f4xx_hal_dma.o(i.HAL_DMA_Start_IT)
    HAL_Delay                                0x08001715   Thumb Code    32  stm32f4xx_hal.o(i.HAL_Delay)
    HAL_GPIO_Init                            0x08001739   Thumb Code   508  stm32f4xx_hal_gpio.o(i.HAL_GPIO_Init)
    HAL_GPIO_ReadPin                         0x08001969   Thumb Code    10  stm32f4xx_hal_gpio.o(i.HAL_GPIO_ReadPin)
    HAL_GPIO_TogglePin                       0x08001973   Thumb Code    16  stm32f4xx_hal_gpio.o(i.HAL_GPIO_TogglePin)
    HAL_GPIO_WritePin                        0x08001983   Thumb Code    10  stm32f4xx_hal_gpio.o(i.HAL_GPIO_WritePin)
    HAL_GetTick                              0x0800198d   Thumb Code     6  stm32f4xx_hal.o(i.HAL_GetTick)
    HAL_IncTick                              0x08001999   Thumb Code    12  stm32f4xx_hal.o(i.HAL_IncTick)
    HAL_Init                                 0x080019a9   Thumb Code    48  stm32f4xx_hal.o(i.HAL_Init)
    HAL_InitTick                             0x080019dd   Thumb Code    54  stm32f4xx_hal.o(i.HAL_InitTick)
    HAL_MspInit                              0x08001a1d   Thumb Code    42  stm32f4xx_hal_msp.o(i.HAL_MspInit)
    HAL_NVIC_EnableIRQ                       0x08001a4d   Thumb Code    26  stm32f4xx_hal_cortex.o(i.HAL_NVIC_EnableIRQ)
    HAL_NVIC_SetPriority                     0x08001a69   Thumb Code    60  stm32f4xx_hal_cortex.o(i.HAL_NVIC_SetPriority)
    HAL_NVIC_SetPriorityGrouping             0x08001aa9   Thumb Code    26  stm32f4xx_hal_cortex.o(i.HAL_NVIC_SetPriorityGrouping)
    HAL_PWREx_EnableOverDrive                0x08001acd   Thumb Code    98  stm32f4xx_hal_pwr_ex.o(i.HAL_PWREx_EnableOverDrive)
    HAL_RCC_ClockConfig                      0x08001b3d   Thumb Code   288  stm32f4xx_hal_rcc.o(i.HAL_RCC_ClockConfig)
    HAL_RCC_GetPCLK1Freq                     0x08001c71   Thumb Code    20  stm32f4xx_hal_rcc.o(i.HAL_RCC_GetPCLK1Freq)
    HAL_RCC_GetPCLK2Freq                     0x08001c91   Thumb Code    20  stm32f4xx_hal_rcc.o(i.HAL_RCC_GetPCLK2Freq)
    HAL_RCC_GetSysClockFreq                  0x08001cb1   Thumb Code    88  stm32f4xx_hal_rcc.o(i.HAL_RCC_GetSysClockFreq)
    HAL_RCC_OscConfig                        0x08001d15   Thumb Code   856  stm32f4xx_hal_rcc.o(i.HAL_RCC_OscConfig)
    HAL_SPI_Init                             0x08002081   Thumb Code   188  stm32f4xx_hal_spi.o(i.HAL_SPI_Init)
    HAL_SPI_MspInit                          0x0800213d   Thumb Code    94  spi.o(i.HAL_SPI_MspInit)
    HAL_SPI_Receive                          0x080021a9   Thumb Code   346  stm32f4xx_hal_spi.o(i.HAL_SPI_Receive)
    HAL_SPI_TransmitReceive                  0x08002303   Thumb Code   482  stm32f4xx_hal_spi.o(i.HAL_SPI_TransmitReceive)
    HAL_SYSTICK_Config                       0x080024e5   Thumb Code    40  stm32f4xx_hal_cortex.o(i.HAL_SYSTICK_Config)
    HAL_TIMEx_BreakCallback                  0x0800250d   Thumb Code     2  stm32f4xx_hal_tim_ex.o(i.HAL_TIMEx_BreakCallback)
    HAL_TIMEx_CommutCallback                 0x0800250f   Thumb Code     2  stm32f4xx_hal_tim_ex.o(i.HAL_TIMEx_CommutCallback)
    HAL_TIMEx_MasterConfigSynchronization    0x08002511   Thumb Code   116  stm32f4xx_hal_tim_ex.o(i.HAL_TIMEx_MasterConfigSynchronization)
    HAL_TIM_Base_Init                        0x080025a1   Thumb Code    90  stm32f4xx_hal_tim.o(i.HAL_TIM_Base_Init)
    HAL_TIM_Base_MspInit                     0x080025fd   Thumb Code    50  tim.o(i.HAL_TIM_Base_MspInit)
    HAL_TIM_Base_Start_IT                    0x08002639   Thumb Code   100  stm32f4xx_hal_tim.o(i.HAL_TIM_Base_Start_IT)
    HAL_TIM_ConfigClockSource                0x080026b9   Thumb Code   214  stm32f4xx_hal_tim.o(i.HAL_TIM_ConfigClockSource)
    HAL_TIM_IC_CaptureCallback               0x0800278f   Thumb Code     2  stm32f4xx_hal_tim.o(i.HAL_TIM_IC_CaptureCallback)
    HAL_TIM_IRQHandler                       0x08002791   Thumb Code   358  stm32f4xx_hal_tim.o(i.HAL_TIM_IRQHandler)
    HAL_TIM_OC_DelayElapsedCallback          0x080028f7   Thumb Code     2  stm32f4xx_hal_tim.o(i.HAL_TIM_OC_DelayElapsedCallback)
    HAL_TIM_PWM_PulseFinishedCallback        0x080028f9   Thumb Code     2  stm32f4xx_hal_tim.o(i.HAL_TIM_PWM_PulseFinishedCallback)
    HAL_TIM_PeriodElapsedCallback            0x080028fd   Thumb Code    16  wtr_tim.o(i.HAL_TIM_PeriodElapsedCallback)
    HAL_TIM_TriggerCallback                  0x08002911   Thumb Code     2  stm32f4xx_hal_tim.o(i.HAL_TIM_TriggerCallback)
    HAL_UARTEx_RxEventCallback               0x08002913   Thumb Code     2  stm32f4xx_hal_uart.o(i.HAL_UARTEx_RxEventCallback)
    HAL_UART_ErrorCallback                   0x08002915   Thumb Code     2  stm32f4xx_hal_uart.o(i.HAL_UART_ErrorCallback)
    HAL_UART_IRQHandler                      0x08002919   Thumb Code   522  stm32f4xx_hal_uart.o(i.HAL_UART_IRQHandler)
    HAL_UART_Init                            0x08002b29   Thumb Code    98  stm32f4xx_hal_uart.o(i.HAL_UART_Init)
    HAL_UART_MspInit                         0x08002b8d   Thumb Code   264  usart.o(i.HAL_UART_MspInit)
    HAL_UART_Receive_DMA                     0x08002cb1   Thumb Code    42  stm32f4xx_hal_uart.o(i.HAL_UART_Receive_DMA)
    HAL_UART_RxCpltCallback                  0x08002cdd   Thumb Code    44  wtr_uart.o(i.HAL_UART_RxCpltCallback)
    HAL_UART_RxHalfCpltCallback              0x08002d15   Thumb Code     2  stm32f4xx_hal_uart.o(i.HAL_UART_RxHalfCpltCallback)
    HAL_UART_Transmit_IT                     0x08002d17   Thumb Code    62  stm32f4xx_hal_uart.o(i.HAL_UART_Transmit_IT)
    HAL_UART_TxCpltCallback                  0x08002d55   Thumb Code     2  stm32f4xx_hal_uart.o(i.HAL_UART_TxCpltCallback)
    HardFault_Handler                        0x08002d57   Thumb Code     2  stm32f4xx_it.o(i.HardFault_Handler)
    Laser_ctrl                               0x08002d59   Thumb Code   174  wtr_mission.o(i.Laser_ctrl)
    Led_ctrl                                 0x08002e39   Thumb Code    28  wtr_mission.o(i.Led_ctrl)
    MX_CAN1_Init                             0x08002e5d   Thumb Code    56  can.o(i.MX_CAN1_Init)
    MX_DMA_Init                              0x08002e9d   Thumb Code    56  dma.o(i.MX_DMA_Init)
    MX_GPIO_Init                             0x08002ed9   Thumb Code   252  gpio.o(i.MX_GPIO_Init)
    MX_SPI4_Init                             0x08002fe9   Thumb Code    62  spi.o(i.MX_SPI4_Init)
    MX_TIM1_Init                             0x08003031   Thumb Code    96  tim.o(i.MX_TIM1_Init)
    MX_USART1_UART_Init                      0x08003099   Thumb Code    50  usart.o(i.MX_USART1_UART_Init)
    MX_USART6_UART_Init                      0x080030d9   Thumb Code    48  usart.o(i.MX_USART6_UART_Init)
    MemManage_Handler                        0x08003111   Thumb Code     2  stm32f4xx_it.o(i.MemManage_Handler)
    NMI_Handler                              0x08003113   Thumb Code     2  stm32f4xx_it.o(i.NMI_Handler)
    PendSV_Handler                           0x08003115   Thumb Code     2  stm32f4xx_it.o(i.PendSV_Handler)
    SVC_Handler                              0x08003285   Thumb Code     2  stm32f4xx_it.o(i.SVC_Handler)
    SysTick_Handler                          0x08003287   Thumb Code     4  stm32f4xx_it.o(i.SysTick_Handler)
    SystemClock_Config                       0x0800328d   Thumb Code   150  main.o(i.SystemClock_Config)
    SystemInit                               0x0800332d   Thumb Code    12  system_stm32f4xx_1.o(i.SystemInit)
    TIM1_UP_TIM10_IRQHandler                 0x0800333d   Thumb Code     6  stm32f4xx_it.o(i.TIM1_UP_TIM10_IRQHandler)
    TIM_Base_SetConfig                       0x08003349   Thumb Code   156  stm32f4xx_hal_tim.o(i.TIM_Base_SetConfig)
    TIM_ETR_SetConfig                        0x08003411   Thumb Code    20  stm32f4xx_hal_tim.o(i.TIM_ETR_SetConfig)
    UART1Decode                              0x0800347d   Thumb Code    74  wtr_uart.o(i.UART1Decode)
    UART6Decode                              0x080034d1   Thumb Code   200  wtr_uart.o(i.UART6Decode)
    UART_Start_Receive_DMA                   0x08003879   Thumb Code    98  stm32f4xx_hal_uart.o(i.UART_Start_Receive_DMA)
    USART6_IRQHandler                        0x080038e9   Thumb Code     6  stm32f4xx_it.o(i.USART6_IRQHandler)
    UsageFault_Handler                       0x080038f5   Thumb Code     2  stm32f4xx_it.o(i.UsageFault_Handler)
    WTR_Init                                 0x080038f9   Thumb Code    76  wtr_init.o(i.WTR_Init)
    __scatterload_copy                       0x08003989   Thumb Code    14  handlers.o(i.__scatterload_copy)
    __scatterload_null                       0x08003997   Thumb Code     2  handlers.o(i.__scatterload_null)
    __scatterload_zeroinit                   0x08003999   Thumb Code    14  handlers.o(i.__scatterload_zeroinit)
    get_dji_offset                           0x080039a9   Thumb Code    46  dji.o(i.get_dji_offset)
    laser_init                               0x080039dd   Thumb Code    52  wtr_init.o(i.laser_init)
    main                                     0x08003a19   Thumb Code    60  main.o(i.main)
    header                                   0x08003a54   Data           2  wtr_definition.o(.constdata)
    AHBPrescTable                            0x08003a5e   Data          16  system_stm32f4xx_1.o(.constdata)
    APBPrescTable                            0x08003a6e   Data           8  system_stm32f4xx_1.o(.constdata)
    Region$$Table$$Base                      0x08003a78   Number         0  anon$$obj.o(Region$$Table)
    Region$$Table$$Limit                     0x08003a98   Number         0  anon$$obj.o(Region$$Table)
    CanReceiveData                           0x20000000   Data           8  wtr_definition.o(.data)
    pData                                    0x20000008   Data           4  wtr_mission.o(.data)
    uwTickFreq                               0x20000010   Data           1  stm32f4xx_hal.o(.data)
    uwTickPrio                               0x20000014   Data           4  stm32f4xx_hal.o(.data)
    uwTick                                   0x20000018   Data           4  stm32f4xx_hal.o(.data)
    SystemCoreClock                          0x2000001c   Data           4  system_stm32f4xx_1.o(.data)
    hDJI                                     0x20000020   Data        1120  dji.o(.bss)
    h6020s                                   0x2000049c   Data         756  gm6020.o(.bss)
    recvMsg                                  0x20000790   Data          31  wtr_definition.o(.bss)
    sendBag                                  0x200007af   Data          33  wtr_definition.o(.bss)
    JoyStickReceiveData                      0x200007d0   Data          18  wtr_definition.o(.bss)
    UART6ReceiveData                         0x200007e2   Data          66  wtr_definition.o(.bss)
    spi_data                                 0x20000824   Data          16  wtr_mission.o(.bss)
    sick_dst                                 0x20000834   Data          32  wtr_mission.o(.bss)
    Raw_Data                                 0x20000854   Data          10  wtr_uart.o(.bss)
    hcan1                                    0x20000860   Data          40  can.o(.bss)
    hspi4                                    0x20000888   Data          88  spi.o(.bss)
    htim1                                    0x200008e0   Data          72  tim.o(.bss)
    huart1                                   0x20000928   Data          68  usart.o(.bss)
    huart6                                   0x2000096c   Data          68  usart.o(.bss)
    hdma_usart1_rx                           0x200009b0   Data          96  usart.o(.bss)
    hdma_usart6_rx                           0x20000a10   Data          96  usart.o(.bss)
    __initial_sp                             0x20000e70   Data           0  startup_stm32f427xx.o(STACK)



==============================================================================

Memory Map of the image

  Image Entry point : 0x080001ad

  Load Region LR_IROM1 (Base: 0x08000000, Size: 0x00003ab8, Max: 0x00200000, ABSOLUTE)

    Execution Region ER_IROM1 (Exec base: 0x08000000, Load base: 0x08000000, Size: 0x00003a98, Max: 0x00200000, ABSOLUTE)

    Exec Addr    Load Addr    Size         Type   Attr      Idx    E Section Name        Object

    0x08000000   0x08000000   0x000001ac   Data   RO            3    RESET               startup_stm32f427xx.o
    0x080001ac   0x080001ac   0x00000000   Code   RO         4097  * .ARM.Collect$$$$00000000  mc_w.l(entry.o)
    0x080001ac   0x080001ac   0x00000004   Code   RO         4120    .ARM.Collect$$$$00000001  mc_w.l(entry2.o)
    0x080001b0   0x080001b0   0x00000004   Code   RO         4123    .ARM.Collect$$$$00000004  mc_w.l(entry5.o)
    0x080001b4   0x080001b4   0x00000000   Code   RO         4125    .ARM.Collect$$$$00000008  mc_w.l(entry7b.o)
    0x080001b4   0x080001b4   0x00000000   Code   RO         4127    .ARM.Collect$$$$0000000A  mc_w.l(entry8b.o)
    0x080001b4   0x080001b4   0x00000008   Code   RO         4128    .ARM.Collect$$$$0000000B  mc_w.l(entry9a.o)
    0x080001bc   0x080001bc   0x00000004   Code   RO         4135    .ARM.Collect$$$$0000000E  mc_w.l(entry12b.o)
    0x080001c0   0x080001c0   0x00000000   Code   RO         4130    .ARM.Collect$$$$0000000F  mc_w.l(entry10a.o)
    0x080001c0   0x080001c0   0x00000000   Code   RO         4132    .ARM.Collect$$$$00000011  mc_w.l(entry11a.o)
    0x080001c0   0x080001c0   0x00000004   Code   RO         4121    .ARM.Collect$$$$00002712  mc_w.l(entry2.o)
    0x080001c4   0x080001c4   0x00000024   Code   RO            4    .text               startup_stm32f427xx.o
    0x080001e8   0x080001e8   0x00000062   Code   RO         4100    .text               mc_w.l(uldiv.o)
    0x0800024a   0x0800024a   0x00000024   Code   RO         4102    .text               mc_w.l(memcpya.o)
    0x0800026e   0x0800026e   0x00000024   Code   RO         4104    .text               mc_w.l(memseta.o)
    0x08000292   0x08000292   0x0000014e   Code   RO         4108    .text               mf_w.l(dadd.o)
    0x080003e0   0x080003e0   0x000000e4   Code   RO         4110    .text               mf_w.l(dmul.o)
    0x080004c4   0x080004c4   0x000000de   Code   RO         4112    .text               mf_w.l(ddiv.o)
    0x080005a2   0x080005a2   0x0000001a   Code   RO         4114    .text               mf_w.l(dfltui.o)
    0x080005bc   0x080005bc   0x00000026   Code   RO         4116    .text               mf_w.l(f2d.o)
    0x080005e2   0x080005e2   0x00000038   Code   RO         4118    .text               mf_w.l(d2f.o)
    0x0800061a   0x0800061a   0x0000001e   Code   RO         4136    .text               mc_w.l(llshl.o)
    0x08000638   0x08000638   0x00000020   Code   RO         4138    .text               mc_w.l(llushr.o)
    0x08000658   0x08000658   0x00000024   Code   RO         4140    .text               mc_w.l(llsshr.o)
    0x0800067c   0x0800067c   0x00000000   Code   RO         4149    .text               mc_w.l(iusefp.o)
    0x0800067c   0x0800067c   0x0000006e   Code   RO         4150    .text               mf_w.l(fepilogue.o)
    0x080006ea   0x080006ea   0x000000ba   Code   RO         4152    .text               mf_w.l(depilogue.o)
    0x080007a4   0x080007a4   0x00000024   Code   RO         4158    .text               mc_w.l(init.o)
    0x080007c8   0x080007c8   0x00000002   Code   RO          820    i.BusFault_Handler  stm32f4xx_it.o
    0x080007ca   0x080007ca   0x00000002   PAD
    0x080007cc   0x080007cc   0x0000000c   Code   RO          821    i.CAN1_RX0_IRQHandler  stm32f4xx_it.o
    0x080007d8   0x080007d8   0x0000004e   Code   RO          314    i.CANFilterInit     wtr_can.o
    0x08000826   0x08000826   0x00000002   PAD
    0x08000828   0x08000828   0x0000001c   Code   RO          315    i.CanDataDecode     wtr_can.o
    0x08000844   0x08000844   0x0000003c   Code   RO           15    i.DJI_CanMsgDecode  dji.o
    0x08000880   0x08000880   0x00000098   Code   RO           16    i.DJI_Init          dji.o
    0x08000918   0x08000918   0x00000110   Code   RO           17    i.DJI_Update        dji.o
    0x08000a28   0x08000a28   0x0000000c   Code   RO          822    i.DMA2_Stream1_IRQHandler  stm32f4xx_it.o
    0x08000a34   0x08000a34   0x0000000c   Code   RO          823    i.DMA2_Stream2_IRQHandler  stm32f4xx_it.o
    0x08000a40   0x08000a40   0x00000028   Code   RO         1695    i.DMA_CalcBaseAndBitshift  stm32f4xx_hal_dma.o
    0x08000a68   0x08000a68   0x00000054   Code   RO         1696    i.DMA_CheckFifoParam  stm32f4xx_hal_dma.o
    0x08000abc   0x08000abc   0x00000028   Code   RO         1697    i.DMA_SetConfig     stm32f4xx_hal_dma.o
    0x08000ae4   0x08000ae4   0x00000002   Code   RO          824    i.DebugMon_Handler  stm32f4xx_it.o
    0x08000ae6   0x08000ae6   0x00000002   PAD
    0x08000ae8   0x08000ae8   0x0000008c   Code   RO          415    i.ElectroMag_ctrl   wtr_mission.o
    0x08000b74   0x08000b74   0x00000004   Code   RO          559    i.Error_Handler     main.o
    0x08000b78   0x08000b78   0x00000024   Code   RO          416    i.Feedback_ctrl     wtr_mission.o
    0x08000b9c   0x08000b9c   0x00000016   Code   RO          189    i.GM6020_CanMsgDecode  gm6020.o
    0x08000bb2   0x08000bb2   0x00000002   PAD
    0x08000bb4   0x08000bb4   0x00000068   Code   RO          190    i.GM6020_Init       gm6020.o
    0x08000c1c   0x08000c1c   0x00000114   Code   RO          191    i.GM6020_Update     gm6020.o
    0x08000d30   0x08000d30   0x00000024   Code   RO          951    i.HAL_CAN_ActivateNotification  stm32f4xx_hal_can.o
    0x08000d54   0x08000d54   0x0000010c   Code   RO          953    i.HAL_CAN_ConfigFilter  stm32f4xx_hal_can.o
    0x08000e60   0x08000e60   0x00000002   Code   RO          956    i.HAL_CAN_ErrorCallback  stm32f4xx_hal_can.o
    0x08000e62   0x08000e62   0x000000e8   Code   RO          959    i.HAL_CAN_GetRxMessage  stm32f4xx_hal_can.o
    0x08000f4a   0x08000f4a   0x000001fc   Code   RO          963    i.HAL_CAN_IRQHandler  stm32f4xx_hal_can.o
    0x08001146   0x08001146   0x0000011a   Code   RO          964    i.HAL_CAN_Init      stm32f4xx_hal_can.o
    0x08001260   0x08001260   0x00000078   Code   RO          623    i.HAL_CAN_MspInit   can.o
    0x080012d8   0x080012d8   0x00000002   Code   RO          971    i.HAL_CAN_RxFifo0FullCallback  stm32f4xx_hal_can.o
    0x080012da   0x080012da   0x00000002   PAD
    0x080012dc   0x080012dc   0x00000034   Code   RO          316    i.HAL_CAN_RxFifo0MsgPendingCallback  wtr_can.o
    0x08001310   0x08001310   0x00000002   Code   RO          973    i.HAL_CAN_RxFifo1FullCallback  stm32f4xx_hal_can.o
    0x08001312   0x08001312   0x00000002   Code   RO          974    i.HAL_CAN_RxFifo1MsgPendingCallback  stm32f4xx_hal_can.o
    0x08001314   0x08001314   0x00000002   Code   RO          975    i.HAL_CAN_SleepCallback  stm32f4xx_hal_can.o
    0x08001316   0x08001316   0x00000002   PAD
    0x08001318   0x08001318   0x00000058   Code   RO          976    i.HAL_CAN_Start     stm32f4xx_hal_can.o
    0x08001370   0x08001370   0x00000002   Code   RO          978    i.HAL_CAN_TxMailbox0AbortCallback  stm32f4xx_hal_can.o
    0x08001372   0x08001372   0x00000002   Code   RO          979    i.HAL_CAN_TxMailbox0CompleteCallback  stm32f4xx_hal_can.o
    0x08001374   0x08001374   0x00000002   Code   RO          980    i.HAL_CAN_TxMailbox1AbortCallback  stm32f4xx_hal_can.o
    0x08001376   0x08001376   0x00000002   Code   RO          981    i.HAL_CAN_TxMailbox1CompleteCallback  stm32f4xx_hal_can.o
    0x08001378   0x08001378   0x00000002   Code   RO          982    i.HAL_CAN_TxMailbox2AbortCallback  stm32f4xx_hal_can.o
    0x0800137a   0x0800137a   0x00000002   Code   RO          983    i.HAL_CAN_TxMailbox2CompleteCallback  stm32f4xx_hal_can.o
    0x0800137c   0x0800137c   0x00000002   Code   RO          985    i.HAL_CAN_WakeUpFromRxMsgCallback  stm32f4xx_hal_can.o
    0x0800137e   0x0800137e   0x0000008e   Code   RO         1698    i.HAL_DMA_Abort     stm32f4xx_hal_dma.o
    0x0800140c   0x0800140c   0x00000024   Code   RO         1699    i.HAL_DMA_Abort_IT  stm32f4xx_hal_dma.o
    0x08001430   0x08001430   0x000001a0   Code   RO         1703    i.HAL_DMA_IRQHandler  stm32f4xx_hal_dma.o
    0x080015d0   0x080015d0   0x000000d4   Code   RO         1704    i.HAL_DMA_Init      stm32f4xx_hal_dma.o
    0x080016a4   0x080016a4   0x0000006e   Code   RO         1708    i.HAL_DMA_Start_IT  stm32f4xx_hal_dma.o
    0x08001712   0x08001712   0x00000002   PAD
    0x08001714   0x08001714   0x00000024   Code   RO         2135    i.HAL_Delay         stm32f4xx_hal.o
    0x08001738   0x08001738   0x00000230   Code   RO         1591    i.HAL_GPIO_Init     stm32f4xx_hal_gpio.o
    0x08001968   0x08001968   0x0000000a   Code   RO         1593    i.HAL_GPIO_ReadPin  stm32f4xx_hal_gpio.o
    0x08001972   0x08001972   0x00000010   Code   RO         1594    i.HAL_GPIO_TogglePin  stm32f4xx_hal_gpio.o
    0x08001982   0x08001982   0x0000000a   Code   RO         1595    i.HAL_GPIO_WritePin  stm32f4xx_hal_gpio.o
    0x0800198c   0x0800198c   0x0000000c   Code   RO         2143    i.HAL_GetTick       stm32f4xx_hal.o
    0x08001998   0x08001998   0x00000010   Code   RO         2149    i.HAL_IncTick       stm32f4xx_hal.o
    0x080019a8   0x080019a8   0x00000034   Code   RO         2150    i.HAL_Init          stm32f4xx_hal.o
    0x080019dc   0x080019dc   0x00000040   Code   RO         2151    i.HAL_InitTick      stm32f4xx_hal.o
    0x08001a1c   0x08001a1c   0x00000030   Code   RO          926    i.HAL_MspInit       stm32f4xx_hal_msp.o
    0x08001a4c   0x08001a4c   0x0000001a   Code   RO         1998    i.HAL_NVIC_EnableIRQ  stm32f4xx_hal_cortex.o
    0x08001a66   0x08001a66   0x00000002   PAD
    0x08001a68   0x08001a68   0x00000040   Code   RO         2004    i.HAL_NVIC_SetPriority  stm32f4xx_hal_cortex.o
    0x08001aa8   0x08001aa8   0x00000024   Code   RO         2005    i.HAL_NVIC_SetPriorityGrouping  stm32f4xx_hal_cortex.o
    0x08001acc   0x08001acc   0x00000070   Code   RO         1927    i.HAL_PWREx_EnableOverDrive  stm32f4xx_hal_pwr_ex.o
    0x08001b3c   0x08001b3c   0x00000134   Code   RO         1185    i.HAL_RCC_ClockConfig  stm32f4xx_hal_rcc.o
    0x08001c70   0x08001c70   0x00000020   Code   RO         1192    i.HAL_RCC_GetPCLK1Freq  stm32f4xx_hal_rcc.o
    0x08001c90   0x08001c90   0x00000020   Code   RO         1193    i.HAL_RCC_GetPCLK2Freq  stm32f4xx_hal_rcc.o
    0x08001cb0   0x08001cb0   0x00000064   Code   RO         1194    i.HAL_RCC_GetSysClockFreq  stm32f4xx_hal_rcc.o
    0x08001d14   0x08001d14   0x0000036c   Code   RO         1197    i.HAL_RCC_OscConfig  stm32f4xx_hal_rcc.o
    0x08002080   0x08002080   0x000000bc   Code   RO         2409    i.HAL_SPI_Init      stm32f4xx_hal_spi.o
    0x0800213c   0x0800213c   0x0000006c   Code   RO          689    i.HAL_SPI_MspInit   spi.o
    0x080021a8   0x080021a8   0x0000015a   Code   RO         2412    i.HAL_SPI_Receive   stm32f4xx_hal_spi.o
    0x08002302   0x08002302   0x000001e2   Code   RO         2418    i.HAL_SPI_TransmitReceive  stm32f4xx_hal_spi.o
    0x080024e4   0x080024e4   0x00000028   Code   RO         2009    i.HAL_SYSTICK_Config  stm32f4xx_hal_cortex.o
    0x0800250c   0x0800250c   0x00000002   Code   RO         3426    i.HAL_TIMEx_BreakCallback  stm32f4xx_hal_tim_ex.o
    0x0800250e   0x0800250e   0x00000002   Code   RO         3427    i.HAL_TIMEx_CommutCallback  stm32f4xx_hal_tim_ex.o
    0x08002510   0x08002510   0x00000090   Code   RO         3445    i.HAL_TIMEx_MasterConfigSynchronization  stm32f4xx_hal_tim_ex.o
    0x080025a0   0x080025a0   0x0000005a   Code   RO         2722    i.HAL_TIM_Base_Init  stm32f4xx_hal_tim.o
    0x080025fa   0x080025fa   0x00000002   PAD
    0x080025fc   0x080025fc   0x0000003c   Code   RO          731    i.HAL_TIM_Base_MspInit  tim.o
    0x08002638   0x08002638   0x00000080   Code   RO         2727    i.HAL_TIM_Base_Start_IT  stm32f4xx_hal_tim.o
    0x080026b8   0x080026b8   0x000000d6   Code   RO         2731    i.HAL_TIM_ConfigClockSource  stm32f4xx_hal_tim.o
    0x0800278e   0x0800278e   0x00000002   Code   RO         2756    i.HAL_TIM_IC_CaptureCallback  stm32f4xx_hal_tim.o
    0x08002790   0x08002790   0x00000166   Code   RO         2770    i.HAL_TIM_IRQHandler  stm32f4xx_hal_tim.o
    0x080028f6   0x080028f6   0x00000002   Code   RO         2773    i.HAL_TIM_OC_DelayElapsedCallback  stm32f4xx_hal_tim.o
    0x080028f8   0x080028f8   0x00000002   Code   RO         2800    i.HAL_TIM_PWM_PulseFinishedCallback  stm32f4xx_hal_tim.o
    0x080028fa   0x080028fa   0x00000002   PAD
    0x080028fc   0x080028fc   0x00000014   Code   RO          480    i.HAL_TIM_PeriodElapsedCallback  wtr_tim.o
    0x08002910   0x08002910   0x00000002   Code   RO         2813    i.HAL_TIM_TriggerCallback  stm32f4xx_hal_tim.o
    0x08002912   0x08002912   0x00000002   Code   RO         3704    i.HAL_UARTEx_RxEventCallback  stm32f4xx_hal_uart.o
    0x08002914   0x08002914   0x00000002   Code   RO         3718    i.HAL_UART_ErrorCallback  stm32f4xx_hal_uart.o
    0x08002916   0x08002916   0x00000002   PAD
    0x08002918   0x08002918   0x00000210   Code   RO         3721    i.HAL_UART_IRQHandler  stm32f4xx_hal_uart.o
    0x08002b28   0x08002b28   0x00000062   Code   RO         3722    i.HAL_UART_Init     stm32f4xx_hal_uart.o
    0x08002b8a   0x08002b8a   0x00000002   PAD
    0x08002b8c   0x08002b8c   0x00000124   Code   RO          773    i.HAL_UART_MspInit  usart.o
    0x08002cb0   0x08002cb0   0x0000002a   Code   RO         3726    i.HAL_UART_Receive_DMA  stm32f4xx_hal_uart.o
    0x08002cda   0x08002cda   0x00000002   PAD
    0x08002cdc   0x08002cdc   0x00000038   Code   RO          508    i.HAL_UART_RxCpltCallback  wtr_uart.o
    0x08002d14   0x08002d14   0x00000002   Code   RO         3729    i.HAL_UART_RxHalfCpltCallback  stm32f4xx_hal_uart.o
    0x08002d16   0x08002d16   0x0000003e   Code   RO         3732    i.HAL_UART_Transmit_IT  stm32f4xx_hal_uart.o
    0x08002d54   0x08002d54   0x00000002   Code   RO         3733    i.HAL_UART_TxCpltCallback  stm32f4xx_hal_uart.o
    0x08002d56   0x08002d56   0x00000002   Code   RO          825    i.HardFault_Handler  stm32f4xx_it.o
    0x08002d58   0x08002d58   0x000000e0   Code   RO          418    i.Laser_ctrl        wtr_mission.o
    0x08002e38   0x08002e38   0x00000024   Code   RO          419    i.Led_ctrl          wtr_mission.o
    0x08002e5c   0x08002e5c   0x00000040   Code   RO          624    i.MX_CAN1_Init      can.o
    0x08002e9c   0x08002e9c   0x0000003c   Code   RO          664    i.MX_DMA_Init       dma.o
    0x08002ed8   0x08002ed8   0x00000110   Code   RO          598    i.MX_GPIO_Init      gpio.o
    0x08002fe8   0x08002fe8   0x00000048   Code   RO          690    i.MX_SPI4_Init      spi.o
    0x08003030   0x08003030   0x00000068   Code   RO          732    i.MX_TIM1_Init      tim.o
    0x08003098   0x08003098   0x00000040   Code   RO          774    i.MX_USART1_UART_Init  usart.o
    0x080030d8   0x080030d8   0x00000038   Code   RO          775    i.MX_USART6_UART_Init  usart.o
    0x08003110   0x08003110   0x00000002   Code   RO          826    i.MemManage_Handler  stm32f4xx_it.o
    0x08003112   0x08003112   0x00000002   Code   RO          827    i.NMI_Handler       stm32f4xx_it.o
    0x08003114   0x08003114   0x00000002   Code   RO          828    i.PendSV_Handler    stm32f4xx_it.o
    0x08003116   0x08003116   0x0000005c   Code   RO         2446    i.SPI_EndRxTransaction  stm32f4xx_hal_spi.o
    0x08003172   0x08003172   0x00000002   PAD
    0x08003174   0x08003174   0x00000058   Code   RO         2447    i.SPI_EndRxTxTransaction  stm32f4xx_hal_spi.o
    0x080031cc   0x080031cc   0x000000b8   Code   RO         2452    i.SPI_WaitFlagStateUntilTimeout  stm32f4xx_hal_spi.o
    0x08003284   0x08003284   0x00000002   Code   RO          829    i.SVC_Handler       stm32f4xx_it.o
    0x08003286   0x08003286   0x00000004   Code   RO          830    i.SysTick_Handler   stm32f4xx_it.o
    0x0800328a   0x0800328a   0x00000002   PAD
    0x0800328c   0x0800328c   0x000000a0   Code   RO          560    i.SystemClock_Config  main.o
    0x0800332c   0x0800332c   0x00000010   Code   RO         4051    i.SystemInit        system_stm32f4xx_1.o
    0x0800333c   0x0800333c   0x0000000c   Code   RO          831    i.TIM1_UP_TIM10_IRQHandler  stm32f4xx_it.o
    0x08003348   0x08003348   0x000000c8   Code   RO         2815    i.TIM_Base_SetConfig  stm32f4xx_hal_tim.o
    0x08003410   0x08003410   0x00000014   Code   RO         2826    i.TIM_ETR_SetConfig  stm32f4xx_hal_tim.o
    0x08003424   0x08003424   0x00000010   Code   RO         2827    i.TIM_ITRx_SetConfig  stm32f4xx_hal_tim.o
    0x08003434   0x08003434   0x00000022   Code   RO         2833    i.TIM_TI1_ConfigInputStage  stm32f4xx_hal_tim.o
    0x08003456   0x08003456   0x00000024   Code   RO         2835    i.TIM_TI2_ConfigInputStage  stm32f4xx_hal_tim.o
    0x0800347a   0x0800347a   0x00000002   PAD
    0x0800347c   0x0800347c   0x00000054   Code   RO          509    i.UART1Decode       wtr_uart.o
    0x080034d0   0x080034d0   0x000000dc   Code   RO          510    i.UART6Decode       wtr_uart.o
    0x080035ac   0x080035ac   0x00000010   Code   RO         3735    i.UART_DMAAbortOnError  stm32f4xx_hal_uart.o
    0x080035bc   0x080035bc   0x0000004a   Code   RO         3736    i.UART_DMAError     stm32f4xx_hal_uart.o
    0x08003606   0x08003606   0x0000005a   Code   RO         3737    i.UART_DMAReceiveCplt  stm32f4xx_hal_uart.o
    0x08003660   0x08003660   0x0000001a   Code   RO         3739    i.UART_DMARxHalfCplt  stm32f4xx_hal_uart.o
    0x0800367a   0x0800367a   0x00000030   Code   RO         3745    i.UART_EndRxTransfer  stm32f4xx_hal_uart.o
    0x080036aa   0x080036aa   0x00000012   Code   RO         3746    i.UART_EndTxTransfer  stm32f4xx_hal_uart.o
    0x080036bc   0x080036bc   0x000000ae   Code   RO         3747    i.UART_Receive_IT   stm32f4xx_hal_uart.o
    0x0800376a   0x0800376a   0x00000002   PAD
    0x0800376c   0x0800376c   0x0000010c   Code   RO         3748    i.UART_SetConfig    stm32f4xx_hal_uart.o
    0x08003878   0x08003878   0x00000070   Code   RO         3749    i.UART_Start_Receive_DMA  stm32f4xx_hal_uart.o
    0x080038e8   0x080038e8   0x0000000c   Code   RO          832    i.USART6_IRQHandler  stm32f4xx_it.o
    0x080038f4   0x080038f4   0x00000002   Code   RO          833    i.UsageFault_Handler  stm32f4xx_it.o
    0x080038f6   0x080038f6   0x00000002   PAD
    0x080038f8   0x080038f8   0x00000070   Code   RO          382    i.WTR_Init          wtr_init.o
    0x08003968   0x08003968   0x00000020   Code   RO         2011    i.__NVIC_SetPriority  stm32f4xx_hal_cortex.o
    0x08003988   0x08003988   0x0000000e   Code   RO         4162    i.__scatterload_copy  mc_w.l(handlers.o)
    0x08003996   0x08003996   0x00000002   Code   RO         4163    i.__scatterload_null  mc_w.l(handlers.o)
    0x08003998   0x08003998   0x0000000e   Code   RO         4164    i.__scatterload_zeroinit  mc_w.l(handlers.o)
    0x080039a6   0x080039a6   0x00000002   PAD
    0x080039a8   0x080039a8   0x00000034   Code   RO           19    i.get_dji_offset    dji.o
    0x080039dc   0x080039dc   0x0000003c   Code   RO          383    i.laser_init        wtr_init.o
    0x08003a18   0x08003a18   0x0000003c   Code   RO          561    i.main              main.o
    0x08003a54   0x08003a54   0x00000002   Data   RO          357    .constdata          wtr_definition.o
    0x08003a56   0x08003a56   0x00000008   Data   RO         1710    .constdata          stm32f4xx_hal_dma.o
    0x08003a5e   0x08003a5e   0x00000010   Data   RO         4052    .constdata          system_stm32f4xx_1.o
    0x08003a6e   0x08003a6e   0x00000008   Data   RO         4053    .constdata          system_stm32f4xx_1.o
    0x08003a76   0x08003a76   0x00000002   PAD
    0x08003a78   0x08003a78   0x00000020   Data   RO         4160    Region$$Table       anon$$obj.o


    Execution Region RW_IRAM2 (Exec base: 0x10000000, Load base: 0x08003ab8, Size: 0x00000000, Max: 0x00010000, ABSOLUTE)

    **** No section assigned to this execution region ****


    Execution Region RW_IRAM1 (Exec base: 0x20000000, Load base: 0x08003a98, Size: 0x00000e70, Max: 0x00030000, ABSOLUTE)

    Exec Addr    Load Addr    Size         Type   Attr      Idx    E Section Name        Object

    0x20000000   0x08003a98   0x00000008   Data   RW          358    .data               wtr_definition.o
    0x20000008   0x08003aa0   0x00000008   Data   RW          422    .data               wtr_mission.o
    0x20000010   0x08003aa8   0x0000000c   Data   RW         2157    .data               stm32f4xx_hal.o
    0x2000001c   0x08003ab4   0x00000004   Data   RW         4054    .data               system_stm32f4xx_1.o
    0x20000020        -       0x00000460   Zero   RW           20    .bss                dji.o
    0x20000480        -       0x00000310   Zero   RW          192    .bss                gm6020.o
    0x20000790        -       0x0000001f   Zero   RW          353    .bss                wtr_definition.o
    0x200007af        -       0x00000021   Zero   RW          354    .bss                wtr_definition.o
    0x200007d0        -       0x00000012   Zero   RW          355    .bss                wtr_definition.o
    0x200007e2        -       0x00000042   Zero   RW          356    .bss                wtr_definition.o
    0x20000824        -       0x00000030   Zero   RW          421    .bss                wtr_mission.o
    0x20000854        -       0x0000000a   Zero   RW          512    .bss                wtr_uart.o
    0x2000085e   0x08003ab8   0x00000002   PAD
    0x20000860        -       0x00000028   Zero   RW          625    .bss                can.o
    0x20000888        -       0x00000058   Zero   RW          691    .bss                spi.o
    0x200008e0        -       0x00000048   Zero   RW          733    .bss                tim.o
    0x20000928        -       0x00000148   Zero   RW          776    .bss                usart.o
    0x20000a70        -       0x00000400   Zero   RW            1    STACK               startup_stm32f427xx.o


==============================================================================

Image component sizes


      Code (inc. data)   RO Data    RW Data    ZI Data      Debug   Object Name

       184         22          0          0         40       1817   can.o
       536         62          0          0       1120     759803   dji.o
        60          4          0          0          0        906   dma.o
       402         60          0          0        784       4088   gm6020.o
       272         20          0          0          0       1223   gpio.o
         0          0          0          0          0       1097   m3508_ctrl.o
       224         10          0          0          0       2288   main.o
       180         24          0          0         88       1813   spi.o
        36          8        428          0       1024        836   startup_stm32f427xx.o
       180         28          0         12          0       9681   stm32f4xx_hal.o
      1438          6          0          0          0      13248   stm32f4xx_hal_can.o
       198         14          0          0          0      33947   stm32f4xx_hal_cortex.o
      1080         16          8          0          0       7470   stm32f4xx_hal_dma.o
       596         52          0          0          0       3632   stm32f4xx_hal_gpio.o
        48          6          0          0          0        978   stm32f4xx_hal_msp.o
       112         14          0          0          0       1408   stm32f4xx_hal_pwr_ex.o
      1348         76          0          0          0       5364   stm32f4xx_hal_rcc.o
      1380         12          0          0          0       7079   stm32f4xx_hal_spi.o
      1104         72          0          0          0      10233   stm32f4xx_hal_tim.o
       148         28          0          0          0       2577   stm32f4xx_hal_tim_ex.o
      1564         30          0          0          0      12863   stm32f4xx_hal_uart.o
        80         30          0          0          0       6543   stm32f4xx_it.o
        16          4         24          4          0       1251   system_stm32f4xx_1.o
       164         18          0          0         72       1822   tim.o
       412         50          0          0        328       2729   usart.o
       158         12          0          0          0       2212   wtr_can.o
         0          0          2          8        148       1705   wtr_definition.o
       172         44          0          0          0       1068   wtr_init.o
       436         82          0          8         48       3080   wtr_mission.o
        20          4          0          0          0       1020   wtr_tim.o
       360         42          0          0         10       3017   wtr_uart.o

    ----------------------------------------------------------------------
     12944        850        496         32       3664     906798   Object Totals
         0          0         32          0          0          0   (incl. Generated)
        36          0          2          0          2          0   (incl. Padding)

    ----------------------------------------------------------------------

      Code (inc. data)   RO Data    RW Data    ZI Data      Debug   Library Member Name

         0          0          0          0          0          0   entry.o
         0          0          0          0          0          0   entry10a.o
         0          0          0          0          0          0   entry11a.o
         4          0          0          0          0          0   entry12b.o
         8          4          0          0          0          0   entry2.o
         4          0          0          0          0          0   entry5.o
         0          0          0          0          0          0   entry7b.o
         0          0          0          0          0          0   entry8b.o
         8          4          0          0          0          0   entry9a.o
        30          0          0          0          0          0   handlers.o
        36          8          0          0          0         68   init.o
         0          0          0          0          0          0   iusefp.o
        30          0          0          0          0         68   llshl.o
        36          0          0          0          0         68   llsshr.o
        32          0          0          0          0         68   llushr.o
        36          0          0          0          0         68   memcpya.o
        36          0          0          0          0        108   memseta.o
        98          0          0          0          0         92   uldiv.o
        56          0          0          0          0         88   d2f.o
       334          0          0          0          0        148   dadd.o
       222          0          0          0          0        100   ddiv.o
       186          0          0          0          0        176   depilogue.o
        26          0          0          0          0         76   dfltui.o
       228          0          0          0          0         96   dmul.o
        38          0          0          0          0         68   f2d.o
       110          0          0          0          0        168   fepilogue.o

    ----------------------------------------------------------------------
      1560         16          0          0          0       1460   Library Totals
         2          0          0          0          0          0   (incl. Padding)

    ----------------------------------------------------------------------

      Code (inc. data)   RO Data    RW Data    ZI Data      Debug   Library Name

       358         16          0          0          0        540   mc_w.l
      1200          0          0          0          0        920   mf_w.l

    ----------------------------------------------------------------------
      1560         16          0          0          0       1460   Library Totals

    ----------------------------------------------------------------------

==============================================================================


      Code (inc. data)   RO Data    RW Data    ZI Data      Debug   

     14504        866        496         32       3664     895338   Grand Totals
     14504        866        496         32       3664     895338   ELF Image Totals
     14504        866        496         32          0          0   ROM Totals

==============================================================================

    Total RO  Size (Code + RO Data)                15000 (  14.65kB)
    Total RW  Size (RW Data + ZI Data)              3696 (   3.61kB)
    Total ROM Size (Code + RO Data + RW Data)      15032 (  14.68kB)

==============================================================================

