Component: ARM Compiler 5.06 update 7 (build 960) Tool: armlink [4d3601]

==============================================================================

Section Cross References

    startup_stm32f427xx.o(RESET) refers to startup_stm32f427xx.o(STACK) for __initial_sp
    startup_stm32f427xx.o(RESET) refers to startup_stm32f427xx.o(.text) for Reset_Handler
    startup_stm32f427xx.o(RESET) refers to stm32f4xx_it.o(i.NMI_Handler) for NMI_Handler
    startup_stm32f427xx.o(RESET) refers to stm32f4xx_it.o(i.HardFault_Handler) for HardFault_Handler
    startup_stm32f427xx.o(RESET) refers to stm32f4xx_it.o(i.MemManage_Handler) for MemManage_Handler
    startup_stm32f427xx.o(RESET) refers to stm32f4xx_it.o(i.BusFault_Handler) for BusFault_Handler
    startup_stm32f427xx.o(RESET) refers to stm32f4xx_it.o(i.UsageFault_Handler) for UsageFault_Handler
    startup_stm32f427xx.o(RESET) refers to stm32f4xx_it.o(i.SVC_Handler) for SVC_Handler
    startup_stm32f427xx.o(RESET) refers to stm32f4xx_it.o(i.DebugMon_Handler) for DebugMon_Handler
    startup_stm32f427xx.o(RESET) refers to stm32f4xx_it.o(i.PendSV_Handler) for PendSV_Handler
    startup_stm32f427xx.o(RESET) refers to stm32f4xx_it.o(i.SysTick_Handler) for SysTick_Handler
    startup_stm32f427xx.o(RESET) refers to stm32f4xx_it.o(i.CAN1_RX0_IRQHandler) for CAN1_RX0_IRQHandler
    startup_stm32f427xx.o(RESET) refers to stm32f4xx_it.o(i.TIM1_UP_TIM10_IRQHandler) for TIM1_UP_TIM10_IRQHandler
    startup_stm32f427xx.o(RESET) refers to stm32f4xx_it.o(i.DMA2_Stream1_IRQHandler) for DMA2_Stream1_IRQHandler
    startup_stm32f427xx.o(RESET) refers to stm32f4xx_it.o(i.DMA2_Stream2_IRQHandler) for DMA2_Stream2_IRQHandler
    startup_stm32f427xx.o(RESET) refers to stm32f4xx_it.o(i.USART6_IRQHandler) for USART6_IRQHandler
    startup_stm32f427xx.o(.text) refers to system_stm32f4xx.o(i.SystemInit) for SystemInit
    startup_stm32f427xx.o(.text) refers to entry.o(.ARM.Collect$$$$00000000) for __main
    main.o(i.SystemClock_Config) refers to memseta.o(.text) for __aeabi_memclr4
    main.o(i.SystemClock_Config) refers to stm32f4xx_hal_rcc.o(i.HAL_RCC_OscConfig) for HAL_RCC_OscConfig
    main.o(i.SystemClock_Config) refers to stm32f4xx_hal_pwr_ex.o(i.HAL_PWREx_EnableOverDrive) for HAL_PWREx_EnableOverDrive
    main.o(i.SystemClock_Config) refers to stm32f4xx_hal_rcc.o(i.HAL_RCC_ClockConfig) for HAL_RCC_ClockConfig
    main.o(i.main) refers to stm32f4xx_hal.o(i.HAL_Init) for HAL_Init
    main.o(i.main) refers to main.o(i.SystemClock_Config) for SystemClock_Config
    main.o(i.main) refers to gpio.o(i.MX_GPIO_Init) for MX_GPIO_Init
    main.o(i.main) refers to dma.o(i.MX_DMA_Init) for MX_DMA_Init
    main.o(i.main) refers to can.o(i.MX_CAN1_Init) for MX_CAN1_Init
    main.o(i.main) refers to tim.o(i.MX_TIM1_Init) for MX_TIM1_Init
    main.o(i.main) refers to usart.o(i.MX_USART6_UART_Init) for MX_USART6_UART_Init
    main.o(i.main) refers to usart.o(i.MX_USART1_UART_Init) for MX_USART1_UART_Init
    main.o(i.main) refers to spi.o(i.MX_SPI4_Init) for MX_SPI4_Init
    main.o(i.main) refers to wtr_init.o(i.WTR_Init) for WTR_Init
    main.o(i.main) refers to stm32f4xx_hal_uart.o(i.HAL_UART_Receive_DMA) for HAL_UART_Receive_DMA
    main.o(i.main) refers to wtr_definition.o(.bss) for UART6ReceiveData
    main.o(i.main) refers to usart.o(.bss) for huart6
    gpio.o(i.MX_GPIO_Init) refers to memseta.o(.text) for __aeabi_memclr4
    gpio.o(i.MX_GPIO_Init) refers to stm32f4xx_hal_gpio.o(i.HAL_GPIO_WritePin) for HAL_GPIO_WritePin
    gpio.o(i.MX_GPIO_Init) refers to stm32f4xx_hal_gpio.o(i.HAL_GPIO_Init) for HAL_GPIO_Init
    can.o(i.HAL_CAN_MspDeInit) refers to stm32f4xx_hal_gpio.o(i.HAL_GPIO_DeInit) for HAL_GPIO_DeInit
    can.o(i.HAL_CAN_MspDeInit) refers to stm32f4xx_hal_cortex.o(i.HAL_NVIC_DisableIRQ) for HAL_NVIC_DisableIRQ
    can.o(i.HAL_CAN_MspInit) refers to memseta.o(.text) for __aeabi_memclr4
    can.o(i.HAL_CAN_MspInit) refers to stm32f4xx_hal_gpio.o(i.HAL_GPIO_Init) for HAL_GPIO_Init
    can.o(i.HAL_CAN_MspInit) refers to stm32f4xx_hal_cortex.o(i.HAL_NVIC_SetPriority) for HAL_NVIC_SetPriority
    can.o(i.HAL_CAN_MspInit) refers to stm32f4xx_hal_cortex.o(i.HAL_NVIC_EnableIRQ) for HAL_NVIC_EnableIRQ
    can.o(i.MX_CAN1_Init) refers to stm32f4xx_hal_can.o(i.HAL_CAN_Init) for HAL_CAN_Init
    can.o(i.MX_CAN1_Init) refers to main.o(i.Error_Handler) for Error_Handler
    can.o(i.MX_CAN1_Init) refers to can.o(.bss) for .bss
    dma.o(i.MX_DMA_Init) refers to stm32f4xx_hal_cortex.o(i.HAL_NVIC_SetPriority) for HAL_NVIC_SetPriority
    dma.o(i.MX_DMA_Init) refers to stm32f4xx_hal_cortex.o(i.HAL_NVIC_EnableIRQ) for HAL_NVIC_EnableIRQ
    spi.o(i.HAL_SPI_MspDeInit) refers to stm32f4xx_hal_gpio.o(i.HAL_GPIO_DeInit) for HAL_GPIO_DeInit
    spi.o(i.HAL_SPI_MspInit) refers to memseta.o(.text) for __aeabi_memclr4
    spi.o(i.HAL_SPI_MspInit) refers to stm32f4xx_hal_gpio.o(i.HAL_GPIO_Init) for HAL_GPIO_Init
    spi.o(i.MX_SPI4_Init) refers to stm32f4xx_hal_spi.o(i.HAL_SPI_Init) for HAL_SPI_Init
[...]
    ../Core/Src/dma.c                        0x00000000   Number         0  dma.o ABSOLUTE
    ../Core/Src/gpio.c                       0x00000000   Number         0  gpio.o ABSOLUTE
    ../Core/Src/main.c                       0x00000000   Number         0  main.o ABSOLUTE
    ../Core/Src/spi.c                        0x00000000   Number         0  spi.o ABSOLUTE
    ../Core/Src/stm32f4xx_hal_msp.c          0x00000000   Number         0  stm32f4xx_hal_msp.o ABSOLUTE
    ../Core/Src/stm32f4xx_it.c               0x00000000   Number         0  stm32f4xx_it.o ABSOLUTE
    ../Core/Src/system_stm32f4xx.c           0x00000000   Number         0  system_stm32f4xx.o ABSOLUTE
    ../Core/Src/tim.c                        0x00000000   Number         0  tim.o ABSOLUTE
    ../Core/Src/usart.c                      0x00000000   Number         0  usart.o ABSOLUTE
    ../Drivers/STM32F4xx_HAL_Driver/Src/stm32f4xx_hal.c 0x00000000   Number         0  stm32f4xx_hal.o ABSOLUTE
    ../Drivers/STM32F4xx_HAL_Driver/Src/stm32f4xx_hal_can.c 0x00000000   Number         0  stm32f4xx_hal_can.o ABSOLUTE
    ../Drivers/STM32F4xx_HAL_Driver/Src/stm32f4xx_hal_cortex.c 0x00000000   Number         0  stm32f4xx_hal_cortex.o ABSOLUTE
    ../Drivers/STM32F4xx_HAL_Driver/Src/stm32f4xx_hal_dma.c 0x00000000   Number         0  stm32f4xx_hal_dma.o ABSOLUTE
    ../Drivers/STM32F4xx_HAL_Driver/Src/stm32f4xx_hal_dma_ex.c 0x00000000   Number         0  stm32f4xx_hal_dma_ex.o ABSOLUTE
    ../Drivers/STM32F4xx_HAL_Driver/Src/stm32f4xx_hal_exti.c 0x00000000   Number         0  stm32f4xx_hal_exti.o ABSOLUTE
    ../Drivers/STM32F4xx_HAL_Driver/Src/stm32f4xx_hal_flash.c 0x00000000   Number         0  stm32f4xx_hal_flash.o ABSOLUTE
    ../Drivers/STM32F4xx_HAL_Driver/Src/stm32f4xx_hal_flash_ex.c 0x00000000   Number         0  stm32f4xx_hal_flash_ex.o ABSOLUTE
    ../Drivers/STM32F4xx_HAL_Driver/Src/stm32f4xx_hal_flash_ramfunc.c 0x00000000   Number         0  stm32f4xx_hal_flash_ramfunc.o ABSOLUTE
    ../Drivers/STM32F4xx_HAL_Driver/Src/stm32f4xx_hal_gpio.c 0x00000000   Number         0  stm32f4xx_hal_gpio.o ABSOLUTE
    ../Drivers/STM32F4xx_HAL_Driver/Src/stm32f4xx_hal_pwr.c 0x00000000   Number         0  stm32f4xx_hal_pwr.o ABSOLUTE
    ../Drivers/STM32F4xx_HAL_Driver/Src/stm32f4xx_hal_pwr_ex.c 0x00000000   Number         0  stm32f4xx_hal_pwr_ex.o ABSOLUTE
    ../Drivers/STM32F4xx_HAL_Driver/Src/stm32f4xx_hal_rcc.c 0x00000000   Number         0  stm32f4xx_hal_rcc.o ABSOLUTE
    ../Drivers/STM32F4xx_HAL_Driver/Src/stm32f4xx_hal_rcc_ex.c 0x00000000   Number         0  stm32f4xx_hal_rcc_ex.o ABSOLUTE
    ../Drivers/STM32F4xx_HAL_Driver/Src/stm32f4xx_hal_spi.c 0x00000000   Number         0  stm32f4xx_hal_spi.o ABSOLUTE
    ../Drivers/STM32F4xx_HAL_Driver/Src/stm32f4xx_hal_tim.c 0x00000000   Number         0  stm32f4xx_hal_tim.o ABSOLUTE
    ../Drivers/STM32F4xx_HAL_Driver/Src/stm32f4xx_hal_tim_ex.c 0x00000000   Number         0  stm32f4xx_hal_tim_ex.o ABSOLUTE
    ../Drivers/STM32F4xx_HAL_Driver/Src/stm32f4xx_hal_uart.c 0x00000000   Number         0  stm32f4xx_hal_uart.o ABSOLUTE
    ../clib/microlib/division.c              0x00000000   Number         0  uldiv.o ABSOLUTE
    ../clib/microlib/errno.c                 0x00000000   Number         0  errno.o ABSOLUTE
    ../clib/microlib/init/entry.s            0x00000000   Number         0  entry10b.o ABSOLUTE
    ../clib/microlib/init/entry.s            0x00000000   Number         0  entry7a.o ABSOLUTE
    ../clib/microlib/init/entry.s            0x00000000   Number         0  entry10a.o ABSOLUTE
    ../clib/microlib/init/entry.s            0x00000000   Number         0  entry9b.o ABSOLUTE
    ../clib/microlib/init/entry.s            0x00000000   Number         0  entry2.o ABSOLUTE
    ../clib/microlib/init/entry.s            0x00000000   Number         0  entry11a.o ABSOLUTE
    ../clib/microlib/init/entry.s            0x00000000   Number         0  entry.o ABSOLUTE
    ../clib/microlib/init/entry.s            0x00000000   Number         0  entry12b.o ABSOLUTE
    ../clib/microlib/init/entry.s            0x00000000   Number         0  entry11b.o ABSOLUTE
    ../clib/microlib/init/entry.s            0x00000000   Number         0  entry12a.o ABSOLUTE
    ../clib/microlib/init/entry.s            0x00000000   Number         0  entry7b.o ABSOLUTE
    ../clib/microlib/init/entry.s            0x00000000   Number         0  entry9a.o ABSOLUTE
    ../clib/microlib/init/entry.s            0x00000000   Number         0  entry8a.o ABSOLUTE
    ../clib/microlib/init/entry.s            0x00000000   Number         0  entry5.o ABSOLUTE
    ../clib/microlib/init/entry.s            0x00000000   Number         0  entry8b.o ABSOLUTE
    ../clib/microlib/longlong.c              0x00000000   Number         0  llshl.o ABSOLUTE
    ../clib/microlib/longlong.c              0x00000000   Number         0  llushr.o ABSOLUTE
    ../clib/microlib/longlong.c              0x00000000   Number         0  llsshr.o ABSOLUTE
    ../clib/microlib/string/memcpy.c         0x00000000   Number         0  memcpyb.o ABSOLUTE
    ../clib/microlib/string/memcpy.c         0x00000000   Number         0  memcpya.o ABSOLUTE
    ../clib/microlib/string/memset.c         0x00000000   Number         0  memseta.o ABSOLUTE
    ../clib/microlib/stubs.s                 0x00000000   Number         0  iusefp.o ABSOLUTE
    ../fplib/microlib/d2f.c                  0x00000000   Number         0  d2f.o ABSOLUTE
    ../fplib/microlib/f2d.c                  0x00000000   Number         0  f2d.o ABSOLUTE
    ../fplib/microlib/fpadd.c                0x00000000   Number         0  dadd.o ABSOLUTE
    ../fplib/microlib/fpdiv.c                0x00000000   Number         0  ddiv.o ABSOLUTE
    ../fplib/microlib/fpepilogue.c           0x00000000   Number         0  fepilogue.o ABSOLUTE
    ../fplib/microlib/fpepilogue.c           0x00000000   Number         0  depilogue.o ABSOLUTE
    ../fplib/microlib/fpflt.c                0x00000000   Number         0  dfltui.o ABSOLUTE
    ../fplib/microlib/fpmul.c                0x00000000   Number         0  dmul.o ABSOLUTE
    ../fplib/microlib/fpsqrt.c               0x00000000   Number         0  dsqrt.o ABSOLUTE
    ../mathlib/sqrt.c                        0x00000000   Number         0  sqrt_x.o ABSOLUTE
    ../mathlib/sqrt.c                        0x00000000   Number         0  sqrt.o ABSOLUTE
    ..\Core\Src\DJI.c                        0x00000000   Number         0  dji.o ABSOLUTE
    ..\Core\Src\GM6020.c                     0x00000000   Number         0  gm6020.o ABSOLUTE
    ..\Core\Src\M3508_ctrl.c                 0x00000000   Number         0  m3508_ctrl.o ABSOLUTE
    ..\Core\Src\can.c                        0x00000000   Number         0  can.o ABSOLUTE
    ..\Core\Src\dma.c                        0x00000000   Number         0  dma.o ABSOLUTE
    ..\Core\Src\gpio.c                       0x00000000   Number         0  gpio.o ABSOLUTE
    ..\Core\Src\main.c                       0x00000000   Number         0  main.o ABSOLUTE
    ..\Core\Src\spi.c                        0x00000000   Number         0  spi.o ABSOLUTE
    ..\Core\Src\stm32f4xx_hal_msp.c          0x00000000   Number         0  stm32f4xx_hal_msp.o ABSOLUTE
    ..\Core\Src\stm32f4xx_it.c               0x00000000   Number         0  stm32f4xx_it.o ABSOLUTE
    ..\Core\Src\system_stm32f4xx.c           0x00000000   Number         0  system_stm32f4xx.o ABSOLUTE
    ..\Core\Src\tim.c                        0x00000000   Number         0  tim.o ABSOLUTE
    ..\Core\Src\usart.c                      0x00000000   Number         0  usart.o ABSOLUTE
    ..\Core\Src\wtr_can.c                    0x00000000   Number         0  wtr_can.o ABSOLUTE
    ..\Core\Src\wtr_definition.c             0x00000000   Number         0  wtr_definition.o ABSOLUTE
    ..\Core\Src\wtr_init.c                   0x00000000   Number         0  wtr_init.o ABSOLUTE
    ..\Core\Src\wtr_mission.c                0x00000000   Number         0  wtr_mission.o ABSOLUTE
    ..\Core\Src\wtr_tim.c                    0x00000000   Number         0  wtr_tim.o ABSOLUTE
    ..\Core\Src\wtr_uart.c                   0x00000000   Number         0  wtr_uart.o ABSOLUTE
    ..\Drivers\STM32F4xx_HAL_Driver\Src\stm32f4xx_hal.c 0x00000000   Number         0  stm32f4xx_hal.o ABSOLUTE
    ..\Drivers\STM32F4xx_HAL_Driver\Src\stm32f4xx_hal_can.c 0x00000000   Number         0  stm32f4xx_hal_can.o ABSOLUTE
    ..\Drivers\STM32F4xx_HAL_Driver\Src\stm32f4xx_hal_cortex.c 0x00000000   Number         0  stm32f4xx_hal_cortex.o ABSOLUTE
    ..\Drivers\STM32F4xx_HAL_Driver\Src\stm32f4xx_hal_dma.c 0x00000000   Number         0  stm32f4xx_hal_dma.o ABSOLUTE
    ..\Drivers\STM32F4xx_HAL_Driver\Src\stm32f4xx_hal_dma_ex.c 0x00000000   Number         0  stm32f4xx_hal_dma_ex.o ABSOLUTE
    ..\Drivers\STM32F4xx_HAL_Driver\Src\stm32f4xx_hal_exti.c 0x00000000   Number         0  stm32f4xx_hal_exti.o ABSOLUTE
    ..\Drivers\STM32F4xx_HAL_Driver\Src\stm32f4xx_hal_flash.c 0x00000000   Number         0  stm32f4xx_hal_flash.o ABSOLUTE
    ..\Drivers\STM32F4xx_HAL_Driver\Src\stm32f4xx_hal_flash_ex.c 0x00000000   Number         0  stm32f4xx_hal_flash_ex.o ABSOLUTE
    ..\Drivers\STM32F4xx_HAL_Driver\Src\stm32f4xx_hal_flash_ramfunc.c 0x00000000   Number         0  stm32f4xx_hal_flash_ramfunc.o ABSOLUTE
    ..\Drivers\STM32F4xx_HAL_Driver\Src\stm32f4xx_hal_gpio.c 0x00000000   Number         0  stm32f4xx_hal_gpio.o ABSOLUTE
    ..\Drivers\STM32F4xx_HAL_Driver\Src\stm32f4xx_hal_pwr.c 0x00000000   Number         0  stm32f4xx_hal_pwr.o ABSOLUTE
    ..\Drivers\STM32F4xx_HAL_Driver\Src\stm32f4xx_hal_pwr_ex.c 0x00000000   Number         0  stm32f4xx_hal_pwr_ex.o ABSOLUTE
    ..\Drivers\STM32F4xx_HAL_Driver\Src\stm32f4xx_hal_rcc.c 0x00000000   Number         0  stm32f4xx_hal_rcc.o ABSOLUTE
    ..\Drivers\STM32F4xx_HAL_Driver\Src\stm32f4xx_hal_rcc_ex.c 0x00000000   Number         0  stm32f4xx_hal_rcc_ex.o ABSOLUTE
    ..\Drivers\STM32F4xx_HAL_Driver\Src\stm32f4xx_hal_spi.c 0x00000000   Number         0  stm32f4xx_hal_spi.o ABSOLUTE
    ..\Drivers\STM32F4xx_HAL_Driver\Src\stm32f4xx_hal_tim.c 0x00000000   Number         0  stm32f4xx_hal_tim.o ABSOLUTE
    ..\Drivers\STM32F4xx_HAL_Driver\Src\stm32f4xx_hal_tim_ex.c 0x00000000   Number         0  stm32f4xx_hal_tim_ex.o ABSOLUTE
    ..\Drivers\STM32F4xx_HAL_Driver\Src\stm32f4xx_hal_uart.c 0x00000000   Number         0  stm32f4xx_hal_uart.o ABSOLUTE
    ..\\Core\\Src\\DJI.c                     0x00000000   Number         0  dji.o ABSOLUTE
    ..\\Core\\Src\\GM6020.c                  0x00000000   Number         0  gm6020.o ABSOLUTE
    ..\\Core\\Src\\M3508_ctrl.c              0x00000000   Number         0  m3508_ctrl.o ABSOLUTE
    ..\\Core\\Src\\wtr_can.c                 0x00000000   Number         0  wtr_can.o ABSOLUTE
    ..\\Core\\Src\\wtr_definition.c          0x00000000   Number         0  wtr_definition.o ABSOLUTE
    ..\\Core\\Src\\wtr_init.c                0x00000000   Number         0  wtr_init.o ABSOLUTE
    ..\\Core\\Src\\wtr_mission.c             0x00000000   Number         0  wtr_mission.o ABSOLUTE
    ..\\Core\\Src\\wtr_tim.c                 0x00000000   Number         0  wtr_tim.o ABSOLUTE
    ..\\Core\\Src\\wtr_uart.c                0x00000000   Number         0  wtr_uart.o ABSOLUTE
    cdcmple.s                                0x00000000   Number         0  cdcmple.o ABSOLUTE
    dc.s                                     0x00000000   Number         0  dc.o ABSOLUTE
    handlers.s                               0x00000000   Number         0  handlers.o ABSOLUTE
    init.s                                   0x00000000   Number         0  init.o ABSOLUTE
    startup_stm32f427xx.s                    0x00000000   Number         0  startup_stm32f427xx.o ABSOLUTE
    RESET                                    0x08000000   Section      428  startup_stm32f427xx.o(RESET)
    .ARM.Collect$$$$00000000                 0x080001ac   Section        0  entry.o(.ARM.Collect$$$$00000000)
    .ARM.Collect$$$$00000001                 0x080001ac   Section        4  entry2.o(.ARM.Collect$$$$00000001)
    .ARM.Collect$$$$00000004                 0x080001b0   Section        4  entry5.o(.ARM.Collect$$$$00000004)
    .ARM.Collect$$$$00000008                 0x080001b4   Section        0  entry7b.o(.ARM.Collect$$$$00000008)
    .ARM.Collect$$$$0000000A                 0x080001b4   Section        0  entry8b.o(.ARM.Collect$$$$0000000A)
    .ARM.Collect$$$$0000000B                 0x080001b4   Section        8  entry9a.o(.ARM.Collect$$$$0000000B)
    .ARM.Collect$$$$0000000E                 0x080001bc   Section        4  entry12b.o(.ARM.Collect$$$$0000000E)
    .ARM.Collect$$$$0000000F                 0x080001c0   Section        0  entry10a.o(.ARM.Collect$$$$0000000F)
    .ARM.Collect$$$$00000011                 0x080001c0   Section        0  entry11a.o(.ARM.Collect$$$$00000011)
    .ARM.Collect$$$$00002712                 0x080001c0   Section        4  entry2.o(.ARM.Collect$$$$00002712)
    __lit__00000000                          0x080001c0   Data           4  entry2.o(.ARM.Collect$$$$00002712)
    .text                                    0x080001c4   Section       36  startup_stm32f427xx.o(.text)
    $v0                                      0x080001c4   Number         0  startup_stm32f427xx.o(.text)
    .text                                    0x080001e8   Section        0  uldiv.o(.text)
    .text                                    0x0800024a   Section        0  memcpya.o(.text)
    .text                                    0x0800026e   Section        0  memseta.o(.text)
    .text                                    0x08000292   Section        0  dadd.o(.text)
    .text                                    0x080003e0   Section        0  dmul.o(.text)
    .text                                    0x080004c4   Section        0  ddiv.o(.text)
    .text                                    0x080005a2   Section        0  f2d.o(.text)
    .text                                    0x080005c8   Section        0  d2f.o(.text)
    .text                                    0x08000600   Section        0  llshl.o(.text)
    .text                                    0x0800061e   Section        0  llushr.o(.text)
    .text                                    0x0800063e   Section        0  llsshr.o(.text)
    .text                                    0x08000662   Section        0  fepilogue.o(.text)
    .text                                    0x08000662   Section        0  iusefp.o(.text)
    .text                                    0x080006d0   Section        0  depilogue.o(.text)
    .text                                    0x0800078a   Section        0  dsqrt.o(.text)
    .text                                    0x0800082c   Section       36  init.o(.text)
    i.BusFault_Handler                       0x08000850   Section        0  stm32f4xx_it.o(i.BusFault_Handler)
    i.CAN1_RX0_IRQHandler                    0x08000854   Section        0  stm32f4xx_it.o(i.CAN1_RX0_IRQHandler)
    i.CANFilterInit                          0x08000860   Section        0  wtr_can.o(i.CANFilterInit)
    i.CanDataDecode                          0x080008b0   Section        0  wtr_can.o(i.CanDataDecode)
    i.CanTransmit_DJI_1234                   0x080008cc   Section        0  dji.o(i.CanTransmit_DJI_1234)
    i.DJI_CanMsgDecode                       0x08000930   Section        0  dji.o(i.DJI_CanMsgDecode)
    i.DJI_Init                               0x0800096c   Section        0  dji.o(i.DJI_Init)
    i.DJI_Update                             0x08000a04   Section        0  dji.o(i.DJI_Update)
    i.DMA2_Stream1_IRQHandler                0x08000b14   Section        0  stm32f4xx_it.o(i.DMA2_Stream1_IRQHandler)
    i.DMA2_Stream2_IRQHandler                0x08000b20   Section        0  stm32f4xx_it.o(i.DMA2_Stream2_IRQHandler)
    i.DMA_CalcBaseAndBitshift                0x08000b2c   Section        0  stm32f4xx_hal_dma.o(i.DMA_CalcBaseAndBitshift)
    DMA_CalcBaseAndBitshift                  0x08000b2d   Thumb Code    34  stm32f4xx_hal_dma.o(i.DMA_CalcBaseAndBitshift)
    i.DMA_CheckFifoParam                     0x08000b54   Section        0  stm32f4xx_hal_dma.o(i.DMA_CheckFifoParam)
    DMA_CheckFifoParam                       0x08000b55   Thumb Code    84  stm32f4xx_hal_dma.o(i.DMA_CheckFifoParam)
    i.DMA_SetConfig                          0x08000ba8   Section        0  stm32f4xx_hal_dma.o(i.DMA_SetConfig)
    DMA_SetConfig                            0x08000ba9   Thumb Code    40  stm32f4xx_hal_dma.o(i.DMA_SetConfig)
    i.DebugMon_Handler                       0x08000bd0   Section        0  stm32f4xx_it.o(i.DebugMon_Handler)
    i.ElectroMag_ctrl                        0x08000bd4   Section        0  wtr_mission.o(i.ElectroMag_ctrl)
    i.Error_Handler                          0x08000c64   Section        0  main.o(i.Error_Handler)
    i.GM6020_CanMsgDecode                    0x08000c68   Section        0  gm6020.o(i.GM6020_CanMsgDecode)
    i.GM6020_Init                            0x08000c80   Section        0  gm6020.o(i.GM6020_Init)
    i.GM6020_Update                          0x08000ce8   Section        0  gm6020.o(i.GM6020_Update)
    i.HAL_CAN_ActivateNotification           0x08000dfc   Section        0  stm32f4xx_hal_can.o(i.HAL_CAN_ActivateNotification)
    i.HAL_CAN_AddTxMessage                   0x08000e20   Section        0  stm32f4xx_hal_can.o(i.HAL_CAN_AddTxMessage)
    i.HAL_CAN_ConfigFilter                   0x08000efc   Section        0  stm32f4xx_hal_can.o(i.HAL_CAN_ConfigFilter)
    i.HAL_CAN_ErrorCallback                  0x08001008   Section        0  stm32f4xx_hal_can.o(i.HAL_CAN_ErrorCallback)
    i.HAL_CAN_GetRxMessage                   0x0800100a   Section        0  stm32f4xx_hal_can.o(i.HAL_CAN_GetRxMessage)
    i.HAL_CAN_GetTxMailboxesFreeLevel        0x080010f2   Section        0  stm32f4xx_hal_can.o(i.HAL_CAN_GetTxMailboxesFreeLevel)
    i.HAL_CAN_IRQHandler                     0x0800111e   Section        0  stm32f4xx_hal_can.o(i.HAL_CAN_IRQHandler)
    i.HAL_CAN_Init                           0x0800131a   Section        0  stm32f4xx_hal_can.o(i.HAL_CAN_Init)
    i.HAL_CAN_MspInit                        0x08001434   Section        0  can.o(i.HAL_CAN_MspInit)
    i.HAL_CAN_RxFifo0FullCallback            0x080014ac   Section        0  stm32f4xx_hal_can.o(i.HAL_CAN_RxFifo0FullCallback)
    i.HAL_CAN_RxFifo0MsgPendingCallback      0x080014b0   Section        0  wtr_can.o(i.HAL_CAN_RxFifo0MsgPendingCallback)
    i.HAL_CAN_RxFifo1FullCallback            0x080014e4   Section        0  stm32f4xx_hal_can.o(i.HAL_CAN_RxFifo1FullCallback)
    i.HAL_CAN_RxFifo1MsgPendingCallback      0x080014e6   Section        0  stm32f4xx_hal_can.o(i.HAL_CAN_RxFifo1MsgPendingCallback)
    i.HAL_CAN_SleepCallback                  0x080014e8   Section        0  stm32f4xx_hal_can.o(i.HAL_CAN_SleepCallback)
    i.HAL_CAN_Start                          0x080014ec   Section        0  stm32f4xx_hal_can.o(i.HAL_CAN_Start)
    i.HAL_CAN_TxMailbox0AbortCallback        0x08001544   Section        0  stm32f4xx_hal_can.o(i.HAL_CAN_TxMailbox0AbortCallback)
    i.HAL_CAN_TxMailbox0CompleteCallback     0x08001546   Section        0  stm32f4xx_hal_can.o(i.HAL_CAN_TxMailbox0CompleteCallback)
    i.HAL_CAN_TxMailbox1AbortCallback        0x08001548   Section        0  stm32f4xx_hal_can.o(i.HAL_CAN_TxMailbox1AbortCallback)
    i.HAL_CAN_TxMailbox1CompleteCallback     0x0800154a   Section        0  stm32f4xx_hal_can.o(i.HAL_CAN_TxMailbox1CompleteCallback)
    i.HAL_CAN_TxMailbox2AbortCallback        0x0800154c   Section        0  stm32f4xx_hal_can.o(i.HAL_CAN_TxMailbox2AbortCallback)
    i.HAL_CAN_TxMailbox2CompleteCallback     0x0800154e   Section        0  stm32f4xx_hal_can.o(i.HAL_CAN_TxMailbox2CompleteCallback)
    i.HAL_CAN_WakeUpFromRxMsgCallback        0x08001550   Section        0  stm32f4xx_hal_can.o(i.HAL_CAN_WakeUpFromRxMsgCallback)
    i.HAL_DMA_Abort                          0x08001552   Section        0  stm32f4xx_hal_dma.o(i.HAL_DMA_Abort)
    i.HAL_DMA_Abort_IT                       0x080015e0   Section        0  stm32f4xx_hal_dma.o(i.HAL_DMA_Abort_IT)
    i.HAL_DMA_IRQHandler                     0x08001604   Section        0  stm32f4xx_hal_dma.o(i.HAL_DMA_IRQHandler)
    i.HAL_DMA_Init                           0x080017a4   Section        0  stm32f4xx_hal_dma.o(i.HAL_DMA_Init)
    i.HAL_DMA_Start_IT                       0x08001878   Section        0  stm32f4xx_hal_dma.o(i.HAL_DMA_Start_IT)
    i.HAL_GPIO_Init                          0x080018e8   Section        0  stm32f4xx_hal_gpio.o(i.HAL_GPIO_Init)
    i.HAL_GPIO_TogglePin                     0x08001b18   Section        0  stm32f4xx_hal_gpio.o(i.HAL_GPIO_TogglePin)
    i.HAL_GPIO_WritePin                      0x08001b28   Section        0  stm32f4xx_hal_gpio.o(i.HAL_GPIO_WritePin)
    i.HAL_GetTick                            0x08001b34   Section        0  stm32f4xx_hal.o(i.HAL_GetTick)
    i.HAL_IncTick                            0x08001b40   Section        0  stm32f4xx_hal.o(i.HAL_IncTick)
    i.HAL_Init                               0x08001b50   Section        0  stm32f4xx_hal.o(i.HAL_Init)
    i.HAL_InitTick                           0x08001b84   Section        0  stm32f4xx_hal.o(i.HAL_InitTick)
    i.HAL_MspInit                            0x08001bc4   Section        0  stm32f4xx_hal_msp.o(i.HAL_MspInit)
    i.HAL_NVIC_EnableIRQ                     0x08001bf4   Section        0  stm32f4xx_hal_cortex.o(i.HAL_NVIC_EnableIRQ)
    i.HAL_NVIC_SetPriority                   0x08001c10   Section        0  stm32f4xx_hal_cortex.o(i.HAL_NVIC_SetPriority)
    i.HAL_NVIC_SetPriorityGrouping           0x08001c50   Section        0  stm32f4xx_hal_cortex.o(i.HAL_NVIC_SetPriorityGrouping)
    i.HAL_PWREx_EnableOverDrive              0x08001c74   Section        0  stm32f4xx_hal_pwr_ex.o(i.HAL_PWREx_EnableOverDrive)
    i.HAL_RCC_ClockConfig                    0x08001ce4   Section        0  stm32f4xx_hal_rcc.o(i.HAL_RCC_ClockConfig)
    i.HAL_RCC_GetPCLK1Freq                   0x08001e18   Section        0  stm32f4xx_hal_rcc.o(i.HAL_RCC_GetPCLK1Freq)
    i.HAL_RCC_GetPCLK2Freq                   0x08001e38   Section        0  stm32f4xx_hal_rcc.o(i.HAL_RCC_GetPCLK2Freq)
    i.HAL_RCC_GetSysClockFreq                0x08001e58   Section        0  stm32f4xx_hal_rcc.o(i.HAL_RCC_GetSysClockFreq)
    i.HAL_RCC_OscConfig                      0x08001ebc   Section        0  stm32f4xx_hal_rcc.o(i.HAL_RCC_OscConfig)
    i.HAL_SPI_Init                           0x08002228   Section        0  stm32f4xx_hal_spi.o(i.HAL_SPI_Init)
    i.HAL_SPI_MspInit                        0x080022e4   Section        0  spi.o(i.HAL_SPI_MspInit)
    i.HAL_SYSTICK_Config                     0x08002350   Section        0  stm32f4xx_hal_cortex.o(i.HAL_SYSTICK_Config)
    i.HAL_TIMEx_BreakCallback                0x08002378   Section        0  stm32f4xx_hal_tim_ex.o(i.HAL_TIMEx_BreakCallback)
    i.HAL_TIMEx_CommutCallback               0x0800237a   Section        0  stm32f4xx_hal_tim_ex.o(i.HAL_TIMEx_CommutCallback)
    i.HAL_TIMEx_MasterConfigSynchronization  0x0800237c   Section        0  stm32f4xx_hal_tim_ex.o(i.HAL_TIMEx_MasterConfigSynchronization)
    i.HAL_TIM_Base_Init                      0x0800240c   Section        0  stm32f4xx_hal_tim.o(i.HAL_TIM_Base_Init)
    i.HAL_TIM_Base_MspInit                   0x08002468   Section        0  tim.o(i.HAL_TIM_Base_MspInit)
    i.HAL_TIM_Base_Start_IT                  0x080024a4   Section        0  stm32f4xx_hal_tim.o(i.HAL_TIM_Base_Start_IT)
    i.HAL_TIM_ConfigClockSource              0x08002524   Section        0  stm32f4xx_hal_tim.o(i.HAL_TIM_ConfigClockSource)
    i.HAL_TIM_IC_CaptureCallback             0x080025fa   Section        0  stm32f4xx_hal_tim.o(i.HAL_TIM_IC_CaptureCallback)
    i.HAL_TIM_IRQHandler                     0x080025fc   Section        0  stm32f4xx_hal_tim.o(i.HAL_TIM_IRQHandler)
    i.HAL_TIM_OC_DelayElapsedCallback        0x08002762   Section        0  stm32f4xx_hal_tim.o(i.HAL_TIM_OC_DelayElapsedCallback)
    i.HAL_TIM_PWM_PulseFinishedCallback      0x08002764   Section        0  stm32f4xx_hal_tim.o(i.HAL_TIM_PWM_PulseFinishedCallback)
    i.HAL_TIM_PeriodElapsedCallback          0x08002768   Section        0  wtr_tim.o(i.HAL_TIM_PeriodElapsedCallback)
    i.HAL_TIM_TriggerCallback                0x08002788   Section        0  stm32f4xx_hal_tim.o(i.HAL_TIM_TriggerCallback)
    i.HAL_UARTEx_RxEventCallback             0x0800278a   Section        0  stm32f4xx_hal_uart.o(i.HAL_UARTEx_RxEventCallback)
    i.HAL_UART_ErrorCallback                 0x0800278c   Section        0  stm32f4xx_hal_uart.o(i.HAL_UART_ErrorCallback)
    i.HAL_UART_IRQHandler                    0x08002790   Section        0  stm32f4xx_hal_uart.o(i.HAL_UART_IRQHandler)
    i.HAL_UART_Init                          0x080029a0   Section        0  stm32f4xx_hal_uart.o(i.HAL_UART_Init)
    i.HAL_UART_MspInit                       0x08002a04   Section        0  usart.o(i.HAL_UART_MspInit)
    i.HAL_UART_Receive_DMA                   0x08002b28   Section        0  stm32f4xx_hal_uart.o(i.HAL_UART_Receive_DMA)
    i.HAL_UART_RxCpltCallback                0x08002b54   Section        0  wtr_uart.o(i.HAL_UART_RxCpltCallback)
    i.HAL_UART_RxHalfCpltCallback            0x08002b9c   Section        0  stm32f4xx_hal_uart.o(i.HAL_UART_RxHalfCpltCallback)
    i.HAL_UART_TxCpltCallback                0x08002b9e   Section        0  stm32f4xx_hal_uart.o(i.HAL_UART_TxCpltCallback)
    i.HardFault_Handler                      0x08002ba0   Section        0  stm32f4xx_it.o(i.HardFault_Handler)
    i.M3508_ctrl                             0x08002ba4   Section        0  wtr_mission.o(i.M3508_ctrl)
    i.MX_CAN1_Init                           0x08002c30   Section        0  can.o(i.MX_CAN1_Init)
    i.MX_DMA_Init                            0x08002c70   Section        0  dma.o(i.MX_DMA_Init)
    i.MX_GPIO_Init                           0x08002cac   Section        0  gpio.o(i.MX_GPIO_Init)
    i.MX_SPI4_Init                           0x08002dbc   Section        0  spi.o(i.MX_SPI4_Init)
    i.MX_TIM1_Init                           0x08002e04   Section        0  tim.o(i.MX_TIM1_Init)
    i.MX_USART1_UART_Init                    0x08002e6c   Section        0  usart.o(i.MX_USART1_UART_Init)
    i.MX_USART6_UART_Init                    0x08002eac   Section        0  usart.o(i.MX_USART6_UART_Init)
    i.MemManage_Handler                      0x08002ee4   Section        0  stm32f4xx_it.o(i.MemManage_Handler)
    i.NMI_Handler                            0x08002ee6   Section        0  stm32f4xx_it.o(i.NMI_Handler)
    i.PID_Calc                               0x08002ee8   Section        0  wtr_definition.o(i.PID_Calc)
    i.PendSV_Handler                         0x08002f6a   Section        0  stm32f4xx_it.o(i.PendSV_Handler)
    i.SVC_Handler                            0x08002f6c   Section        0  stm32f4xx_it.o(i.SVC_Handler)
    i.SysTick_Handler                        0x08002f6e   Section        0  stm32f4xx_it.o(i.SysTick_Handler)
    i.SystemClock_Config                     0x08002f74   Section        0  main.o(i.SystemClock_Config)
    i.SystemInit                             0x08003014   Section        0  system_stm32f4xx.o(i.SystemInit)
    i.TIM1_UP_TIM10_IRQHandler               0x08003024   Section        0  stm32f4xx_it.o(i.TIM1_UP_TIM10_IRQHandler)
    i.TIM_Base_SetConfig                     0x08003030   Section        0  stm32f4xx_hal_tim.o(i.TIM_Base_SetConfig)
    i.TIM_ETR_SetConfig                      0x080030f8   Section        0  stm32f4xx_hal_tim.o(i.TIM_ETR_SetConfig)
    i.TIM_ITRx_SetConfig                     0x0800310c   Section        0  stm32f4xx_hal_tim.o(i.TIM_ITRx_SetConfig)
    TIM_ITRx_SetConfig                       0x0800310d   Thumb Code    16  stm32f4xx_hal_tim.o(i.TIM_ITRx_SetConfig)
    i.TIM_TI1_ConfigInputStage               0x0800311c   Section        0  stm32f4xx_hal_tim.o(i.TIM_TI1_ConfigInputStage)
    TIM_TI1_ConfigInputStage                 0x0800311d   Thumb Code    34  stm32f4xx_hal_tim.o(i.TIM_TI1_ConfigInputStage)
    i.TIM_TI2_ConfigInputStage               0x0800313e   Section        0  stm32f4xx_hal_tim.o(i.TIM_TI2_ConfigInputStage)
    TIM_TI2_ConfigInputStage                 0x0800313f   Thumb Code    36  stm32f4xx_hal_tim.o(i.TIM_TI2_ConfigInputStage)
    i.UART1Decode                            0x08003164   Section        0  wtr_uart.o(i.UART1Decode)
    i.UART6Decode                            0x080031b8   Section        0  wtr_uart.o(i.UART6Decode)
    i.UART_DMAAbortOnError                   0x08003294   Section        0  stm32f4xx_hal_uart.o(i.UART_DMAAbortOnError)
    UART_DMAAbortOnError                     0x08003295   Thumb Code    16  stm32f4xx_hal_uart.o(i.UART_DMAAbortOnError)
    i.UART_DMAError                          0x080032a4   Section        0  stm32f4xx_hal_uart.o(i.UART_DMAError)
    UART_DMAError                            0x080032a5   Thumb Code    74  stm32f4xx_hal_uart.o(i.UART_DMAError)
    i.UART_DMAReceiveCplt                    0x080032ee   Section        0  stm32f4xx_hal_uart.o(i.UART_DMAReceiveCplt)
    UART_DMAReceiveCplt                      0x080032ef   Thumb Code    90  stm32f4xx_hal_uart.o(i.UART_DMAReceiveCplt)
    i.UART_DMARxHalfCplt                     0x08003348   Section        0  stm32f4xx_hal_uart.o(i.UART_DMARxHalfCplt)
    UART_DMARxHalfCplt                       0x08003349   Thumb Code    26  stm32f4xx_hal_uart.o(i.UART_DMARxHalfCplt)
    i.UART_EndRxTransfer                     0x08003362   Section        0  stm32f4xx_hal_uart.o(i.UART_EndRxTransfer)
    UART_EndRxTransfer                       0x08003363   Thumb Code    48  stm32f4xx_hal_uart.o(i.UART_EndRxTransfer)
    i.UART_EndTxTransfer                     0x08003392   Section        0  stm32f4xx_hal_uart.o(i.UART_EndTxTransfer)
    UART_EndTxTransfer                       0x08003393   Thumb Code    18  stm32f4xx_hal_uart.o(i.UART_EndTxTransfer)
    i.UART_Receive_IT                        0x080033a4   Section        0  stm32f4xx_hal_uart.o(i.UART_Receive_IT)
    UART_Receive_IT                          0x080033a5   Thumb Code   174  stm32f4xx_hal_uart.o(i.UART_Receive_IT)
    i.UART_SetConfig                         0x08003454   Section        0  stm32f4xx_hal_uart.o(i.UART_SetConfig)
    UART_SetConfig                           0x08003455   Thumb Code   258  stm32f4xx_hal_uart.o(i.UART_SetConfig)
    i.UART_Start_Receive_DMA                 0x08003560   Section        0  stm32f4xx_hal_uart.o(i.UART_Start_Receive_DMA)
    i.USART6_IRQHandler                      0x080035d0   Section        0  stm32f4xx_it.o(i.USART6_IRQHandler)
    i.UsageFault_Handler                     0x080035dc   Section        0  stm32f4xx_it.o(i.UsageFault_Handler)
    i.WTR_Init                               0x080035e0   Section        0  wtr_init.o(i.WTR_Init)
    i.__NVIC_SetPriority                     0x08003650   Section        0  stm32f4xx_hal_cortex.o(i.__NVIC_SetPriority)
    __NVIC_SetPriority                       0x08003651   Thumb Code    32  stm32f4xx_hal_cortex.o(i.__NVIC_SetPriority)
    i.__hardfp_sqrt                          0x08003670   Section        0  sqrt.o(i.__hardfp_sqrt)
    i.__scatterload_copy                     0x080036ea   Section       14  handlers.o(i.__scatterload_copy)
    i.__scatterload_null                     0x080036f8   Section        2  handlers.o(i.__scatterload_null)
    i.__scatterload_zeroinit                 0x080036fa   Section       14  handlers.o(i.__scatterload_zeroinit)
    i.__set_errno                            0x08003708   Section        0  errno.o(i.__set_errno)
    i.get_dji_offset                         0x08003714   Section        0  dji.o(i.get_dji_offset)
    i.laser_init                             0x08003748   Section        0  wtr_init.o(i.laser_init)
    i.main                                   0x08003784   Section        0  main.o(i.main)
    i.moveToTargetPoint                      0x080037c0   Section        0  m3508_ctrl.o(i.moveToTargetPoint)
    i.trapezoidPlanning                      0x080038d8   Section        0  m3508_ctrl.o(i.trapezoidPlanning)
    .constdata                               0x08003b00   Section        2  wtr_definition.o(.constdata)
    .constdata                               0x08003b02   Section        8  stm32f4xx_hal_dma.o(.constdata)
    flagBitshiftOffset                       0x08003b02   Data           8  stm32f4xx_hal_dma.o(.constdata)
    .constdata                               0x08003b0a   Section       16  system_stm32f4xx.o(.constdata)
    .constdata                               0x08003b1a   Section        8  system_stm32f4xx.o(.constdata)
    .data                                    0x20000000   Section        4  dji.o(.data)
    TxMailbox                                0x20000000   Data           4  dji.o(.data)
    .data                                    0x20000004   Section       16  m3508_ctrl.o(.data)
    last_target                              0x20000008   Data          12  m3508_ctrl.o(.data)
    .data                                    0x20000014   Section        8  wtr_definition.o(.data)
    .data                                    0x2000001c   Section       12  stm32f4xx_hal.o(.data)
    .data                                    0x20000028   Section        4  system_stm32f4xx.o(.data)
    .data                                    0x2000002c   Section        4  errno.o(.data)
    _errno                                   0x2000002c   Data           4  errno.o(.data)
    .bss                                     0x20000030   Section       40  can.o(.bss)
    .bss                                     0x20000058   Section       88  spi.o(.bss)
    .bss                                     0x200000b0   Section       72  tim.o(.bss)
    .bss                                     0x200000f8   Section      328  usart.o(.bss)
    .bss                                     0x20000240   Section     1120  dji.o(.bss)
    .bss                                     0x200006a0   Section      784  gm6020.o(.bss)
    ave_cnt                                  0x200006a0   Data          28  gm6020.o(.bss)
    .bss                                     0x200009b0   Section       48  m3508_ctrl.o(.bss)
    startTime                                0x200009b0   Data          12  m3508_ctrl.o(.bss)
    startPos                                 0x200009bc   Data          12  m3508_ctrl.o(.bss)
    .bss                                     0x200009e0   Section       31  wtr_definition.o(.bss)
    .bss                                     0x200009ff   Section       33  wtr_definition.o(.bss)
    .bss                                     0x20000a20   Section       18  wtr_definition.o(.bss)
    .bss                                     0x20000a32   Section       66  wtr_definition.o(.bss)
    .bss                                     0x20000a74   Section       10  wtr_uart.o(.bss)
    STACK                                    0x20000a80   Section     1024  startup_stm32f427xx.o(STACK)

    Global Symbols

    Symbol Name                              Value     Ov Type        Size  Object(Section)

    BuildAttributes$$THM_ISAv4$E$P$D$K$B$S$7EM$VFPi3$EXTD16$VFPS$VFMA$PE$A:L22UL41UL21$X:L11$S22US41US21$IEEE1$IW$USESV6$~STKCKD$USESV7$~SHL$OTIME$ROPI$IEEEJ$EBA8$MICROLIB$REQ8$PRES8$EABIv2 0x00000000   Number         0  anon$$obj.o ABSOLUTE
    __ARM_use_no_argv                        0x00000000   Number         0  main.o ABSOLUTE
    __arm_fini_                               - Undefined Weak Reference
    __cpp_initialize__aeabi_                  - Undefined Weak Reference
    __cxa_finalize                            - Undefined Weak Reference
    __decompress                              - Undefined Weak Reference
    _clock_init                               - Undefined Weak Reference
    _microlib_exit                            - Undefined Weak Reference
    __Vectors_Size                           0x000001ac   Number         0  startup_stm32f427xx.o ABSOLUTE
    __Vectors                                0x08000000   Data           4  startup_stm32f427xx.o(RESET)
    __Vectors_End                            0x080001ac   Data           0  startup_stm32f427xx.o(RESET)
    __main                                   0x080001ad   Thumb Code     0  entry.o(.ARM.Collect$$$$00000000)
    _main_stk                                0x080001ad   Thumb Code     0  entry2.o(.ARM.Collect$$$$00000001)
    _main_scatterload                        0x080001b1   Thumb Code     0  entry5.o(.ARM.Collect$$$$00000004)
    __main_after_scatterload                 0x080001b5   Thumb Code     0  entry5.o(.ARM.Collect$$$$00000004)
    _main_clock                              0x080001b5   Thumb Code     0  entry7b.o(.ARM.Collect$$$$00000008)
    _main_cpp_init                           0x080001b5   Thumb Code     0  entry8b.o(.ARM.Collect$$$$0000000A)
    _main_init                               0x080001b5   Thumb Code     0  entry9a.o(.ARM.Collect$$$$0000000B)
    __rt_lib_shutdown_fini                   0x080001bd   Thumb Code     0  entry12b.o(.ARM.Collect$$$$0000000E)
    __rt_final_cpp                           0x080001c1   Thumb Code     0  entry10a.o(.ARM.Collect$$$$0000000F)
    __rt_final_exit                          0x080001c1   Thumb Code     0  entry11a.o(.ARM.Collect$$$$00000011)
    Reset_Handler                            0x080001c5   Thumb Code     8  startup_stm32f427xx.o(.text)
    ADC_IRQHandler                           0x080001df   Thumb Code     0  startup_stm32f427xx.o(.text)
    CAN1_RX1_IRQHandler                      0x080001df   Thumb Code     0  startup_stm32f427xx.o(.text)
    CAN1_SCE_IRQHandler                      0x080001df   Thumb Code     0  startup_stm32f427xx.o(.text)
    CAN1_TX_IRQHandler                       0x080001df   Thumb Code     0  startup_stm32f427xx.o(.text)
    CAN2_RX0_IRQHandler                      0x080001df   Thumb Code     0  startup_stm32f427xx.o(.text)
    CAN2_RX1_IRQHandler                      0x080001df   Thumb Code     0  startup_stm32f427xx.o(.text)
    CAN2_SCE_IRQHandler                      0x080001df   Thumb Code     0  startup_stm32f427xx.o(.text)
    CAN2_TX_IRQHandler                       0x080001df   Thumb Code     0  startup_stm32f427xx.o(.text)
    DCMI_IRQHandler                          0x080001df   Thumb Code     0  startup_stm32f427xx.o(.text)
    DMA1_Stream0_IRQHandler                  0x080001df   Thumb Code     0  startup_stm32f427xx.o(.text)
    DMA1_Stream1_IRQHandler                  0x080001df   Thumb Code     0  startup_stm32f427xx.o(.text)
    DMA1_Stream2_IRQHandler                  0x080001df   Thumb Code     0  startup_stm32f427xx.o(.text)
    DMA1_Stream3_IRQHandler                  0x080001df   Thumb Code     0  startup_stm32f427xx.o(.text)
    DMA1_Stream4_IRQHandler                  0x080001df   Thumb Code     0  startup_stm32f427xx.o(.text)
    DMA1_Stream5_IRQHandler                  0x080001df   Thumb Code     0  startup_stm32f427xx.o(.text)
    DMA1_Stream6_IRQHandler                  0x080001df   Thumb Code     0  startup_stm32f427xx.o(.text)
    DMA1_Stream7_IRQHandler                  0x080001df   Thumb Code     0  startup_stm32f427xx.o(.text)
    DMA2D_IRQHandler                         0x080001df   Thumb Code     0  startup_stm32f427xx.o(.text)
    DMA2_Stream0_IRQHandler                  0x080001df   Thumb Code     0  startup_stm32f427xx.o(.text)
    DMA2_Stream3_IRQHandler                  0x080001df   Thumb Code     0  startup_stm32f427xx.o(.text)
    DMA2_Stream4_IRQHandler                  0x080001df   Thumb Code     0  startup_stm32f427xx.o(.text)
    DMA2_Stream5_IRQHandler                  0x080001df   Thumb Code     0  startup_stm32f427xx.o(.text)
    DMA2_Stream6_IRQHandler                  0x080001df   Thumb Code     0  startup_stm32f427xx.o(.text)
    DMA2_Stream7_IRQHandler                  0x080001df   Thumb Code     0  startup_stm32f427xx.o(.text)
    ETH_IRQHandler                           0x080001df   Thumb Code     0  startup_stm32f427xx.o(.text)
    ETH_WKUP_IRQHandler                      0x080001df   Thumb Code     0  startup_stm32f427xx.o(.text)
    EXTI0_IRQHandler                         0x080001df   Thumb Code     0  startup_stm32f427xx.o(.text)
    EXTI15_10_IRQHandler                     0x080001df   Thumb Code     0  startup_stm32f427xx.o(.text)
    EXTI1_IRQHandler                         0x080001df   Thumb Code     0  startup_stm32f427xx.o(.text)
    EXTI2_IRQHandler                         0x080001df   Thumb Code     0  startup_stm32f427xx.o(.text)
    EXTI3_IRQHandler                         0x080001df   Thumb Code     0  startup_stm32f427xx.o(.text)
    EXTI4_IRQHandler                         0x080001df   Thumb Code     0  startup_stm32f427xx.o(.text)
    EXTI9_5_IRQHandler                       0x080001df   Thumb Code     0  startup_stm32f427xx.o(.text)
    FLASH_IRQHandler                         0x080001df   Thumb Code     0  startup_stm32f427xx.o(.text)
    FMC_IRQHandler                           0x080001df   Thumb Code     0  startup_stm32f427xx.o(.text)
    FPU_IRQHandler                           0x080001df   Thumb Code     0  startup_stm32f427xx.o(.text)
    HASH_RNG_IRQHandler                      0x080001df   Thumb Code     0  startup_stm32f427xx.o(.text)
    I2C1_ER_IRQHandler                       0x080001df   Thumb Code     0  startup_stm32f427xx.o(.text)
    I2C1_EV_IRQHandler                       0x080001df   Thumb Code     0  startup_stm32f427xx.o(.text)
    I2C2_ER_IRQHandler                       0x080001df   Thumb Code     0  startup_stm32f427xx.o(.text)
    I2C2_EV_IRQHandler                       0x080001df   Thumb Code     0  startup_stm32f427xx.o(.text)
    I2C3_ER_IRQHandler                       0x080001df   Thumb Code     0  startup_stm32f427xx.o(.text)
    I2C3_EV_IRQHandler                       0x080001df   Thumb Code     0  startup_stm32f427xx.o(.text)
    OTG_FS_IRQHandler                        0x080001df   Thumb Code     0  startup_stm32f427xx.o(.text)
    OTG_FS_WKUP_IRQHandler                   0x080001df   Thumb Code     0  startup_stm32f427xx.o(.text)
    OTG_HS_EP1_IN_IRQHandler                 0x080001df   Thumb Code     0  startup_stm32f427xx.o(.text)
    OTG_HS_EP1_OUT_IRQHandler                0x080001df   Thumb Code     0  startup_stm32f427xx.o(.text)
    OTG_HS_IRQHandler                        0x080001df   Thumb Code     0  startup_stm32f427xx.o(.text)
    OTG_HS_WKUP_IRQHandler                   0x080001df   Thumb Code     0  startup_stm32f427xx.o(.text)
    PVD_IRQHandler                           0x080001df   Thumb Code     0  startup_stm32f427xx.o(.text)
    RCC_IRQHandler                           0x080001df   Thumb Code     0  startup_stm32f427xx.o(.text)
    RTC_Alarm_IRQHandler                     0x080001df   Thumb Code     0  startup_stm32f427xx.o(.text)
    RTC_WKUP_IRQHandler                      0x080001df   Thumb Code     0  startup_stm32f427xx.o(.text)
    SAI1_IRQHandler                          0x080001df   Thumb Code     0  startup_stm32f427xx.o(.text)
    SDIO_IRQHandler                          0x080001df   Thumb Code     0  startup_stm32f427xx.o(.text)
    SPI1_IRQHandler                          0x080001df   Thumb Code     0  startup_stm32f427xx.o(.text)
    SPI2_IRQHandler                          0x080001df   Thumb Code     0  startup_stm32f427xx.o(.text)
    SPI3_IRQHandler                          0x080001df   Thumb Code     0  startup_stm32f427xx.o(.text)
    SPI4_IRQHandler                          0x080001df   Thumb Code     0  startup_stm32f427xx.o(.text)
    SPI5_IRQHandler                          0x080001df   Thumb Code     0  startup_stm32f427xx.o(.text)
    SPI6_IRQHandler                          0x080001df   Thumb Code     0  startup_stm32f427xx.o(.text)
    TAMP_STAMP_IRQHandler                    0x080001df   Thumb Code     0  startup_stm32f427xx.o(.text)
    TIM1_BRK_TIM9_IRQHandler                 0x080001df   Thumb Code     0  startup_stm32f427xx.o(.text)
    TIM1_CC_IRQHandler                       0x080001df   Thumb Code     0  startup_stm32f427xx.o(.text)
    TIM1_TRG_COM_TIM11_IRQHandler            0x080001df   Thumb Code     0  startup_stm32f427xx.o(.text)
    TIM2_IRQHandler                          0x080001df   Thumb Code     0  startup_stm32f427xx.o(.text)
    TIM3_IRQHandler                          0x080001df   Thumb Code     0  startup_stm32f427xx.o(.text)
    TIM4_IRQHandler                          0x080001df   Thumb Code     0  startup_stm32f427xx.o(.text)
    TIM5_IRQHandler                          0x080001df   Thumb Code     0  startup_stm32f427xx.o(.text)
    TIM6_DAC_IRQHandler                      0x080001df   Thumb Code     0  startup_stm32f427xx.o(.text)
    TIM7_IRQHandler                          0x080001df   Thumb Code     0  startup_stm32f427xx.o(.text)
    TIM8_BRK_TIM12_IRQHandler                0x080001df   Thumb Code     0  startup_stm32f427xx.o(.text)
    TIM8_CC_IRQHandler                       0x080001df   Thumb Code     0  startup_stm32f427xx.o(.text)
    TIM8_TRG_COM_TIM14_IRQHandler            0x080001df   Thumb Code     0  startup_stm32f427xx.o(.text)
    TIM8_UP_TIM13_IRQHandler                 0x080001df   Thumb Code     0  startup_stm32f427xx.o(.text)
    UART4_IRQHandler                         0x080001df   Thumb Code     0  startup_stm32f427xx.o(.text)
    UART5_IRQHandler                         0x080001df   Thumb Code     0  startup_stm32f427xx.o(.text)
    UART7_IRQHandler                         0x080001df   Thumb Code     0  startup_stm32f427xx.o(.text)
    UART8_IRQHandler                         0x080001df   Thumb Code     0  startup_stm32f427xx.o(.text)
    USART1_IRQHandler                        0x080001df   Thumb Code     0  startup_stm32f427xx.o(.text)
    USART2_IRQHandler                        0x080001df   Thumb Code     0  startup_stm32f427xx.o(.text)
    USART3_IRQHandler                        0x080001df   Thumb Code     0  startup_stm32f427xx.o(.text)
    WWDG_IRQHandler                          0x080001df   Thumb Code     0  startup_stm32f427xx.o(.text)
    __aeabi_uldivmod                         0x080001e9   Thumb Code    98  uldiv.o(.text)
    __aeabi_memcpy                           0x0800024b   Thumb Code    36  memcpya.o(.text)
    __aeabi_memcpy4                          0x0800024b   Thumb Code     0  memcpya.o(.text)
    __aeabi_memcpy8                          0x0800024b   Thumb Code     0  memcpya.o(.text)
    __aeabi_memset                           0x0800026f   Thumb Code    14  memseta.o(.text)
    __aeabi_memset4                          0x0800026f   Thumb Code     0  memseta.o(.text)
    __aeabi_memset8                          0x0800026f   Thumb Code     0  memseta.o(.text)
    __aeabi_memclr                           0x0800027d   Thumb Code     4  memseta.o(.text)
    __aeabi_memclr4                          0x0800027d   Thumb Code     0  memseta.o(.text)
    __aeabi_memclr8                          0x0800027d   Thumb Code     0  memseta.o(.text)
    _memset$wrapper                          0x08000281   Thumb Code    18  memseta.o(.text)
    __aeabi_dadd                             0x08000293   Thumb Code   322  dadd.o(.text)
    __aeabi_dsub                             0x080003d5   Thumb Code     6  dadd.o(.text)
    __aeabi_drsub                            0x080003db   Thumb Code     6  dadd.o(.text)
    __aeabi_dmul                             0x080003e1   Thumb Code   228  dmul.o(.text)
    __aeabi_ddiv                             0x080004c5   Thumb Code   222  ddiv.o(.text)
    __aeabi_f2d                              0x080005a3   Thumb Code    38  f2d.o(.text)
    __aeabi_d2f                              0x080005c9   Thumb Code    56  d2f.o(.text)
    __aeabi_llsl                             0x08000601   Thumb Code    30  llshl.o(.text)
    _ll_shift_l                              0x08000601   Thumb Code     0  llshl.o(.text)
    __aeabi_llsr                             0x0800061f   Thumb Code    32  llushr.o(.text)
    _ll_ushift_r                             0x0800061f   Thumb Code     0  llushr.o(.text)
    __aeabi_lasr                             0x0800063f   Thumb Code    36  llsshr.o(.text)
    _ll_sshift_r                             0x0800063f   Thumb Code     0  llsshr.o(.text)
    __I$use$fp                               0x08000663   Thumb Code     0  iusefp.o(.text)
    _float_round                             0x08000663   Thumb Code    18  fepilogue.o(.text)
    _float_epilogue                          0x08000675   Thumb Code    92  fepilogue.o(.text)
    _double_round                            0x080006d1   Thumb Code    30  depilogue.o(.text)
    _double_epilogue                         0x080006ef   Thumb Code   156  depilogue.o(.text)
    _dsqrt                                   0x0800078b   Thumb Code   162  dsqrt.o(.text)
    __scatterload                            0x0800082d   Thumb Code    28  init.o(.text)
    __scatterload_rt2                        0x0800082d   Thumb Code     0  init.o(.text)
    BusFault_Handler                         0x08000851   Thumb Code     2  stm32f4xx_it.o(i.BusFault_Handler)
    CAN1_RX0_IRQHandler                      0x08000855   Thumb Code     6  stm32f4xx_it.o(i.CAN1_RX0_IRQHandler)
    CANFilterInit                            0x08000861   Thumb Code    78  wtr_can.o(i.CANFilterInit)
    CanDataDecode                            0x080008b1   Thumb Code    22  wtr_can.o(i.CanDataDecode)
    CanTransmit_DJI_1234                     0x080008cd   Thumb Code    96  dji.o(i.CanTransmit_DJI_1234)
    DJI_CanMsgDecode                         0x08000931   Thumb Code    56  dji.o(i.DJI_CanMsgDecode)
    DJI_Init                                 0x0800096d   Thumb Code   120  dji.o(i.DJI_Init)
    DJI_Update                               0x08000a05   Thumb Code   252  dji.o(i.DJI_Update)
    DMA2_Stream1_IRQHandler                  0x08000b15   Thumb Code     6  stm32f4xx_it.o(i.DMA2_Stream1_IRQHandler)
    DMA2_Stream2_IRQHandler                  0x08000b21   Thumb Code     6  stm32f4xx_it.o(i.DMA2_Stream2_IRQHandler)
    DebugMon_Handler                         0x08000bd1   Thumb Code     2  stm32f4xx_it.o(i.DebugMon_Handler)
    ElectroMag_ctrl                          0x08000bd5   Thumb Code   132  wtr_mission.o(i.ElectroMag_ctrl)
    Error_Handler                            0x08000c65   Thumb Code     4  main.o(i.Error_Handler)
    GM6020_CanMsgDecode                      0x08000c69   Thumb Code    22  gm6020.o(i.GM6020_CanMsgDecode)
    GM6020_Init                              0x08000c81   Thumb Code    80  gm6020.o(i.GM6020_Init)
    GM6020_Update                            0x08000ce9   Thumb Code   240  gm6020.o(i.GM6020_Update)
    HAL_CAN_ActivateNotification             0x08000dfd   Thumb Code    36  stm32f4xx_hal_can.o(i.HAL_CAN_ActivateNotification)
    HAL_CAN_AddTxMessage                     0x08000e21   Thumb Code   220  stm32f4xx_hal_can.o(i.HAL_CAN_AddTxMessage)
    HAL_CAN_ConfigFilter                     0x08000efd   Thumb Code   262  stm32f4xx_hal_can.o(i.HAL_CAN_ConfigFilter)
    HAL_CAN_ErrorCallback                    0x08001009   Thumb Code     2  stm32f4xx_hal_can.o(i.HAL_CAN_ErrorCallback)
    HAL_CAN_GetRxMessage                     0x0800100b   Thumb Code   232  stm32f4xx_hal_can.o(i.HAL_CAN_GetRxMessage)
    HAL_CAN_GetTxMailboxesFreeLevel          0x080010f3   Thumb Code    44  stm32f4xx_hal_can.o(i.HAL_CAN_GetTxMailboxesFreeLevel)
    HAL_CAN_IRQHandler                       0x0800111f   Thumb Code   508  stm32f4xx_hal_can.o(i.HAL_CAN_IRQHandler)
    HAL_CAN_Init                             0x0800131b   Thumb Code   282  stm32f4xx_hal_can.o(i.HAL_CAN_Init)
    HAL_CAN_MspInit                          0x08001435   Thumb Code   106  can.o(i.HAL_CAN_MspInit)
    HAL_CAN_RxFifo0FullCallback              0x080014ad   Thumb Code     2  stm32f4xx_hal_can.o(i.HAL_CAN_RxFifo0FullCallback)
    HAL_CAN_RxFifo0MsgPendingCallback        0x080014b1   Thumb Code    46  wtr_can.o(i.HAL_CAN_RxFifo0MsgPendingCallback)
    HAL_CAN_RxFifo1FullCallback              0x080014e5   Thumb Code     2  stm32f4xx_hal_can.o(i.HAL_CAN_RxFifo1FullCallback)
    HAL_CAN_RxFifo1MsgPendingCallback        0x080014e7   Thumb Code     2  stm32f4xx_hal_can.o(i.HAL_CAN_RxFifo1MsgPendingCallback)
    HAL_CAN_SleepCallback                    0x080014e9   Thumb Code     2  stm32f4xx_hal_can.o(i.HAL_CAN_SleepCallback)
    HAL_CAN_Start                            0x080014ed   Thumb Code    88  stm32f4xx_hal_can.o(i.HAL_CAN_Start)
    HAL_CAN_TxMailbox0AbortCallback          0x08001545   Thumb Code     2  stm32f4xx_hal_can.o(i.HAL_CAN_TxMailbox0AbortCallback)
    HAL_CAN_TxMailbox0CompleteCallback       0x08001547   Thumb Code     2  stm32f4xx_hal_can.o(i.HAL_CAN_TxMailbox0CompleteCallback)
    HAL_CAN_TxMailbox1AbortCallback          0x08001549   Thumb Code     2  stm32f4xx_hal_can.o(i.HAL_CAN_TxMailbox1AbortCallback)
    HAL_CAN_TxMailbox1CompleteCallback       0x0800154b   Thumb Code     2  stm32f4xx_hal_can.o(i.HAL_CAN_TxMailbox1CompleteCallback)
    HAL_CAN_TxMailbox2AbortCallback          0x0800154d   Thumb Code     2  stm32f4xx_hal_can.o(i.HAL_CAN_TxMailbox2AbortCallback)
    HAL_CAN_TxMailbox2CompleteCallback       0x0800154f   Thumb Code     2  stm32f4xx_hal_can.o(i.HAL_CAN_TxMailbox2CompleteCallback)
    HAL_CAN_WakeUpFromRxMsgCallback          0x08001551   Thumb Code     2  stm32f4xx_hal_can.o(i.HAL_CAN_WakeUpFromRxMsgCallback)
    HAL_DMA_Abort                            0x08001553   Thumb Code   142  stm32f4xx_hal_dma.o(i.HAL_DMA_Abort)
    HAL_DMA_Abort_IT                         0x080015e1   Thumb Code    36  stm32f4xx_hal_dma.o(i.HAL_DMA_Abort_IT)
    HAL_DMA_IRQHandler                       0x08001605   Thumb Code   412  stm32f4xx_hal_dma.o(i.HAL_DMA_IRQHandler)
    HAL_DMA_Init                             0x080017a5   Thumb Code   206  stm32f4xx_hal_dma.o(i.HAL_DMA_Init)
    HAL_DMA_Start_IT                         0x08001879   Thumb Code   110  stm32f4xx_hal_dma.o(i.HAL_DMA_Start_IT)
    HAL_GPIO_Init                            0x080018e9   Thumb Code   508  stm32f4xx_hal_gpio.o(i.HAL_GPIO_Init)
    HAL_GPIO_TogglePin                       0x08001b19   Thumb Code    16  stm32f4xx_hal_gpio.o(i.HAL_GPIO_TogglePin)
    HAL_GPIO_WritePin                        0x08001b29   Thumb Code    10  stm32f4xx_hal_gpio.o(i.HAL_GPIO_WritePin)
    HAL_GetTick                              0x08001b35   Thumb Code     6  stm32f4xx_hal.o(i.HAL_GetTick)
    HAL_IncTick                              0x08001b41   Thumb Code    12  stm32f4xx_hal.o(i.HAL_IncTick)
    HAL_Init                                 0x08001b51   Thumb Code    48  stm32f4xx_hal.o(i.HAL_Init)
    HAL_InitTick                             0x08001b85   Thumb Code    54  stm32f4xx_hal.o(i.HAL_InitTick)
    HAL_MspInit                              0x08001bc5   Thumb Code    42  stm32f4xx_hal_msp.o(i.HAL_MspInit)
    HAL_NVIC_EnableIRQ                       0x08001bf5   Thumb Code    26  stm32f4xx_hal_cortex.o(i.HAL_NVIC_EnableIRQ)
    HAL_NVIC_SetPriority                     0x08001c11   Thumb Code    60  stm32f4xx_hal_cortex.o(i.HAL_NVIC_SetPriority)
    HAL_NVIC_SetPriorityGrouping             0x08001c51   Thumb Code    26  stm32f4xx_hal_cortex.o(i.HAL_NVIC_SetPriorityGrouping)
    HAL_PWREx_EnableOverDrive                0x08001c75   Thumb Code    98  stm32f4xx_hal_pwr_ex.o(i.HAL_PWREx_EnableOverDrive)
    HAL_RCC_ClockConfig                      0x08001ce5   Thumb Code   288  stm32f4xx_hal_rcc.o(i.HAL_RCC_ClockConfig)
    HAL_RCC_GetPCLK1Freq                     0x08001e19   Thumb Code    20  stm32f4xx_hal_rcc.o(i.HAL_RCC_GetPCLK1Freq)
    HAL_RCC_GetPCLK2Freq                     0x08001e39   Thumb Code    20  stm32f4xx_hal_rcc.o(i.HAL_RCC_GetPCLK2Freq)
    HAL_RCC_GetSysClockFreq                  0x08001e59   Thumb Code    88  stm32f4xx_hal_rcc.o(i.HAL_RCC_GetSysClockFreq)
    HAL_RCC_OscConfig                        0x08001ebd   Thumb Code   856  stm32f4xx_hal_rcc.o(i.HAL_RCC_OscConfig)
    HAL_SPI_Init                             0x08002229   Thumb Code   188  stm32f4xx_hal_spi.o(i.HAL_SPI_Init)
    HAL_SPI_MspInit                          0x080022e5   Thumb Code    94  spi.o(i.HAL_SPI_MspInit)
    HAL_SYSTICK_Config                       0x08002351   Thumb Code    40  stm32f4xx_hal_cortex.o(i.HAL_SYSTICK_Config)
    HAL_TIMEx_BreakCallback                  0x08002379   Thumb Code     2  stm32f4xx_hal_tim_ex.o(i.HAL_TIMEx_BreakCallback)
    HAL_TIMEx_CommutCallback                 0x0800237b   Thumb Code     2  stm32f4xx_hal_tim_ex.o(i.HAL_TIMEx_CommutCallback)
    HAL_TIMEx_MasterConfigSynchronization    0x0800237d   Thumb Code   116  stm32f4xx_hal_tim_ex.o(i.HAL_TIMEx_MasterConfigSynchronization)
    HAL_TIM_Base_Init                        0x0800240d   Thumb Code    90  stm32f4xx_hal_tim.o(i.HAL_TIM_Base_Init)
    HAL_TIM_Base_MspInit                     0x08002469   Thumb Code    50  tim.o(i.HAL_TIM_Base_MspInit)
    HAL_TIM_Base_Start_IT                    0x080024a5   Thumb Code   100  stm32f4xx_hal_tim.o(i.HAL_TIM_Base_Start_IT)
    HAL_TIM_ConfigClockSource                0x08002525   Thumb Code   214  stm32f4xx_hal_tim.o(i.HAL_TIM_ConfigClockSource)
    HAL_TIM_IC_CaptureCallback               0x080025fb   Thumb Code     2  stm32f4xx_hal_tim.o(i.HAL_TIM_IC_CaptureCallback)
    HAL_TIM_IRQHandler                       0x080025fd   Thumb Code   358  stm32f4xx_hal_tim.o(i.HAL_TIM_IRQHandler)
    HAL_TIM_OC_DelayElapsedCallback          0x08002763   Thumb Code     2  stm32f4xx_hal_tim.o(i.HAL_TIM_OC_DelayElapsedCallback)
    HAL_TIM_PWM_PulseFinishedCallback        0x08002765   Thumb Code     2  stm32f4xx_hal_tim.o(i.HAL_TIM_PWM_PulseFinishedCallback)
    HAL_TIM_PeriodElapsedCallback            0x08002769   Thumb Code    26  wtr_tim.o(i.HAL_TIM_PeriodElapsedCallback)
    HAL_TIM_TriggerCallback                  0x08002789   Thumb Code     2  stm32f4xx_hal_tim.o(i.HAL_TIM_TriggerCallback)
    HAL_UARTEx_RxEventCallback               0x0800278b   Thumb Code     2  stm32f4xx_hal_uart.o(i.HAL_UARTEx_RxEventCallback)
    HAL_UART_ErrorCallback                   0x0800278d   Thumb Code     2  stm32f4xx_hal_uart.o(i.HAL_UART_ErrorCallback)
    HAL_UART_IRQHandler                      0x08002791   Thumb Code   522  stm32f4xx_hal_uart.o(i.HAL_UART_IRQHandler)
    HAL_UART_Init                            0x080029a1   Thumb Code    98  stm32f4xx_hal_uart.o(i.HAL_UART_Init)
    HAL_UART_MspInit                         0x08002a05   Thumb Code   264  usart.o(i.HAL_UART_MspInit)
    HAL_UART_Receive_DMA                     0x08002b29   Thumb Code    42  stm32f4xx_hal_uart.o(i.HAL_UART_Receive_DMA)
    HAL_UART_RxCpltCallback                  0x08002b55   Thumb Code    54  wtr_uart.o(i.HAL_UART_RxCpltCallback)
    HAL_UART_RxHalfCpltCallback              0x08002b9d   Thumb Code     2  stm32f4xx_hal_uart.o(i.HAL_UART_RxHalfCpltCallback)
    HAL_UART_TxCpltCallback                  0x08002b9f   Thumb Code     2  stm32f4xx_hal_uart.o(i.HAL_UART_TxCpltCallback)
    HardFault_Handler                        0x08002ba1   Thumb Code     2  stm32f4xx_it.o(i.HardFault_Handler)
    M3508_ctrl                               0x08002ba5   Thumb Code   122  wtr_mission.o(i.M3508_ctrl)
    MX_CAN1_Init                             0x08002c31   Thumb Code    56  can.o(i.MX_CAN1_Init)
    MX_DMA_Init                              0x08002c71   Thumb Code    56  dma.o(i.MX_DMA_Init)
    MX_GPIO_Init                             0x08002cad   Thumb Code   252  gpio.o(i.MX_GPIO_Init)
    MX_SPI4_Init                             0x08002dbd   Thumb Code    62  spi.o(i.MX_SPI4_Init)
    MX_TIM1_Init                             0x08002e05   Thumb Code    96  tim.o(i.MX_TIM1_Init)
    MX_USART1_UART_Init                      0x08002e6d   Thumb Code    50  usart.o(i.MX_USART1_UART_Init)
    MX_USART6_UART_Init                      0x08002ead   Thumb Code    48  usart.o(i.MX_USART6_UART_Init)
    MemManage_Handler                        0x08002ee5   Thumb Code     2  stm32f4xx_it.o(i.MemManage_Handler)
    NMI_Handler                              0x08002ee7   Thumb Code     2  stm32f4xx_it.o(i.NMI_Handler)
    PID_Calc                                 0x08002ee9   Thumb Code   130  wtr_definition.o(i.PID_Calc)
    PendSV_Handler                           0x08002f6b   Thumb Code     2  stm32f4xx_it.o(i.PendSV_Handler)
    SVC_Handler                              0x08002f6d   Thumb Code     2  stm32f4xx_it.o(i.SVC_Handler)
    SysTick_Handler                          0x08002f6f   Thumb Code     4  stm32f4xx_it.o(i.SysTick_Handler)
    SystemClock_Config                       0x08002f75   Thumb Code   150  main.o(i.SystemClock_Config)
    SystemInit                               0x08003015   Thumb Code    12  system_stm32f4xx.o(i.SystemInit)
    TIM1_UP_TIM10_IRQHandler                 0x08003025   Thumb Code     6  stm32f4xx_it.o(i.TIM1_UP_TIM10_IRQHandler)
    TIM_Base_SetConfig                       0x08003031   Thumb Code   156  stm32f4xx_hal_tim.o(i.TIM_Base_SetConfig)
    TIM_ETR_SetConfig                        0x080030f9   Thumb Code    20  stm32f4xx_hal_tim.o(i.TIM_ETR_SetConfig)
    UART1Decode                              0x08003165   Thumb Code    74  wtr_uart.o(i.UART1Decode)
    UART6Decode                              0x080031b9   Thumb Code   200  wtr_uart.o(i.UART6Decode)
    UART_Start_Receive_DMA                   0x08003561   Thumb Code    98  stm32f4xx_hal_uart.o(i.UART_Start_Receive_DMA)
    USART6_IRQHandler                        0x080035d1   Thumb Code     6  stm32f4xx_it.o(i.USART6_IRQHandler)
    UsageFault_Handler                       0x080035dd   Thumb Code     2  stm32f4xx_it.o(i.UsageFault_Handler)
    WTR_Init                                 0x080035e1   Thumb Code    76  wtr_init.o(i.WTR_Init)
    __hardfp_sqrt                            0x08003671   Thumb Code   122  sqrt.o(i.__hardfp_sqrt)
    __scatterload_copy                       0x080036eb   Thumb Code    14  handlers.o(i.__scatterload_copy)
    __scatterload_null                       0x080036f9   Thumb Code     2  handlers.o(i.__scatterload_null)
    __scatterload_zeroinit                   0x080036fb   Thumb Code    14  handlers.o(i.__scatterload_zeroinit)
    __set_errno                              0x08003709   Thumb Code     6  errno.o(i.__set_errno)
    get_dji_offset                           0x08003715   Thumb Code    46  dji.o(i.get_dji_offset)
    laser_init                               0x08003749   Thumb Code    52  wtr_init.o(i.laser_init)
    main                                     0x08003785   Thumb Code    52  main.o(i.main)
    moveToTargetPoint                        0x080037c1   Thumb Code   246  m3508_ctrl.o(i.moveToTargetPoint)
    trapezoidPlanning                        0x080038d9   Thumb Code   526  m3508_ctrl.o(i.trapezoidPlanning)
    header                                   0x08003b00   Data           2  wtr_definition.o(.constdata)
    AHBPrescTable                            0x08003b0a   Data          16  system_stm32f4xx.o(.constdata)
    APBPrescTable                            0x08003b1a   Data           8  system_stm32f4xx.o(.constdata)
    Region$$Table$$Base                      0x08003b24   Number         0  anon$$obj.o(Region$$Table)
    Region$$Table$$Limit                     0x08003b44   Number         0  anon$$obj.o(Region$$Table)
    Kc                                       0x20000004   Data           4  m3508_ctrl.o(.data)
    CanReceiveData                           0x20000014   Data           8  wtr_definition.o(.data)
    uwTickFreq                               0x2000001c   Data           1  stm32f4xx_hal.o(.data)
    uwTickPrio                               0x20000020   Data           4  stm32f4xx_hal.o(.data)
    uwTick                                   0x20000024   Data           4  stm32f4xx_hal.o(.data)
    SystemCoreClock                          0x20000028   Data           4  system_stm32f4xx.o(.data)
    hcan1                                    0x20000030   Data          40  can.o(.bss)
    hspi4                                    0x20000058   Data          88  spi.o(.bss)
    htim1                                    0x200000b0   Data          72  tim.o(.bss)
    huart1                                   0x200000f8   Data          68  usart.o(.bss)
    huart6                                   0x2000013c   Data          68  usart.o(.bss)
    hdma_usart1_rx                           0x20000180   Data          96  usart.o(.bss)
    hdma_usart6_rx                           0x200001e0   Data          96  usart.o(.bss)
    hDJI                                     0x20000240   Data        1120  dji.o(.bss)
    h6020s                                   0x200006bc   Data         756  gm6020.o(.bss)
    cur_tar                                  0x200009c8   Data          24  m3508_ctrl.o(.bss)
    recvMsg                                  0x200009e0   Data          31  wtr_definition.o(.bss)
    sendBag                                  0x200009ff   Data          33  wtr_definition.o(.bss)
    JoyStickReceiveData                      0x20000a20   Data          18  wtr_definition.o(.bss)
    UART6ReceiveData                         0x20000a32   Data          66  wtr_definition.o(.bss)
    Raw_Data                                 0x20000a74   Data          10  wtr_uart.o(.bss)
    __initial_sp                             0x20000e80   Data           0  startup_stm32f427xx.o(STACK)



==============================================================================

Memory Map of the image

  Image Entry point : 0x080001ad

  Load Region LR_IROM1 (Base: 0x08000000, Size: 0x00003b74, Max: 0x00200000, ABSOLUTE)

    Execution Region ER_IROM1 (Exec base: 0x08000000, Load base: 0x08000000, Size: 0x00003b44, Max: 0x00200000, ABSOLUTE)

    Exec Addr    Load Addr    Size         Type   Attr      Idx    E Section Name        Object

    0x08000000   0x08000000   0x000001ac   Data   RO            3    RESET               startup_stm32f427xx.o
    0x080001ac   0x080001ac   0x00000000   Code   RO         4091  * .ARM.Collect$$$$00000000  mc_w.l(entry.o)
    0x080001ac   0x080001ac   0x00000004   Code   RO         4114    .ARM.Collect$$$$00000001  mc_w.l(entry2.o)
    0x080001b0   0x080001b0   0x00000004   Code   RO         4117    .ARM.Collect$$$$00000004  mc_w.l(entry5.o)
    0x080001b4   0x080001b4   0x00000000   Code   RO         4119    .ARM.Collect$$$$00000008  mc_w.l(entry7b.o)
    0x080001b4   0x080001b4   0x00000000   Code   RO         4121    .ARM.Collect$$$$0000000A  mc_w.l(entry8b.o)
    0x080001b4   0x080001b4   0x00000008   Code   RO         4122    .ARM.Collect$$$$0000000B  mc_w.l(entry9a.o)
    0x080001bc   0x080001bc   0x00000004   Code   RO         4129    .ARM.Collect$$$$0000000E  mc_w.l(entry12b.o)
    0x080001c0   0x080001c0   0x00000000   Code   RO         4124    .ARM.Collect$$$$0000000F  mc_w.l(entry10a.o)
    0x080001c0   0x080001c0   0x00000000   Code   RO         4126    .ARM.Collect$$$$00000011  mc_w.l(entry11a.o)
    0x080001c0   0x080001c0   0x00000004   Code   RO         4115    .ARM.Collect$$$$00002712  mc_w.l(entry2.o)
    0x080001c4   0x080001c4   0x00000024   Code   RO            4    .text               startup_stm32f427xx.o
    0x080001e8   0x080001e8   0x00000062   Code   RO         4094    .text               mc_w.l(uldiv.o)
    0x0800024a   0x0800024a   0x00000024   Code   RO         4096    .text               mc_w.l(memcpya.o)
    0x0800026e   0x0800026e   0x00000024   Code   RO         4098    .text               mc_w.l(memseta.o)
    0x08000292   0x08000292   0x0000014e   Code   RO         4102    .text               mf_w.l(dadd.o)
    0x080003e0   0x080003e0   0x000000e4   Code   RO         4104    .text               mf_w.l(dmul.o)
    0x080004c4   0x080004c4   0x000000de   Code   RO         4106    .text               mf_w.l(ddiv.o)
    0x080005a2   0x080005a2   0x00000026   Code   RO         4110    .text               mf_w.l(f2d.o)
    0x080005c8   0x080005c8   0x00000038   Code   RO         4112    .text               mf_w.l(d2f.o)
    0x08000600   0x08000600   0x0000001e   Code   RO         4130    .text               mc_w.l(llshl.o)
    0x0800061e   0x0800061e   0x00000020   Code   RO         4132    .text               mc_w.l(llushr.o)
    0x0800063e   0x0800063e   0x00000024   Code   RO         4134    .text               mc_w.l(llsshr.o)
    0x08000662   0x08000662   0x00000000   Code   RO         4143    .text               mc_w.l(iusefp.o)
    0x08000662   0x08000662   0x0000006e   Code   RO         4144    .text               mf_w.l(fepilogue.o)
    0x080006d0   0x080006d0   0x000000ba   Code   RO         4146    .text               mf_w.l(depilogue.o)
    0x0800078a   0x0800078a   0x000000a2   Code   RO         4148    .text               mf_w.l(dsqrt.o)
    0x0800082c   0x0800082c   0x00000024   Code   RO         4152    .text               mc_w.l(init.o)
    0x08000850   0x08000850   0x00000002   Code   RO          411    i.BusFault_Handler  stm32f4xx_it.o
    0x08000852   0x08000852   0x00000002   PAD
    0x08000854   0x08000854   0x0000000c   Code   RO          412    i.CAN1_RX0_IRQHandler  stm32f4xx_it.o
    0x08000860   0x08000860   0x0000004e   Code   RO          702    i.CANFilterInit     wtr_can.o
    0x080008ae   0x080008ae   0x00000002   PAD
    0x080008b0   0x080008b0   0x0000001c   Code   RO          703    i.CanDataDecode     wtr_can.o
    0x080008cc   0x080008cc   0x00000064   Code   RO          541    i.CanTransmit_DJI_1234  dji.o
    0x08000930   0x08000930   0x0000003c   Code   RO          543    i.DJI_CanMsgDecode  dji.o
    0x0800096c   0x0800096c   0x00000098   Code   RO          544    i.DJI_Init          dji.o
    0x08000a04   0x08000a04   0x00000110   Code   RO          545    i.DJI_Update        dji.o
    0x08000b14   0x08000b14   0x0000000c   Code   RO          413    i.DMA2_Stream1_IRQHandler  stm32f4xx_it.o
    0x08000b20   0x08000b20   0x0000000c   Code   RO          414    i.DMA2_Stream2_IRQHandler  stm32f4xx_it.o
    0x08000b2c   0x08000b2c   0x00000028   Code   RO         1689    i.DMA_CalcBaseAndBitshift  stm32f4xx_hal_dma.o
    0x08000b54   0x08000b54   0x00000054   Code   RO         1690    i.DMA_CheckFifoParam  stm32f4xx_hal_dma.o
    0x08000ba8   0x08000ba8   0x00000028   Code   RO         1691    i.DMA_SetConfig     stm32f4xx_hal_dma.o
    0x08000bd0   0x08000bd0   0x00000002   Code   RO          415    i.DebugMon_Handler  stm32f4xx_it.o
    0x08000bd2   0x08000bd2   0x00000002   PAD
    0x08000bd4   0x08000bd4   0x00000090   Code   RO          806    i.ElectroMag_ctrl   wtr_mission.o
    0x08000c64   0x08000c64   0x00000004   Code   RO           13    i.Error_Handler     main.o
    0x08000c68   0x08000c68   0x00000016   Code   RO          604    i.GM6020_CanMsgDecode  gm6020.o
    0x08000c7e   0x08000c7e   0x00000002   PAD
    0x08000c80   0x08000c80   0x00000068   Code   RO          605    i.GM6020_Init       gm6020.o
    0x08000ce8   0x08000ce8   0x00000114   Code   RO          606    i.GM6020_Update     gm6020.o
    0x08000dfc   0x08000dfc   0x00000024   Code   RO          945    i.HAL_CAN_ActivateNotification  stm32f4xx_hal_can.o
    0x08000e20   0x08000e20   0x000000dc   Code   RO          946    i.HAL_CAN_AddTxMessage  stm32f4xx_hal_can.o
    0x08000efc   0x08000efc   0x0000010c   Code   RO          947    i.HAL_CAN_ConfigFilter  stm32f4xx_hal_can.o
    0x08001008   0x08001008   0x00000002   Code   RO          950    i.HAL_CAN_ErrorCallback  stm32f4xx_hal_can.o
    0x0800100a   0x0800100a   0x000000e8   Code   RO          953    i.HAL_CAN_GetRxMessage  stm32f4xx_hal_can.o
    0x080010f2   0x080010f2   0x0000002c   Code   RO          955    i.HAL_CAN_GetTxMailboxesFreeLevel  stm32f4xx_hal_can.o
    0x0800111e   0x0800111e   0x000001fc   Code   RO          957    i.HAL_CAN_IRQHandler  stm32f4xx_hal_can.o
    0x0800131a   0x0800131a   0x0000011a   Code   RO          958    i.HAL_CAN_Init      stm32f4xx_hal_can.o
    0x08001434   0x08001434   0x00000078   Code   RO          214    i.HAL_CAN_MspInit   can.o
    0x080014ac   0x080014ac   0x00000002   Code   RO          965    i.HAL_CAN_RxFifo0FullCallback  stm32f4xx_hal_can.o
    0x080014ae   0x080014ae   0x00000002   PAD
    0x080014b0   0x080014b0   0x00000034   Code   RO          704    i.HAL_CAN_RxFifo0MsgPendingCallback  wtr_can.o
    0x080014e4   0x080014e4   0x00000002   Code   RO          967    i.HAL_CAN_RxFifo1FullCallback  stm32f4xx_hal_can.o
    0x080014e6   0x080014e6   0x00000002   Code   RO          968    i.HAL_CAN_RxFifo1MsgPendingCallback  stm32f4xx_hal_can.o
    0x080014e8   0x080014e8   0x00000002   Code   RO          969    i.HAL_CAN_SleepCallback  stm32f4xx_hal_can.o
    0x080014ea   0x080014ea   0x00000002   PAD
    0x080014ec   0x080014ec   0x00000058   Code   RO          970    i.HAL_CAN_Start     stm32f4xx_hal_can.o
    0x08001544   0x08001544   0x00000002   Code   RO          972    i.HAL_CAN_TxMailbox0AbortCallback  stm32f4xx_hal_can.o
    0x08001546   0x08001546   0x00000002   Code   RO          973    i.HAL_CAN_TxMailbox0CompleteCallback  stm32f4xx_hal_can.o
    0x08001548   0x08001548   0x00000002   Code   RO          974    i.HAL_CAN_TxMailbox1AbortCallback  stm32f4xx_hal_can.o
    0x0800154a   0x0800154a   0x00000002   Code   RO          975    i.HAL_CAN_TxMailbox1CompleteCallback  stm32f4xx_hal_can.o
    0x0800154c   0x0800154c   0x00000002   Code   RO          976    i.HAL_CAN_TxMailbox2AbortCallback  stm32f4xx_hal_can.o
    0x0800154e   0x0800154e   0x00000002   Code   RO          977    i.HAL_CAN_TxMailbox2CompleteCallback  stm32f4xx_hal_can.o
    0x08001550   0x08001550   0x00000002   Code   RO          979    i.HAL_CAN_WakeUpFromRxMsgCallback  stm32f4xx_hal_can.o
    0x08001552   0x08001552   0x0000008e   Code   RO         1692    i.HAL_DMA_Abort     stm32f4xx_hal_dma.o
    0x080015e0   0x080015e0   0x00000024   Code   RO         1693    i.HAL_DMA_Abort_IT  stm32f4xx_hal_dma.o
    0x08001604   0x08001604   0x000001a0   Code   RO         1697    i.HAL_DMA_IRQHandler  stm32f4xx_hal_dma.o
    0x080017a4   0x080017a4   0x000000d4   Code   RO         1698    i.HAL_DMA_Init      stm32f4xx_hal_dma.o
    0x08001878   0x08001878   0x0000006e   Code   RO         1702    i.HAL_DMA_Start_IT  stm32f4xx_hal_dma.o
    0x080018e6   0x080018e6   0x00000002   PAD
    0x080018e8   0x080018e8   0x00000230   Code   RO         1585    i.HAL_GPIO_Init     stm32f4xx_hal_gpio.o
    0x08001b18   0x08001b18   0x00000010   Code   RO         1588    i.HAL_GPIO_TogglePin  stm32f4xx_hal_gpio.o
    0x08001b28   0x08001b28   0x0000000a   Code   RO         1589    i.HAL_GPIO_WritePin  stm32f4xx_hal_gpio.o
    0x08001b32   0x08001b32   0x00000002   PAD
    0x08001b34   0x08001b34   0x0000000c   Code   RO         2137    i.HAL_GetTick       stm32f4xx_hal.o
    0x08001b40   0x08001b40   0x00000010   Code   RO         2143    i.HAL_IncTick       stm32f4xx_hal.o
    0x08001b50   0x08001b50   0x00000034   Code   RO         2144    i.HAL_Init          stm32f4xx_hal.o
    0x08001b84   0x08001b84   0x00000040   Code   RO         2145    i.HAL_InitTick      stm32f4xx_hal.o
    0x08001bc4   0x08001bc4   0x00000030   Code   RO          517    i.HAL_MspInit       stm32f4xx_hal_msp.o
    0x08001bf4   0x08001bf4   0x0000001a   Code   RO         1992    i.HAL_NVIC_EnableIRQ  stm32f4xx_hal_cortex.o
    0x08001c0e   0x08001c0e   0x00000002   PAD
    0x08001c10   0x08001c10   0x00000040   Code   RO         1998    i.HAL_NVIC_SetPriority  stm32f4xx_hal_cortex.o
    0x08001c50   0x08001c50   0x00000024   Code   RO         1999    i.HAL_NVIC_SetPriorityGrouping  stm32f4xx_hal_cortex.o
    0x08001c74   0x08001c74   0x00000070   Code   RO         1921    i.HAL_PWREx_EnableOverDrive  stm32f4xx_hal_pwr_ex.o
    0x08001ce4   0x08001ce4   0x00000134   Code   RO         1179    i.HAL_RCC_ClockConfig  stm32f4xx_hal_rcc.o
    0x08001e18   0x08001e18   0x00000020   Code   RO         1186    i.HAL_RCC_GetPCLK1Freq  stm32f4xx_hal_rcc.o
    0x08001e38   0x08001e38   0x00000020   Code   RO         1187    i.HAL_RCC_GetPCLK2Freq  stm32f4xx_hal_rcc.o
    0x08001e58   0x08001e58   0x00000064   Code   RO         1188    i.HAL_RCC_GetSysClockFreq  stm32f4xx_hal_rcc.o
    0x08001ebc   0x08001ebc   0x0000036c   Code   RO         1191    i.HAL_RCC_OscConfig  stm32f4xx_hal_rcc.o
    0x08002228   0x08002228   0x000000bc   Code   RO         2403    i.HAL_SPI_Init      stm32f4xx_hal_spi.o
    0x080022e4   0x080022e4   0x0000006c   Code   RO          280    i.HAL_SPI_MspInit   spi.o
    0x08002350   0x08002350   0x00000028   Code   RO         2003    i.HAL_SYSTICK_Config  stm32f4xx_hal_cortex.o
    0x08002378   0x08002378   0x00000002   Code   RO         3420    i.HAL_TIMEx_BreakCallback  stm32f4xx_hal_tim_ex.o
    0x0800237a   0x0800237a   0x00000002   Code   RO         3421    i.HAL_TIMEx_CommutCallback  stm32f4xx_hal_tim_ex.o
    0x0800237c   0x0800237c   0x00000090   Code   RO         3439    i.HAL_TIMEx_MasterConfigSynchronization  stm32f4xx_hal_tim_ex.o
    0x0800240c   0x0800240c   0x0000005a   Code   RO         2716    i.HAL_TIM_Base_Init  stm32f4xx_hal_tim.o
    0x08002466   0x08002466   0x00000002   PAD
    0x08002468   0x08002468   0x0000003c   Code   RO          322    i.HAL_TIM_Base_MspInit  tim.o
    0x080024a4   0x080024a4   0x00000080   Code   RO         2721    i.HAL_TIM_Base_Start_IT  stm32f4xx_hal_tim.o
    0x08002524   0x08002524   0x000000d6   Code   RO         2725    i.HAL_TIM_ConfigClockSource  stm32f4xx_hal_tim.o
    0x080025fa   0x080025fa   0x00000002   Code   RO         2750    i.HAL_TIM_IC_CaptureCallback  stm32f4xx_hal_tim.o
    0x080025fc   0x080025fc   0x00000166   Code   RO         2764    i.HAL_TIM_IRQHandler  stm32f4xx_hal_tim.o
    0x08002762   0x08002762   0x00000002   Code   RO         2767    i.HAL_TIM_OC_DelayElapsedCallback  stm32f4xx_hal_tim.o
    0x08002764   0x08002764   0x00000002   Code   RO         2794    i.HAL_TIM_PWM_PulseFinishedCallback  stm32f4xx_hal_tim.o
    0x08002766   0x08002766   0x00000002   PAD
    0x08002768   0x08002768   0x00000020   Code   RO          871    i.HAL_TIM_PeriodElapsedCallback  wtr_tim.o
    0x08002788   0x08002788   0x00000002   Code   RO         2807    i.HAL_TIM_TriggerCallback  stm32f4xx_hal_tim.o
    0x0800278a   0x0800278a   0x00000002   Code   RO         3698    i.HAL_UARTEx_RxEventCallback  stm32f4xx_hal_uart.o
    0x0800278c   0x0800278c   0x00000002   Code   RO         3712    i.HAL_UART_ErrorCallback  stm32f4xx_hal_uart.o
    0x0800278e   0x0800278e   0x00000002   PAD
    0x08002790   0x08002790   0x00000210   Code   RO         3715    i.HAL_UART_IRQHandler  stm32f4xx_hal_uart.o
    0x080029a0   0x080029a0   0x00000062   Code   RO         3716    i.HAL_UART_Init     stm32f4xx_hal_uart.o
    0x08002a02   0x08002a02   0x00000002   PAD
    0x08002a04   0x08002a04   0x00000124   Code   RO          364    i.HAL_UART_MspInit  usart.o
    0x08002b28   0x08002b28   0x0000002a   Code   RO         3720    i.HAL_UART_Receive_DMA  stm32f4xx_hal_uart.o
    0x08002b52   0x08002b52   0x00000002   PAD
    0x08002b54   0x08002b54   0x00000048   Code   RO          899    i.HAL_UART_RxCpltCallback  wtr_uart.o
    0x08002b9c   0x08002b9c   0x00000002   Code   RO         3723    i.HAL_UART_RxHalfCpltCallback  stm32f4xx_hal_uart.o
    0x08002b9e   0x08002b9e   0x00000002   Code   RO         3727    i.HAL_UART_TxCpltCallback  stm32f4xx_hal_uart.o
    0x08002ba0   0x08002ba0   0x00000002   Code   RO          416    i.HardFault_Handler  stm32f4xx_it.o
    0x08002ba2   0x08002ba2   0x00000002   PAD
    0x08002ba4   0x08002ba4   0x0000008c   Code   RO          811    i.M3508_ctrl        wtr_mission.o
    0x08002c30   0x08002c30   0x00000040   Code   RO          215    i.MX_CAN1_Init      can.o
    0x08002c70   0x08002c70   0x0000003c   Code   RO          255    i.MX_DMA_Init       dma.o
    0x08002cac   0x08002cac   0x00000110   Code   RO          189    i.MX_GPIO_Init      gpio.o
    0x08002dbc   0x08002dbc   0x00000048   Code   RO          281    i.MX_SPI4_Init      spi.o
    0x08002e04   0x08002e04   0x00000068   Code   RO          323    i.MX_TIM1_Init      tim.o
    0x08002e6c   0x08002e6c   0x00000040   Code   RO          365    i.MX_USART1_UART_Init  usart.o
    0x08002eac   0x08002eac   0x00000038   Code   RO          366    i.MX_USART6_UART_Init  usart.o
    0x08002ee4   0x08002ee4   0x00000002   Code   RO          417    i.MemManage_Handler  stm32f4xx_it.o
    0x08002ee6   0x08002ee6   0x00000002   Code   RO          418    i.NMI_Handler       stm32f4xx_it.o
    0x08002ee8   0x08002ee8   0x00000082   Code   RO          741    i.PID_Calc          wtr_definition.o
    0x08002f6a   0x08002f6a   0x00000002   Code   RO          419    i.PendSV_Handler    stm32f4xx_it.o
    0x08002f6c   0x08002f6c   0x00000002   Code   RO          420    i.SVC_Handler       stm32f4xx_it.o
    0x08002f6e   0x08002f6e   0x00000004   Code   RO          421    i.SysTick_Handler   stm32f4xx_it.o
    0x08002f72   0x08002f72   0x00000002   PAD
    0x08002f74   0x08002f74   0x000000a0   Code   RO           14    i.SystemClock_Config  main.o
    0x08003014   0x08003014   0x00000010   Code   RO         4045    i.SystemInit        system_stm32f4xx.o
    0x08003024   0x08003024   0x0000000c   Code   RO          422    i.TIM1_UP_TIM10_IRQHandler  stm32f4xx_it.o
    0x08003030   0x08003030   0x000000c8   Code   RO         2809    i.TIM_Base_SetConfig  stm32f4xx_hal_tim.o
    0x080030f8   0x080030f8   0x00000014   Code   RO         2820    i.TIM_ETR_SetConfig  stm32f4xx_hal_tim.o
    0x0800310c   0x0800310c   0x00000010   Code   RO         2821    i.TIM_ITRx_SetConfig  stm32f4xx_hal_tim.o
    0x0800311c   0x0800311c   0x00000022   Code   RO         2827    i.TIM_TI1_ConfigInputStage  stm32f4xx_hal_tim.o
    0x0800313e   0x0800313e   0x00000024   Code   RO         2829    i.TIM_TI2_ConfigInputStage  stm32f4xx_hal_tim.o
    0x08003162   0x08003162   0x00000002   PAD
    0x08003164   0x08003164   0x00000054   Code   RO          900    i.UART1Decode       wtr_uart.o
    0x080031b8   0x080031b8   0x000000dc   Code   RO          901    i.UART6Decode       wtr_uart.o
    0x08003294   0x08003294   0x00000010   Code   RO         3729    i.UART_DMAAbortOnError  stm32f4xx_hal_uart.o
    0x080032a4   0x080032a4   0x0000004a   Code   RO         3730    i.UART_DMAError     stm32f4xx_hal_uart.o
    0x080032ee   0x080032ee   0x0000005a   Code   RO         3731    i.UART_DMAReceiveCplt  stm32f4xx_hal_uart.o
    0x08003348   0x08003348   0x0000001a   Code   RO         3733    i.UART_DMARxHalfCplt  stm32f4xx_hal_uart.o
    0x08003362   0x08003362   0x00000030   Code   RO         3739    i.UART_EndRxTransfer  stm32f4xx_hal_uart.o
    0x08003392   0x08003392   0x00000012   Code   RO         3740    i.UART_EndTxTransfer  stm32f4xx_hal_uart.o
    0x080033a4   0x080033a4   0x000000ae   Code   RO         3741    i.UART_Receive_IT   stm32f4xx_hal_uart.o
    0x08003452   0x08003452   0x00000002   PAD
    0x08003454   0x08003454   0x0000010c   Code   RO         3742    i.UART_SetConfig    stm32f4xx_hal_uart.o
    0x08003560   0x08003560   0x00000070   Code   RO         3743    i.UART_Start_Receive_DMA  stm32f4xx_hal_uart.o
    0x080035d0   0x080035d0   0x0000000c   Code   RO          423    i.USART6_IRQHandler  stm32f4xx_it.o
    0x080035dc   0x080035dc   0x00000002   Code   RO          424    i.UsageFault_Handler  stm32f4xx_it.o
    0x080035de   0x080035de   0x00000002   PAD
    0x080035e0   0x080035e0   0x00000070   Code   RO          776    i.WTR_Init          wtr_init.o
    0x08003650   0x08003650   0x00000020   Code   RO         2005    i.__NVIC_SetPriority  stm32f4xx_hal_cortex.o
    0x08003670   0x08003670   0x0000007a   Code   RO         4079    i.__hardfp_sqrt     m_wm.l(sqrt.o)
    0x080036ea   0x080036ea   0x0000000e   Code   RO         4156    i.__scatterload_copy  mc_w.l(handlers.o)
    0x080036f8   0x080036f8   0x00000002   Code   RO         4157    i.__scatterload_null  mc_w.l(handlers.o)
    0x080036fa   0x080036fa   0x0000000e   Code   RO         4158    i.__scatterload_zeroinit  mc_w.l(handlers.o)
    0x08003708   0x08003708   0x0000000c   Code   RO         4138    i.__set_errno       mc_w.l(errno.o)
    0x08003714   0x08003714   0x00000034   Code   RO          546    i.get_dji_offset    dji.o
    0x08003748   0x08003748   0x0000003c   Code   RO          777    i.laser_init        wtr_init.o
    0x08003784   0x08003784   0x0000003c   Code   RO           15    i.main              main.o
    0x080037c0   0x080037c0   0x00000118   Code   RO          661    i.moveToTargetPoint  m3508_ctrl.o
    0x080038d8   0x080038d8   0x00000228   Code   RO          662    i.trapezoidPlanning  m3508_ctrl.o
    0x08003b00   0x08003b00   0x00000002   Data   RO          746    .constdata          wtr_definition.o
    0x08003b02   0x08003b02   0x00000008   Data   RO         1704    .constdata          stm32f4xx_hal_dma.o
    0x08003b0a   0x08003b0a   0x00000010   Data   RO         4046    .constdata          system_stm32f4xx.o
    0x08003b1a   0x08003b1a   0x00000008   Data   RO         4047    .constdata          system_stm32f4xx.o
    0x08003b22   0x08003b22   0x00000002   PAD
    0x08003b24   0x08003b24   0x00000020   Data   RO         4154    Region$$Table       anon$$obj.o


    Execution Region RW_IRAM2 (Exec base: 0x10000000, Load base: 0x08003b74, Size: 0x00000000, Max: 0x00010000, ABSOLUTE)

    **** No section assigned to this execution region ****


    Execution Region RW_IRAM1 (Exec base: 0x20000000, Load base: 0x08003b44, Size: 0x00000e80, Max: 0x00030000, ABSOLUTE)

    Exec Addr    Load Addr    Size         Type   Attr      Idx    E Section Name        Object

    0x20000000   0x08003b44   0x00000004   Data   RW          548    .data               dji.o
    0x20000004   0x08003b48   0x00000010   Data   RW          664    .data               m3508_ctrl.o
    0x20000014   0x08003b58   0x00000008   Data   RW          747    .data               wtr_definition.o
    0x2000001c   0x08003b60   0x0000000c   Data   RW         2151    .data               stm32f4xx_hal.o
    0x20000028   0x08003b6c   0x00000004   Data   RW         4048    .data               system_stm32f4xx.o
    0x2000002c   0x08003b70   0x00000004   Data   RW         4139    .data               mc_w.l(errno.o)
    0x20000030        -       0x00000028   Zero   RW          216    .bss                can.o
    0x20000058        -       0x00000058   Zero   RW          282    .bss                spi.o
    0x200000b0        -       0x00000048   Zero   RW          324    .bss                tim.o
    0x200000f8        -       0x00000148   Zero   RW          367    .bss                usart.o
    0x20000240        -       0x00000460   Zero   RW          547    .bss                dji.o
    0x200006a0        -       0x00000310   Zero   RW          607    .bss                gm6020.o
    0x200009b0        -       0x00000030   Zero   RW          663    .bss                m3508_ctrl.o
    0x200009e0        -       0x0000001f   Zero   RW          742    .bss                wtr_definition.o
    0x200009ff        -       0x00000021   Zero   RW          743    .bss                wtr_definition.o
    0x20000a20        -       0x00000012   Zero   RW          744    .bss                wtr_definition.o
    0x20000a32        -       0x00000042   Zero   RW          745    .bss                wtr_definition.o
    0x20000a74        -       0x0000000a   Zero   RW          902    .bss                wtr_uart.o
    0x20000a7e   0x08003b74   0x00000002   PAD
    0x20000a80        -       0x00000400   Zero   RW            1    STACK               startup_stm32f427xx.o


==============================================================================

Image component sizes


      Code (inc. data)   RO Data    RW Data    ZI Data      Debug   Object Name

       184         22          0          0         40       1801   can.o
       636         66          0          4       1120       4826   dji.o
        60          4          0          0          0        898   dma.o
       402         60          0          0        784       3125   gm6020.o
       272         20          0          0          0       1215   gpio.o
       832         60          0         16         48       2913   m3508_ctrl.o
       224         18          0          0          0     759944   main.o
       180         24          0          0         88       1797   spi.o
        36          8        428          0       1024        832   startup_stm32f427xx.o
       144         24          0         12          0       9017   stm32f4xx_hal.o
      1702          6          0          0          0      15045   stm32f4xx_hal_can.o
       198         14          0          0          0      33923   stm32f4xx_hal_cortex.o
      1080         16          8          0          0       7434   stm32f4xx_hal_dma.o
       586         52          0          0          0       2957   stm32f4xx_hal_gpio.o
        48          6          0          0          0        970   stm32f4xx_hal_msp.o
       112         14          0          0          0       1400   stm32f4xx_hal_pwr_ex.o
      1348         76          0          0          0       5340   stm32f4xx_hal_rcc.o
       188          0          0          0          0       1311   stm32f4xx_hal_spi.o
      1104         72          0          0          0      10177   stm32f4xx_hal_tim.o
       148         28          0          0          0       2561   stm32f4xx_hal_tim_ex.o
      1502         30          0          0          0      12008   stm32f4xx_hal_uart.o
        80         30          0          0          0       6487   stm32f4xx_it.o
        16          4         24          4          0       1239   system_stm32f4xx.o
       164         18          0          0         72       1806   tim.o
       412         50          0          0        328       2709   usart.o
       158         12          0          0          0       2196   wtr_can.o
       130          0          2          8        148       2232   wtr_definition.o
       172         44          0          0          0       1060   wtr_init.o
       284         30          0          0          0       1143   wtr_mission.o
        32          6          0          0          0       1072   wtr_tim.o
       376         48          0          0         10       2977   wtr_uart.o

    ----------------------------------------------------------------------
     12848        862        496         44       3664     902415   Object Totals
         0          0         32          0          0          0   (incl. Generated)
        38          0          2          0          2          0   (incl. Padding)

    ----------------------------------------------------------------------

      Code (inc. data)   RO Data    RW Data    ZI Data      Debug   Library Member Name

       122          0          0          0          0        148   sqrt.o
         0          0          0          0          0          0   entry.o
         0          0          0          0          0          0   entry10a.o
         0          0          0          0          0          0   entry11a.o
         4          0          0          0          0          0   entry12b.o
         8          4          0          0          0          0   entry2.o
         4          0          0          0          0          0   entry5.o
         0          0          0          0          0          0   entry7b.o
         0          0          0          0          0          0   entry8b.o
         8          4          0          0          0          0   entry9a.o
        12          6          0          4          0         68   errno.o
        30          0          0          0          0          0   handlers.o
        36          8          0          0          0         68   init.o
         0          0          0          0          0          0   iusefp.o
        30          0          0          0          0         68   llshl.o
        36          0          0          0          0         68   llsshr.o
        32          0          0          0          0         68   llushr.o
        36          0          0          0          0         68   memcpya.o
        36          0          0          0          0        108   memseta.o
        98          0          0          0          0         92   uldiv.o
        56          0          0          0          0         88   d2f.o
       334          0          0          0          0        148   dadd.o
       222          0          0          0          0        100   ddiv.o
       186          0          0          0          0        176   depilogue.o
       228          0          0          0          0         96   dmul.o
       162          0          0          0          0        100   dsqrt.o
        38          0          0          0          0         68   f2d.o
       110          0          0          0          0        168   fepilogue.o

    ----------------------------------------------------------------------
      1828         22          0          4          0       1700   Library Totals
         0          0          0          0          0          0   (incl. Padding)

    ----------------------------------------------------------------------

      Code (inc. data)   RO Data    RW Data    ZI Data      Debug   Library Name

       122          0          0          0          0        148   m_wm.l
       370         22          0          4          0        608   mc_w.l
      1336          0          0          0          0        944   mf_w.l

    ----------------------------------------------------------------------
      1828         22          0          4          0       1700   Library Totals

    ----------------------------------------------------------------------

==============================================================================


      Code (inc. data)   RO Data    RW Data    ZI Data      Debug   

     14676        884        496         48       3664     891543   Grand Totals
     14676        884        496         48       3664     891543   ELF Image Totals
     14676        884        496         48          0          0   ROM Totals

==============================================================================

    Total RO  Size (Code + RO Data)                15172 (  14.82kB)
    Total RW  Size (RW Data + ZI Data)              3712 (   3.63kB)
    Total ROM Size (Code + RO Data + RW Data)      15220 (  14.86kB)

==============================================================================

